/home/bsc/ameba-rtos-pro2/component/file_system/fatfs/fatfs_ramdisk_api.c:24:9:RAM_disk_initialize	0	static
/home/bsc/ameba-rtos-pro2/component/file_system/fatfs/fatfs_ramdisk_api.c:58:9:RAM_disk_ioctl	0	static
/home/bsc/ameba-rtos-pro2/component/file_system/fatfs/fatfs_ramdisk_api.c:40:9:RAM_disk_read	8	static
/home/bsc/ameba-rtos-pro2/component/file_system/fatfs/fatfs_ramdisk_api.c:48:9:RAM_disk_write	8	static
/home/bsc/ameba-rtos-pro2/component/file_system/fatfs/fatfs_ramdisk_api.c:29:9:RAM_disk_status	0	static
/home/bsc/ameba-rtos-pro2/component/file_system/fatfs/fatfs_ramdisk_api.c:34:9:RAM_disk_deinitialize	0	static
/home/bsc/ameba-rtos-pro2/component/file_system/fatfs/fatfs_ramdisk_api.c:106:5:usb_ram_init	0	static
/home/bsc/ameba-rtos-pro2/component/file_system/fatfs/fatfs_ramdisk_api.c:111:5:usb_ram_deinit	0	static
/home/bsc/ameba-rtos-pro2/component/file_system/fatfs/fatfs_ramdisk_api.c:116:5:usb_ram_getcapacity	0	static
/home/bsc/ameba-rtos-pro2/component/file_system/fatfs/fatfs_ramdisk_api.c:121:5:usb_ram_readblocks	8	static
/home/bsc/ameba-rtos-pro2/component/file_system/fatfs/fatfs_ramdisk_api.c:126:5:usb_ram_writeblocks	8	static
/home/bsc/ameba-rtos-pro2/component/file_system/fatfs/fatfs_ramdisk_api.c:139:5:fatfs_ram_close	8	static
/home/bsc/ameba-rtos-pro2/component/file_system/fatfs/fatfs_ramdisk_api.c:160:5:fatfs_ram_init	168	static
/home/bsc/ameba-rtos-pro2/component/file_system/fatfs/fatfs_ramdisk_api.c:234:5:fatfs_ram_get_param	8	static
/home/bsc/ameba-rtos-pro2/component/file_system/fatfs/fatfs_ramdisk_api.c:245:5:fatfs_get_ram_free_space	24	static
/home/bsc/ameba-rtos-pro2/component/file_system/fatfs/fatfs_ramdisk_api.c:270:5:fatfs_get_ram_total_szie	24	static
/home/bsc/ameba-rtos-pro2/component/file_system/fatfs/fatfs_ramdisk_api.c:293:15:fatfs_ram_get_free_space_byte	24	static
/home/bsc/ameba-rtos-pro2/component/file_system/fatfs/fatfs_ramdisk_api.c:323:9:ram_scan_files	904	static
/home/bsc/ameba-rtos-pro2/component/file_system/fatfs/fatfs_ramdisk_api.c:365:6:fatfs_ram_reset	8	static
/home/bsc/ameba-rtos-pro2/component/file_system/fatfs/fatfs_ramdisk_api.c:376:6:fatfs_ram_list_files	272	static
/home/bsc/ameba-rtos-pro2/component/file_system/fatfs/fatfs_ramdisk_api.c:393:9:fatfs_ram_remove_file	8	static
/home/bsc/ameba-rtos-pro2/component/file_system/fatfs/fatfs_ramdisk_api.c:399:5:fatfs_ram_format	24	static
