/home/bsc/ameba-rtos-pro2/component/soc/8735b/fwlib/rtl8735b/include/hal_cache.h:143:22:dcache_clean_by_addr	8	static
/home/bsc/ameba-rtos-pro2/component/file_system/fwfs/fwfs.c:1029:5:nand_pfw_tell	0	static
/home/bsc/ameba-rtos-pro2/component/file_system/fwfs/fwfs.c:2005:5:addr_comparator	0	static
/home/bsc/ameba-rtos-pro2/component/file_system/fwfs/fwfs.c:2211:5:nor_pfw_tell	0	static
/home/bsc/ameba-rtos-pro2/component/file_system/fwfs/fwfs.c:2570:5:nor_pfw_seek	0	static
/home/bsc/ameba-rtos-pro2/component/file_system/fwfs/fwfs.c:1731:5:nand_pfw_seek	24	static
/home/bsc/ameba-rtos-pro2/component/file_system/fwfs/fwfs.c:451:6:nand_pfw_deinit	8	static
/home/bsc/ameba-rtos-pro2/component/file_system/fwfs/fwfs.c:1907:6:nor_pfw_deinit	8	static
/home/bsc/ameba-rtos-pro2/component/file_system/fwfs/fwfs.c:2204:6:nor_pfw_close	8	static
/home/bsc/ameba-rtos-pro2/component/file_system/fwfs/fwfs.c:2428:5:nor_pfw_read_mani_unpt	24	static
/home/bsc/ameba-rtos-pro2/component/file_system/fwfs/fwfs.c:2444:5:nor_pfw_write_mani_unpt	24	static
/home/bsc/ameba-rtos-pro2/component/file_system/fwfs/fwfs.c:1872:6:nor_pfw_init	64	static
/home/bsc/ameba-rtos-pro2/component/file_system/fwfs/fwfs.c:2479:5:nor_pfw_read_raw	16	static
/home/bsc/ameba-rtos-pro2/component/file_system/fwfs/fwfs.c:138:5:tlv_get_value	16	static
/home/bsc/ameba-rtos-pro2/component/file_system/fwfs/fwfs.c:247:6:pfw_dump_mem	40	static
/home/bsc/ameba-rtos-pro2/component/file_system/fwfs/fwfs.c:2786:6:fDUMP	80	static
/home/bsc/ameba-rtos-pro2/component/file_system/fwfs/fwfs.c:3090:6:fNAND	88	static
/home/bsc/ameba-rtos-pro2/component/file_system/fwfs/fwfs.c:303:5:nand_pfw_get_typeid	0	static
/home/bsc/ameba-rtos-pro2/component/file_system/fwfs/fwfs.c:312:5:nand_pfw_get_spare_version	0	static
/home/bsc/ameba-rtos-pro2/component/file_system/fwfs/fwfs.c:483:15:crc16	20	static
/home/bsc/ameba-rtos-pro2/component/file_system/fwfs/fwfs.c:545:13:__get_pt_name	0	static
/home/bsc/ameba-rtos-pro2/component/file_system/fwfs/fwfs.c:1914:6:nor_pfw_list	48	static
/home/bsc/ameba-rtos-pro2/component/file_system/fwfs/fwfs.c:555:10:__get_pt_type_id	16	static
/home/bsc/ameba-rtos-pro2/component/file_system/fwfs/fwfs.c:565:18:pfw_search_next	0	static
/home/bsc/ameba-rtos-pro2/component/file_system/fwfs/fwfs.c:580:18:pfw_search_next_type_id	8	static
/home/bsc/ameba-rtos-pro2/component/file_system/fwfs/fwfs.c:781:6:nand_pfw_list	56	static
/home/bsc/ameba-rtos-pro2/component/file_system/fwfs/fwfs.c:597:18:pfw_search_type_id	8	static
/home/bsc/ameba-rtos-pro2/component/file_system/fwfs/fwfs.c:619:18:nand_pfw_get_free_rec	0	static
/home/bsc/ameba-rtos-pro2/component/file_system/fwfs/fwfs.c:629:18:nand_pfw_extend_rec	8	static
/home/bsc/ameba-rtos-pro2/component/file_system/fwfs/fwfs.c:650:5:nand_pfw_check_badblock	16	static
/home/bsc/ameba-rtos-pro2/component/file_system/fwfs/fwfs.c:665:6:nand_pfw_add_badblock	16	static
/home/bsc/ameba-rtos-pro2/component/file_system/fwfs/fwfs.c:685:5:nand_pfw_mark_badblock	24	static
/home/bsc/ameba-rtos-pro2/component/file_system/fwfs/fwfs.c:704:6:nand_pfw_scan_badblock	32	static
/home/bsc/ameba-rtos-pro2/component/file_system/fwfs/fwfs.c:322:6:nand_pfw_init	40	static
/home/bsc/ameba-rtos-pro2/component/file_system/fwfs/fwfs.c:731:6:nand_pfw_badblock_sim_op	24	static
/home/bsc/ameba-rtos-pro2/component/file_system/fwfs/fwfs.c:755:6:pfw_list2	8	static
/home/bsc/ameba-rtos-pro2/component/file_system/fwfs/fwfs.c:1060:5:nand_pfw_read_normal	48	static
/home/bsc/ameba-rtos-pro2/component/file_system/fwfs/fwfs.c:1655:5:nand_pfw_read_mani_unpt	16	static
/home/bsc/ameba-rtos-pro2/component/file_system/fwfs/fwfs.c:1685:5:nand_pfw_read_raw	8	static
/home/bsc/ameba-rtos-pro2/component/file_system/fwfs/fwfs.c:1697:5:nand_pfw_read	16	static
/home/bsc/ameba-rtos-pro2/component/file_system/fwfs/fwfs.c:867:7:nand_pfw_open_by_typeid	32	static
/home/bsc/ameba-rtos-pro2/component/file_system/fwfs/fwfs.c:982:7:nand_pfw_open	40	dynamic
/home/bsc/ameba-rtos-pro2/component/file_system/fwfs/fwfs.c:1187:5:nand_pfw_update_ptable	64	static
/home/bsc/ameba-rtos-pro2/component/file_system/fwfs/fwfs.c:1306:5:nand_pfw_find_free_block	24	static
/home/bsc/ameba-rtos-pro2/component/file_system/fwfs/fwfs.c:1429:6:nand_pfw_update_vmap_blk_cnt	8	static
/home/bsc/ameba-rtos-pro2/component/file_system/fwfs/fwfs.c:1449:5:nand_pfw_flush_cache	56	static
/home/bsc/ameba-rtos-pro2/component/file_system/fwfs/fwfs.c:1039:6:nand_pfw_close	8	static
/home/bsc/ameba-rtos-pro2/component/file_system/fwfs/fwfs.c:1515:5:nand_pfw_update_cache	32	static
/home/bsc/ameba-rtos-pro2/component/file_system/fwfs/fwfs.c:1535:5:nand_pfw_update_flash	64	static
/home/bsc/ameba-rtos-pro2/component/file_system/fwfs/fwfs.c:1670:5:nand_pfw_write_mani_unpt	16	static
/home/bsc/ameba-rtos-pro2/component/file_system/fwfs/fwfs.c:1712:5:nand_pfw_write	8	static
/home/bsc/ameba-rtos-pro2/component/file_system/fwfs/fwfs.c:1691:5:nand_pfw_write_raw	8	static
/home/bsc/ameba-rtos-pro2/component/file_system/fwfs/fwfs.c:1650:5:nand_pfw_write_normal	8	static
/home/bsc/ameba-rtos-pro2/component/file_system/fwfs/fwfs.c:1940:14:nor_pfw_get_address	16	static
/home/bsc/ameba-rtos-pro2/component/file_system/fwfs/fwfs.c:1978:17:nor_pfw_search_type_id	16	static
/home/bsc/ameba-rtos-pro2/component/file_system/fwfs/fwfs.c:2019:10:nor_pfw_find_available_space	32	static
/home/bsc/ameba-rtos-pro2/component/file_system/fwfs/fwfs.c:2055:17:nor_pfw_get_free_rec	0	static
/home/bsc/ameba-rtos-pro2/component/file_system/fwfs/fwfs.c:2069:6:nor_pfw_update_ptable	16	static
/home/bsc/ameba-rtos-pro2/component/file_system/fwfs/fwfs.c:2081:7:nor_pfw_open_by_typeid	152	static
/home/bsc/ameba-rtos-pro2/component/file_system/fwfs/fwfs.c:2222:6:memcpy32	0	static
/home/bsc/ameba-rtos-pro2/component/file_system/fwfs/fwfs.c:2257:5:nor_pfw_read_normal	32	static
/home/bsc/ameba-rtos-pro2/component/file_system/fwfs/fwfs.c:2537:5:nor_pfw_read	8	static
/home/bsc/ameba-rtos-pro2/component/file_system/fwfs/fwfs.c:2151:7:nor_pfw_open	40	dynamic
/home/bsc/ameba-rtos-pro2/component/file_system/fwfs/fwfs.c:2293:5:nor_pfw_update_flash	40	static
/home/bsc/ameba-rtos-pro2/component/file_system/fwfs/fwfs.c:2510:5:nor_pfw_write_raw	16	static
/home/bsc/ameba-rtos-pro2/component/file_system/fwfs/fwfs.c:2371:5:nor_pfw_write_normal	8	static
/home/bsc/ameba-rtos-pro2/component/file_system/fwfs/fwfs.c:2552:5:nor_pfw_write	8	static
/home/bsc/ameba-rtos-pro2/component/file_system/fwfs/fwfs.c:2403:5:nor_pfw_read_mani	16	static
/home/bsc/ameba-rtos-pro2/component/file_system/fwfs/fwfs.c:2414:5:nor_pfw_write_mani	16	static
/home/bsc/ameba-rtos-pro2/component/file_system/fwfs/fwfs.c:2664:6:pfw_init	8	static
/home/bsc/ameba-rtos-pro2/component/file_system/fwfs/fwfs.c:2680:6:pfw_deinit	8	static
/home/bsc/ameba-rtos-pro2/component/file_system/fwfs/fwfs.c:2687:6:pfw_list	8	static
/home/bsc/ameba-rtos-pro2/component/file_system/fwfs/fwfs.c:2770:6:fLSFW	80	static
/home/bsc/ameba-rtos-pro2/component/file_system/fwfs/fwfs.c:2694:7:pfw_open_by_typeid	8	static
/home/bsc/ameba-rtos-pro2/component/file_system/fwfs/fwfs.c:2702:7:pfw_open	16	static
/home/bsc/ameba-rtos-pro2/component/file_system/fwfs/fwfs.c:2711:6:pfw_close	8	static
/home/bsc/ameba-rtos-pro2/component/file_system/fwfs/fwfs.c:2718:5:pfw_tell	8	static
/home/bsc/ameba-rtos-pro2/component/file_system/fwfs/fwfs.c:2726:5:pfw_read	8	static
/home/bsc/ameba-rtos-pro2/component/file_system/fwfs/fwfs.c:2734:5:pfw_write	8	static
/home/bsc/ameba-rtos-pro2/component/file_system/fwfs/fwfs.c:2835:6:fFWWT	16	static
/home/bsc/ameba-rtos-pro2/component/file_system/fwfs/fwfs.c:2742:5:pfw_seek	8	static
/home/bsc/ameba-rtos-pro2/component/file_system/fwfs/fwfs.c:2800:6:fFWRD	96	static
/home/bsc/ameba-rtos-pro2/component/file_system/fwfs/fwfs.c:2881:6:fFWW2	24	static
/home/bsc/ameba-rtos-pro2/component/file_system/fwfs/fwfs.c:2912:6:fFWRT	32	static
/home/bsc/ameba-rtos-pro2/component/file_system/fwfs/fwfs.c:2750:5:pfw_read_unpt	8	static
/home/bsc/ameba-rtos-pro2/component/file_system/fwfs/fwfs.c:2758:5:pfw_write_unpt	8	static
/home/bsc/ameba-rtos-pro2/component/file_system/fwfs/fwfs.c:3121:6:atcmd_pfw_init	8	static
