/home/bsc/ameba-rtos-pro2/component/media/mmfv2/module_video.c:795:5:video_handle	0	static
/home/bsc/ameba-rtos-pro2/component/media/mmfv2/module_video.c:892:7:video_new_item	0	static
/home/bsc/ameba-rtos-pro2/component/media/mmfv2/module_video.c:86:6:video_default_meta_cb	8	static
/home/bsc/ameba-rtos-pro2/component/media/mmfv2/module_video.c:124:6:video_ch4_delay_release_task	8	static
/home/bsc/ameba-rtos-pro2/component/media/mmfv2/module_video.c:800:7:video_destroy	8	static
/home/bsc/ameba-rtos-pro2/component/media/mmfv2/module_video.c:828:7:video_create	32	static
/home/bsc/ameba-rtos-pro2/component/media/mmfv2/module_video.c:897:7:video_del_item	8	static
/home/bsc/ameba-rtos-pro2/component/media/mmfv2/module_video.c:72:6:video_show_fps	0	static
/home/bsc/ameba-rtos-pro2/component/media/mmfv2/module_video.c:76:5:video_get_cb_fps	8	static
/home/bsc/ameba-rtos-pro2/component/media/mmfv2/module_video.c:93:6:video_meta_data_process	16	static
/home/bsc/ameba-rtos-pro2/component/media/mmfv2/module_video.c:135:6:video_ch4_delay_release	16	static
/home/bsc/ameba-rtos-pro2/component/media/mmfv2/module_video.c:156:6:video_frame_complete_cb	144	static
/home/bsc/ameba-rtos-pro2/component/media/mmfv2/module_video.c:911:7:video_voe_release_item	24	static
/home/bsc/ameba-rtos-pro2/component/media/mmfv2/module_video.c:952:5:video_voe_presetting	88	static
/home/bsc/ameba-rtos-pro2/component/media/mmfv2/module_video.c:1020:5:video_voe_presetting_by_params	152	static
/home/bsc/ameba-rtos-pro2/component/media/mmfv2/module_video.c:1107:5:video_extra_voe_presetting	16	static
/home/bsc/ameba-rtos-pro2/component/media/mmfv2/module_video.c:1118:6:video_voe_release	8	static
/home/bsc/ameba-rtos-pro2/component/media/mmfv2/module_video.c:1139:5:isp_get_id	16	static
/home/bsc/ameba-rtos-pro2/component/media/mmfv2/module_video.c:1159:5:isp_set_sensor	32	static
/home/bsc/ameba-rtos-pro2/component/media/mmfv2/module_video.c:1181:6:video_save_sensor_id	16	static
/home/bsc/ameba-rtos-pro2/component/media/mmfv2/module_video.c:433:5:video_control	56	static
/home/bsc/ameba-rtos-pro2/component/media/mmfv2/module_video.c:1192:6:video_set_sensor_id	8	static
/home/bsc/ameba-rtos-pro2/component/media/mmfv2/module_video.c:1201:6:video_setup_sensor	0	static
