/home/bsc/ameba-rtos-pro2/component/media/mmfv2/module_audio.c:149:12:audio_get_samplerate	8	static
/home/bsc/ameba-rtos-pro2/component/media/mmfv2/module_audio.c:172:13:audio_err_callback	8	static
/home/bsc/ameba-rtos-pro2/component/media/mmfv2/module_audio.c:1789:7:audio_new_item	8	static
/home/bsc/ameba-rtos-pro2/component/media/mmfv2/module_audio.c:1799:7:audio_del_item	8	static
/home/bsc/ameba-rtos-pro2/component/media/mmfv2/module_audio.c:973:13:set_audio_miceq	48	static
/home/bsc/ameba-rtos-pro2/component/media/mmfv2/module_audio.c:1015:13:set_audio_spkeq	48	static
/home/bsc/ameba-rtos-pro2/component/media/mmfv2/module_audio.c:717:13:audio_tx_asp_deinit	16	static
/home/bsc/ameba-rtos-pro2/component/media/mmfv2/module_audio.c:1038:12:set_audio_codec_init	32	static
/home/bsc/ameba-rtos-pro2/component/media/mmfv2/module_audio.c:190:13:audio_tx_complete	48	static
/home/bsc/ameba-rtos-pro2/component/media/mmfv2/module_audio.c:677:13:audio_tx_asp_init	32	static
/home/bsc/ameba-rtos-pro2/component/media/mmfv2/module_audio.c:952:13:set_audio_information_level.part.0	16	static
/home/bsc/ameba-rtos-pro2/component/media/mmfv2/module_audio.c:597:13:audio_rx_asp_init	40	static
/home/bsc/ameba-rtos-pro2/component/media/mmfv2/module_audio.c:744:13:audio_rx_handle_thread	56	static
/home/bsc/ameba-rtos-pro2/component/media/mmfv2/module_audio.c:1155:13:set_audio_codec_deinit	8	static
/home/bsc/ameba-rtos-pro2/component/media/mmfv2/module_audio.c:1651:5:audio_handle	40	static
/home/bsc/ameba-rtos-pro2/component/media/mmfv2/module_audio.c:284:13:audio_rx_complete	488	static
/home/bsc/ameba-rtos-pro2/component/media/mmfv2/module_audio.c:1695:7:audio_destroy	24	static
/home/bsc/ameba-rtos-pro2/component/media/mmfv2/module_audio.c:1746:7:audio_create	16	static
/home/bsc/ameba-rtos-pro2/component/media/mmfv2/module_audio.c:1174:5:audio_control	96	static
