/home/bsc/ameba-rtos-pro2/component/media/mmfv2/module_vipnn.c:1059:7:vipnn_del_item	8	static
/home/bsc/ameba-rtos-pro2/component/media/mmfv2/module_vipnn.c:1046:7:vipnn_new_item	8	static
/home/bsc/ameba-rtos-pro2/component/media/mmfv2/module_vipnn.c:444:5:vipnn_create_buffer_from_input	40	static
/home/bsc/ameba-rtos-pro2/component/media/mmfv2/module_vipnn.c:89:12:vipnn_handle	224	static
/home/bsc/ameba-rtos-pro2/component/media/mmfv2/module_vipnn.c:542:6:vipnn_dump_network_io_params	48	static
/home/bsc/ameba-rtos-pro2/component/media/mmfv2/module_vipnn.c:720:7:vipnn_allocate_videomemory	32	static
/home/bsc/ameba-rtos-pro2/component/media/mmfv2/module_vipnn.c:740:6:vipnn_free_videomemory	8	static
/home/bsc/ameba-rtos-pro2/component/media/mmfv2/module_vipnn.c:483:6:vipnn_deinited	24	static
/home/bsc/ameba-rtos-pro2/component/media/mmfv2/module_vipnn.c:516:7:vipnn_destroy	16	static
/home/bsc/ameba-rtos-pro2/component/media/mmfv2/module_vipnn.c:757:5:vipnn_hash_check	48	static
/home/bsc/ameba-rtos-pro2/component/media/mmfv2/module_vipnn.c:780:5:vipnn_signature_check	32	static
/home/bsc/ameba-rtos-pro2/component/media/mmfv2/module_vipnn.c:800:5:vipnn_get_fw_manifest_pubkey	16	static
/home/bsc/ameba-rtos-pro2/component/media/mmfv2/module_vipnn.c:828:5:vipnn_get_otp_seckey	8	static
/home/bsc/ameba-rtos-pro2/component/media/mmfv2/module_vipnn.c:848:5:vipnn_load_model	24	static
/home/bsc/ameba-rtos-pro2/component/media/mmfv2/module_vipnn.c:903:5:vipnn_deoply_network	64	static
/home/bsc/ameba-rtos-pro2/component/media/mmfv2/module_vipnn.c:366:5:vipnn_control	16	static
/home/bsc/ameba-rtos-pro2/component/media/mmfv2/module_vipnn.c:997:6:vipnn_hardware_init	8	static
/home/bsc/ameba-rtos-pro2/component/media/mmfv2/module_vipnn.c:1005:7:vipnn_create	24	static
