/home/bsc/ameba-rtos-pro2/component/soc/8735b/misc/platform/ota_8735b.c:42:6:sys_clear_ota_signature	64	static
/home/bsc/ameba-rtos-pro2/component/soc/8735b/misc/platform/ota_8735b.c:228:6:sys_recover_ota_signature	64	static
/home/bsc/ameba-rtos-pro2/component/soc/8735b/misc/platform/ota_8735b.c:385:5:ota_verify_signature	192	static
/home/bsc/ameba-rtos-pro2/component/soc/8735b/misc/platform/ota_8735b.c:471:5:ota_verify_flash_signature	16	static
/home/bsc/ameba-rtos-pro2/component/soc/8735b/misc/platform/ota_8735b.c:502:5:ota_flash_NOR	48	static
/home/bsc/ameba-rtos-pro2/component/soc/8735b/misc/platform/ota_8735b.c:607:5:ota_flash_NAND	104	static
/home/bsc/ameba-rtos-pro2/component/soc/8735b/misc/platform/ota_8735b.c:962:7:update_malloc	8	static
/home/bsc/ameba-rtos-pro2/component/soc/8735b/misc/platform/ota_8735b.c:967:6:update_free	8	static
/home/bsc/ameba-rtos-pro2/component/soc/8735b/misc/platform/ota_8735b.c:972:6:ota_platform_reset	8	static
/home/bsc/ameba-rtos-pro2/component/soc/8735b/misc/platform/ota_8735b.c:981:5:update_ota_connect_server	32	static
/home/bsc/ameba-rtos-pro2/component/soc/8735b/misc/platform/ota_8735b.c:1004:13:update_ota_local_task	96	static
/home/bsc/ameba-rtos-pro2/component/soc/8735b/misc/platform/ota_8735b.c:1163:5:update_ota_local	32	static
/home/bsc/ameba-rtos-pro2/component/soc/8735b/misc/platform/ota_8735b.c:1186:6:cmd_update	8	static
/home/bsc/ameba-rtos-pro2/component/soc/8735b/misc/platform/ota_8735b.c:1198:6:cmd_ota_image	8	static
/home/bsc/ameba-rtos-pro2/component/soc/8735b/misc/platform/ota_8735b.c:1213:5:parser_url	40	static
/home/bsc/ameba-rtos-pro2/component/soc/8735b/misc/platform/ota_8735b.c:1262:5:update_ota_http_connect_server	32	static
/home/bsc/ameba-rtos-pro2/component/soc/8735b/misc/platform/ota_8735b.c:1303:5:parse_http_response	64	static
/home/bsc/ameba-rtos-pro2/component/soc/8735b/misc/platform/ota_8735b.c:1457:5:http_update_ota	96	static
/home/bsc/ameba-rtos-pro2/component/soc/8735b/misc/platform/ota_8735b.c:1671:5:ext_storage_update_ota	80	static
/home/bsc/ameba-rtos-pro2/component/soc/8735b/misc/platform/ota_8735b.c:1839:5:ext_storage_update_boot_ota	72	static
