/home/bsc/ameba-rtos-pro2/component/lwip/api/lwip_netconf.c:541:13:netconf_do_dhcp_stop	8	static
/home/bsc/ameba-rtos-pro2/component/lwip/api/lwip_netconf.c:141:6:LwIP_set_compatibilty_enable	0	static
/home/bsc/ameba-rtos-pro2/component/lwip/api/lwip_netconf.c:146:6:LwIP_Init	64	static
/home/bsc/ameba-rtos-pro2/component/lwip/api/lwip_netconf.c:507:6:LwIP_ReleaseIP	24	static
/home/bsc/ameba-rtos-pro2/component/lwip/api/lwip_netconf.c:557:6:LwIP_DHCP_stop	32	static
/home/bsc/ameba-rtos-pro2/component/lwip/api/lwip_netconf.c:579:6:LwIP_etharp_find_addr	8	static
/home/bsc/ameba-rtos-pro2/component/lwip/api/lwip_netconf.c:586:6:LwIP_etharp_request	8	static
/home/bsc/ameba-rtos-pro2/component/lwip/api/lwip_netconf.c:593:5:netif_get_idx	0	static
/home/bsc/ameba-rtos-pro2/component/lwip/api/lwip_netconf.c:613:6:LwIP_netif_set_up	8	static
/home/bsc/ameba-rtos-pro2/component/lwip/api/lwip_netconf.c:619:6:LwIP_netif_set_down	8	static
/home/bsc/ameba-rtos-pro2/component/lwip/api/lwip_netconf.c:625:6:LwIP_netif_set_link_up	8	static
/home/bsc/ameba-rtos-pro2/component/lwip/api/lwip_netconf.c:631:6:LwIP_netif_set_link_down	8	static
/home/bsc/ameba-rtos-pro2/component/lwip/api/lwip_netconf.c:637:10:LwIP_GetMAC	0	static
/home/bsc/ameba-rtos-pro2/component/lwip/api/lwip_netconf.c:643:10:LwIP_GetIP	0	static
/home/bsc/ameba-rtos-pro2/component/lwip/api/lwip_netconf.c:764:10:LwIP_GetGW	0	static
/home/bsc/ameba-rtos-pro2/component/lwip/api/lwip_netconf.c:770:10:LwIP_GetMASK	0	static
/home/bsc/ameba-rtos-pro2/component/lwip/api/lwip_netconf.c:776:10:LwIP_GetDHCPSERVER	0	static
/home/bsc/ameba-rtos-pro2/component/lwip/api/lwip_netconf.c:789:6:LwIP_wlan_set_netif_info	16	static
/home/bsc/ameba-rtos-pro2/component/lwip/api/lwip_netconf.c:795:6:LwIP_ethernetif_recv	8	static
/home/bsc/ameba-rtos-pro2/component/lwip/api/lwip_netconf.c:800:5:LwIP_netif_is_valid_IP	16	static
/home/bsc/ameba-rtos-pro2/component/lwip/api/lwip_netconf.c:845:10:LwIP_GetBC	0	static
/home/bsc/ameba-rtos-pro2/component/lwip/api/lwip_netconf.c:860:6:LwIP_GetDNS	8	static
/home/bsc/ameba-rtos-pro2/component/lwip/api/lwip_netconf.c:870:6:LwIP_SetDNS	8	static
/home/bsc/ameba-rtos-pro2/component/lwip/api/lwip_netconf.c:876:6:LwIP_SetIP	24	static
/home/bsc/ameba-rtos-pro2/component/lwip/api/lwip_netconf.c:266:9:LwIP_DHCP	72	static
/home/bsc/ameba-rtos-pro2/component/lwip/api/lwip_netconf.c:913:6:LwIP_AUTOIP	48	static
/home/bsc/ameba-rtos-pro2/component/lwip/api/lwip_netconf.c:969:6:LwIP_AUTOIP_STOP	8	static
/home/bsc/ameba-rtos-pro2/component/lwip/api/lwip_netconf.c:991:10:LWIP_Get_Dynamic_Sleep_Interval	0	static
/home/bsc/ameba-rtos-pro2/component/lwip/api/lwip_netconf.c:1000:10:LwIP_GetXID	0	static
/home/bsc/ameba-rtos-pro2/component/lwip/api/lwip_netconf.c:1012:10:LwIP_GetLEASETIME	0	static
/home/bsc/ameba-rtos-pro2/component/lwip/api/lwip_netconf.c:1024:11:LwIP_GetLEASEUSED	0	static
/home/bsc/ameba-rtos-pro2/component/lwip/api/lwip_netconf.c:1036:10:LwIP_GetRENEWTIME	0	static
/home/bsc/ameba-rtos-pro2/component/lwip/api/lwip_netconf.c:1049:15:LwIP_ip4_route_src_hook	0	static
