/home/bsc/ameba-rtos-pro2/component/wifi/wpa_supplicant/wpa_supplicant/wifi_wps_config.c:354:13:wps_config_wifi_setting	16	static
/home/bsc/ameba-rtos-pro2/component/wifi/wpa_supplicant/wpa_supplicant/wifi_wps_config.c:724:21:wps_scan_result_handler	72	static
/home/bsc/ameba-rtos-pro2/component/wifi/wpa_supplicant/wpa_supplicant/wifi_wps_config.c:595:13:clean_discovered_ssids	16	static
/home/bsc/ameba-rtos-pro2/component/wifi/wpa_supplicant/wpa_supplicant/wifi_wps_config.c:445:12:wps_connect_to_AP_by_open_system	88	static
/home/bsc/ameba-rtos-pro2/component/wifi/wpa_supplicant/wpa_supplicant/wifi_wps_config.c:112:6:wifi_p2p_wps_success	0	static
/home/bsc/ameba-rtos-pro2/component/wifi/wpa_supplicant/wpa_supplicant/wifi_wps_config.c:122:6:wifi_p2p_wps_failed	0	static
/home/bsc/ameba-rtos-pro2/component/wifi/wpa_supplicant/wpa_supplicant/wifi_wps_config.c:129:7:wps_registrar_init	0	static
/home/bsc/ameba-rtos-pro2/component/wifi/wpa_supplicant/wpa_supplicant/wifi_wps_config.c:141:6:wps_registrar_deinit	0	static
/home/bsc/ameba-rtos-pro2/component/wifi/wpa_supplicant/wpa_supplicant/wifi_wps_config.c:150:7:wps_registrar_alloc	0	static
/home/bsc/ameba-rtos-pro2/component/wifi/wpa_supplicant/wpa_supplicant/wifi_wps_config.c:159:5:wps_registrar_process_msg	0	static
/home/bsc/ameba-rtos-pro2/component/wifi/wpa_supplicant/wpa_supplicant/wifi_wps_config.c:172:7:wps_registrar_get_msg	0	static
/home/bsc/ameba-rtos-pro2/component/wifi/wpa_supplicant/wpa_supplicant/wifi_wps_config.c:185:5:wps_registrar_add_pin	0	static
/home/bsc/ameba-rtos-pro2/component/wifi/wpa_supplicant/wpa_supplicant/wifi_wps_config.c:203:5:wps_registrar_button_pushed	0	static
/home/bsc/ameba-rtos-pro2/component/wifi/wpa_supplicant/wpa_supplicant/wifi_wps_config.c:216:5:wps_registrar_wps_cancel	0	static
/home/bsc/ameba-rtos-pro2/component/wifi/wpa_supplicant/wpa_supplicant/wifi_wps_config.c:228:6:wpas_wsc_ap_send_eap_reqidentity	0	static
/home/bsc/ameba-rtos-pro2/component/wifi/wpa_supplicant/wpa_supplicant/wifi_wps_config.c:238:6:wpas_wsc_ap_check_eap_rspidentity	0	static
/home/bsc/ameba-rtos-pro2/component/wifi/wpa_supplicant/wpa_supplicant/wifi_wps_config.c:248:6:wpas_wsc_registrar_send_eap_fail	0	static
/home/bsc/ameba-rtos-pro2/component/wifi/wpa_supplicant/wpa_supplicant/wifi_wps_config.c:257:6:wpas_wsc_registrar_handle_recvd	0	static
/home/bsc/ameba-rtos-pro2/component/wifi/wpa_supplicant/wpa_supplicant/wifi_wps_config.c:267:7:eap_wsc_server_process_hdl	0	static
/home/bsc/ameba-rtos-pro2/component/wifi/wpa_supplicant/wpa_supplicant/wifi_wps_config.c:280:6:eap_wsc_server_reset	0	static
/home/bsc/ameba-rtos-pro2/component/wifi/wpa_supplicant/wpa_supplicant/wifi_wps_config.c:299:6:wps_check_and_show_connection_info	184	static
/home/bsc/ameba-rtos-pro2/component/wifi/wpa_supplicant/wpa_supplicant/wifi_wps_config.c:406:12:wps_connect_to_AP_by_certificate	24	static
/home/bsc/ameba-rtos-pro2/component/wifi/wpa_supplicant/wpa_supplicant/wifi_wps_config.c:893:5:wps_start	344	static
/home/bsc/ameba-rtos-pro2/component/wifi/wpa_supplicant/wpa_supplicant/wifi_wps_config.c:1121:6:wps_stop	8	static
/home/bsc/ameba-rtos-pro2/component/wifi/wpa_supplicant/wpa_supplicant/wifi_wps_config.c:1232:5:wps_judge_staion_disconnect	184	static
/home/bsc/ameba-rtos-pro2/component/wifi/wpa_supplicant/wpa_supplicant/wifi_wps_config.c:1262:6:cmd_wps	40	static
