/home/bsc/ameba-rtos-pro2/component/wifi/wpa_supplicant/wpa_supplicant/wifi_eap_config.c:105:6:eap_disconnected_hdl	8	static
/home/bsc/ameba-rtos-pro2/component/wifi/wpa_supplicant/wpa_supplicant/wifi_eap_config.c:557:12:eap_verify	8	static
/home/bsc/ameba-rtos-pro2/component/wifi/wpa_supplicant/wpa_supplicant/wifi_eap_config.c:55:6:set_eap_phase	8	static
/home/bsc/ameba-rtos-pro2/component/wifi/wpa_supplicant/wpa_supplicant/wifi_eap_config.c:61:5:get_eap_phase	0	static
/home/bsc/ameba-rtos-pro2/component/wifi/wpa_supplicant/wpa_supplicant/wifi_eap_config.c:66:5:get_eap_method	0	static
/home/bsc/ameba-rtos-pro2/component/wifi/wpa_supplicant/wpa_supplicant/wifi_eap_config.c:72:6:eap_reset_config	0	static
/home/bsc/ameba-rtos-pro2/component/wifi/wpa_supplicant/wpa_supplicant/wifi_eap_config.c:83:6:judge_station_disconnect	184	static
/home/bsc/ameba-rtos-pro2/component/wifi/wpa_supplicant/wpa_supplicant/wifi_eap_config.c:289:5:connect_by_open_system	80	static
/home/bsc/ameba-rtos-pro2/component/wifi/wpa_supplicant/wpa_supplicant/wifi_eap_config.c:197:5:eap_start	16	static
/home/bsc/ameba-rtos-pro2/component/wifi/wpa_supplicant/wpa_supplicant/wifi_eap_config.c:322:6:eap_autoreconnect_thread	8	static
/home/bsc/ameba-rtos-pro2/component/wifi/wpa_supplicant/wpa_supplicant/wifi_eap_config.c:329:6:eap_autoreconnect_hdl	16	static
/home/bsc/ameba-rtos-pro2/component/wifi/wpa_supplicant/wpa_supplicant/wifi_eap_config.c:603:5:eap_cert_init	8	static
/home/bsc/ameba-rtos-pro2/component/wifi/wpa_supplicant/wpa_supplicant/wifi_eap_config.c:638:6:eap_client_cert_free	8	static
/home/bsc/ameba-rtos-pro2/component/wifi/wpa_supplicant/wpa_supplicant/wifi_eap_config.c:657:6:eap_server_cert_free	8	static
/home/bsc/ameba-rtos-pro2/component/wifi/wpa_supplicant/wpa_supplicant/wifi_eap_config.c:670:5:eap_cert_setup	48	static
