/home/bsc/ameba-rtos-pro2/component/lwip/lwip_v2.1.2/src/core/tcp_in.c:1958:1:tcp_get_next_optbyte	0	static
/home/bsc/ameba-rtos-pro2/component/lwip/lwip_v2.1.2/src/core/tcp_in.c:1100:1:tcp_oos_insert_segment	24	static
/home/bsc/ameba-rtos-pro2/component/lwip/lwip_v2.1.2/src/core/tcp_in.c:1979:1:tcp_parseopt	32	static
/home/bsc/ameba-rtos-pro2/component/lwip/lwip_v2.1.2/src/core/tcp_in.c:644:1:tcp_input_delayed_close	8	static
/home/bsc/ameba-rtos-pro2/component/lwip/lwip_v2.1.2/src/core/tcp_in.c:1137:1:tcp_free_acked_segments.constprop	32	static
/home/bsc/ameba-rtos-pro2/component/lwip/lwip_v2.1.2/src/core/tcp_in.c:1190:1:tcp_receive	32	static
/home/bsc/ameba-rtos-pro2/component/lwip/lwip_v2.1.2/src/core/tcp_in.c:115:6:tcp_set_resume_port	0	static
/home/bsc/ameba-rtos-pro2/component/lwip/lwip_v2.1.2/src/core/tcp_in.c:121:6:tcp_set_wakeup_port	8	static
/home/bsc/ameba-rtos-pro2/component/lwip/lwip_v2.1.2/src/core/tcp_in.c:126:6:tcp_set_resume_bypass_ooseq	0	static
/home/bsc/ameba-rtos-pro2/component/lwip/lwip_v2.1.2/src/core/tcp_in.c:131:6:tcp_set_resume_debug	0	static
/home/bsc/ameba-rtos-pro2/component/lwip/lwip_v2.1.2/src/core/tcp_in.c:148:1:tcp_input	72	static
/home/bsc/ameba-rtos-pro2/component/lwip/lwip_v2.1.2/src/core/tcp_in.c:2099:1:tcp_trigger_input_pcb_close	0	static
