/home/bsc/ameba-rtos-pro2/component/os/freertos/freertos_service.c:333:13:_freertos_cpu_lock	0	static
/home/bsc/ameba-rtos-pro2/component/os/freertos/freertos_service.c:496:12:_freertos_systime_to_ms	0	static
/home/bsc/ameba-rtos-pro2/component/os/freertos/freertos_service.c:501:12:_freertos_systime_to_sec	0	static
/home/bsc/ameba-rtos-pro2/component/os/freertos/freertos_service.c:511:12:_freertos_sec_to_systime	0	static
/home/bsc/ameba-rtos-pro2/component/os/freertos/freertos_service.c:710:12:_freertos_modular64	12	static
/home/bsc/ameba-rtos-pro2/component/os/freertos/freertos_service.c:884:13:_freertos_thread_enter	0	static
/home/bsc/ameba-rtos-pro2/component/os/freertos/freertos_service.c:1031:6:_freertos_wakelock_timeout	0	static
/home/bsc/ameba-rtos-pro2/component/os/freertos/freertos_service.c:254:13:_freertos_enter_critical	8	static
/home/bsc/ameba-rtos-pro2/component/os/freertos/freertos_service.c:267:13:_freertos_exit_critical	8	static
/home/bsc/ameba-rtos-pro2/component/os/freertos/freertos_service.c:281:13:_freertos_enter_critical_from_isr	8	static
/home/bsc/ameba-rtos-pro2/component/os/freertos/freertos_service.c:80:8:_freertos_malloc	8	static
/home/bsc/ameba-rtos-pro2/component/os/freertos/freertos_service.c:85:7:_freertos_zmalloc	16	static
/home/bsc/ameba-rtos-pro2/component/os/freertos/freertos_service.c:119:13:_freertos_memset	8	static
/home/bsc/ameba-rtos-pro2/component/os/freertos/freertos_service.c:96:6:_freertos_mfree	8	static
/home/bsc/ameba-rtos-pro2/component/os/freertos/freertos_service.c:918:14:_freertos_timerCreate	16	static
/home/bsc/ameba-rtos-pro2/component/os/freertos/freertos_service.c:930:5:_freertos_timerDelete	16	static
/home/bsc/ameba-rtos-pro2/component/os/freertos/freertos_service.c:941:6:_freertos_timerStop	16	static
/home/bsc/ameba-rtos-pro2/component/os/freertos/freertos_service.c:947:6:_freertos_timerChangePeriod	16	static
/home/bsc/ameba-rtos-pro2/component/os/freertos/freertos_service.c:974:6:_freertos_timerStopFromISR	16	static
/home/bsc/ameba-rtos-pro2/component/os/freertos/freertos_service.c:986:6:_freertos_timerChangePeriodFromISR	16	static
/home/bsc/ameba-rtos-pro2/component/os/freertos/freertos_service.c:936:5:_freertos_timerIsTimerActive	8	static
/home/bsc/ameba-rtos-pro2/component/os/freertos/freertos_service.c:956:7:_freertos_timerGetID	8	static
/home/bsc/ameba-rtos-pro2/component/os/freertos/freertos_service.c:962:6:_freertos_timerStart	24	static
/home/bsc/ameba-rtos-pro2/component/os/freertos/freertos_service.c:996:6:_freertos_timerReset	24	static
/home/bsc/ameba-rtos-pro2/component/os/freertos/freertos_service.c:726:12:_freertos_arc4random	8	static
/home/bsc/ameba-rtos-pro2/component/os/freertos/freertos_service.c:491:12:_freertos_get_current_time	8	static
/home/bsc/ameba-rtos-pro2/component/os/freertos/freertos_service.c:968:6:_freertos_timerStartFromISR	24	static
/home/bsc/ameba-rtos-pro2/component/os/freertos/freertos_service.c:980:6:_freertos_timerResetFromISR	24	static
/home/bsc/ameba-rtos-pro2/component/os/freertos/freertos_service.c:1043:4:_freertos_get_scheduler_state	8	static
/home/bsc/ameba-rtos-pro2/component/os/freertos/freertos_service.c:1072:7:_freertos_get_current_TaskHandle	8	static
/home/bsc/ameba-rtos-pro2/component/os/freertos/freertos_service.c:912:13:_freertos_thread_exit	8	static
/home/bsc/ameba-rtos-pro2/component/os/freertos/freertos_service.c:907:13:_freertos_resume_task_all	8	static
/home/bsc/ameba-rtos-pro2/component/os/freertos/freertos_service.c:902:13:_freertos_suspend_task_all	8	static
/home/bsc/ameba-rtos-pro2/component/os/freertos/freertos_service.c:897:13:_freertos_resume_task	8	static
/home/bsc/ameba-rtos-pro2/component/os/freertos/freertos_service.c:892:13:_freertos_suspend_task	8	static
/home/bsc/ameba-rtos-pro2/component/os/freertos/freertos_service.c:879:12:_freertos_get_priority_task	8	static
/home/bsc/ameba-rtos-pro2/component/os/freertos/freertos_service.c:874:13:_freertos_set_priority_task	8	static
/home/bsc/ameba-rtos-pro2/component/os/freertos/freertos_service.c:855:13:_freertos_delete_task	16	static
/home/bsc/ameba-rtos-pro2/component/os/freertos/freertos_service.c:802:12:_freertos_create_task	24	static
/home/bsc/ameba-rtos-pro2/component/os/freertos/freertos_service.c:797:12:_freertos_GetFreeHeapSize	8	static
/home/bsc/ameba-rtos-pro2/component/os/freertos/freertos_service.c:643:13:_freertos_ATOMIC_SUB	0	static
/home/bsc/ameba-rtos-pro2/component/os/freertos/freertos_service.c:659:13:_freertos_ATOMIC_DEC	8	static
/home/bsc/ameba-rtos-pro2/component/os/freertos/freertos_service.c:632:13:_freertos_ATOMIC_ADD	0	static
/home/bsc/ameba-rtos-pro2/component/os/freertos/freertos_service.c:654:13:_freertos_ATOMIC_INC	8	static
/home/bsc/ameba-rtos-pro2/component/os/freertos/freertos_service.c:621:12:_freertos_ATOMIC_READ	0	static
/home/bsc/ameba-rtos-pro2/component/os/freertos/freertos_service.c:682:12:_freertos_ATOMIC_SUB_RETURN	8	static
/home/bsc/ameba-rtos-pro2/component/os/freertos/freertos_service.c:705:12:_freertos_ATOMIC_DEC_RETURN	8	static
/home/bsc/ameba-rtos-pro2/component/os/freertos/freertos_service.c:664:12:_freertos_ATOMIC_ADD_RETURN	8	static
/home/bsc/ameba-rtos-pro2/component/os/freertos/freertos_service.c:700:12:_freertos_ATOMIC_INC_RETURN	8	static
/home/bsc/ameba-rtos-pro2/component/os/freertos/freertos_service.c:612:13:_freertos_ATOMIC_SET	0	static
/home/bsc/ameba-rtos-pro2/component/os/freertos/freertos_service.c:590:13:_freertos_yield_os	8	static
/home/bsc/ameba-rtos-pro2/component/os/freertos/freertos_service.c:538:13:_freertos_usleep_os	8	static
/home/bsc/ameba-rtos-pro2/component/os/freertos/freertos_service.c:516:13:_freertos_msleep_os	8	static
/home/bsc/ameba-rtos-pro2/component/os/freertos/freertos_service.c:480:12:_freertos_deinit_xqueue	16	static
/home/bsc/ameba-rtos-pro2/component/os/freertos/freertos_service.c:129:13:_freertos_free_sema	8	static
/home/bsc/ameba-rtos-pro2/component/os/freertos/freertos_service.c:174:13:_freertos_mutex_free	0	static
/home/bsc/ameba-rtos-pro2/component/os/freertos/freertos_service.c:373:13:_freertos_spinlock_free	0	static
/home/bsc/ameba-rtos-pro2/component/os/freertos/freertos_service.c:466:12:_freertos_peek_from_xqueue	16	static
/home/bsc/ameba-rtos-pro2/component/os/freertos/freertos_service.c:450:12:_freertos_pop_from_xqueue	16	static
/home/bsc/ameba-rtos-pro2/component/os/freertos/freertos_service.c:435:12:_freertos_push_to_xqueue	16	static
/home/bsc/ameba-rtos-pro2/component/os/freertos/freertos_service.c:415:13:_freertos_spinunlock_irqsave	8	static
/home/bsc/ameba-rtos-pro2/component/os/freertos/freertos_service.c:319:13:_freertos_exit_critical_mutex	8	static
/home/bsc/ameba-rtos-pro2/component/os/freertos/freertos_service.c:138:13:_freertos_up_sema	8	static
/home/bsc/ameba-rtos-pro2/component/os/freertos/freertos_service.c:394:13:_freertos_spinunlock	0	static
/home/bsc/ameba-rtos-pro2/component/os/freertos/freertos_service.c:423:12:_freertos_init_xqueue	8	static
/home/bsc/ameba-rtos-pro2/component/os/freertos/freertos_service.c:404:13:_freertos_spinlock_irqsave	16	static
/home/bsc/ameba-rtos-pro2/component/os/freertos/freertos_service.c:382:13:_freertos_spinlock	16	static
/home/bsc/ameba-rtos-pro2/component/os/freertos/freertos_service.c:301:12:_freertos_enter_critical_mutex	16	static
/home/bsc/ameba-rtos-pro2/component/os/freertos/freertos_service.c:150:12:_freertos_down_sema	8	static
/home/bsc/ameba-rtos-pro2/component/os/freertos/freertos_service.c:169:13:_freertos_mutex_init	8	static
/home/bsc/ameba-rtos-pro2/component/os/freertos/freertos_service.c:368:13:_freertos_spinlock_init	0	static
/home/bsc/ameba-rtos-pro2/component/os/freertos/freertos_service.c:292:13:_freertos_exit_critical_from_isr	8	static
/home/bsc/ameba-rtos-pro2/component/os/freertos/freertos_service.c:143:13:_freertos_up_sema_from_isr	16	static
/home/bsc/ameba-rtos-pro2/component/os/freertos/freertos_service.c:124:13:_freertos_init_sema	8	static
/home/bsc/ameba-rtos-pro2/component/os/freertos/freertos_service.c:109:12:_freertos_memcmp	8	static
/home/bsc/ameba-rtos-pro2/component/os/freertos/freertos_service.c:104:13:_freertos_memcpy	8	static
/home/bsc/ameba-rtos-pro2/component/os/freertos/freertos_service.c:755:12:_freertos_get_random_bytes	32	static
/home/bsc/ameba-rtos-pro2/component/os/freertos/freertos_service.c:222:12:_freertos_mutex_get_timeout	16	static
/home/bsc/ameba-rtos-pro2/component/os/freertos/freertos_service.c:204:13:_freertos_mutex_get	16	static
/home/bsc/ameba-rtos-pro2/component/os/freertos/freertos_service.c:243:13:_freertos_mutex_put	8	static
/home/bsc/ameba-rtos-pro2/component/os/freertos/freertos_service.c:506:12:_freertos_ms_to_systime	0	static
/home/bsc/ameba-rtos-pro2/component/os/freertos/freertos_service.c:1061:6:_freertos_create_secure_context	0	static
/home/bsc/ameba-rtos-pro2/component/os/freertos/freertos_service.c:1016:6:_freertos_release_wakelock	0	static
/home/bsc/ameba-rtos-pro2/component/os/freertos/freertos_service.c:1002:6:_freertos_acquire_wakelock	0	static
/home/bsc/ameba-rtos-pro2/component/os/freertos/freertos_service.c:348:13:_freertos_cpu_unlock	0	static
/home/bsc/ameba-rtos-pro2/component/os/freertos/freertos_service.c:553:13:_freertos_mdelay_os	8	static
/home/bsc/ameba-rtos-pro2/component/os/freertos/freertos_service.c:575:13:_freertos_udelay_os	8	static
/home/bsc/ameba-rtos-pro2/component/os/freertos/freertos_service.c:29:6:save_and_cli	8	static
/home/bsc/ameba-rtos-pro2/component/os/freertos/freertos_service.c:34:6:restore_flags	8	static
/home/bsc/ameba-rtos-pro2/component/os/freertos/freertos_service.c:39:6:cli	8	static
