/home/bsc/ameba-rtos-pro2/component/network/rtsp/rtsp_api.c:1900:13:rtp_service_unicast	64	static
/home/bsc/ameba-rtos-pro2/component/network/rtsp/rtsp_api.c:43:6:set_drop_frame_enable	0	static
/home/bsc/ameba-rtos-pro2/component/network/rtsp/rtsp_api.c:48:6:set_drop_frame_forcei	0	static
/home/bsc/ameba-rtos-pro2/component/network/rtsp/rtsp_api.c:53:6:set_h264_ctx	0	static
/home/bsc/ameba-rtos-pro2/component/network/rtsp/rtsp_api.c:58:6:set_rtp_drop_threshold	0	static
/home/bsc/ameba-rtos-pro2/component/network/rtsp/rtsp_api.c:63:6:set_packet_retry	0	static
/home/bsc/ameba-rtos-pro2/component/network/rtsp/rtsp_api.c:68:10:get_rtp_drop_threshold	0	static
/home/bsc/ameba-rtos-pro2/component/network/rtsp/rtsp_api.c:73:6:set_show_timestamp_diff	0	static
/home/bsc/ameba-rtos-pro2/component/network/rtsp/rtsp_api.c:78:10:get_show_timestamp_diff	0	static
/home/bsc/ameba-rtos-pro2/component/network/rtsp/rtsp_api.c:83:6:set_prefilter_packet	0	static
/home/bsc/ameba-rtos-pro2/component/network/rtsp/rtsp_api.c:88:6:time_sync_disable	8	static
/home/bsc/ameba-rtos-pro2/component/network/rtsp/rtsp_api.c:95:6:time_sync_enable	8	static
/home/bsc/ameba-rtos-pro2/component/network/rtsp/rtsp_api.c:102:6:set_rtsp_url	16	static
/home/bsc/ameba-rtos-pro2/component/network/rtsp/rtsp_api.c:112:5:check_rtsp_url	16	static
/home/bsc/ameba-rtos-pro2/component/network/rtsp/rtsp_api.c:130:10:rtsp_get_timestamp	8	static
/home/bsc/ameba-rtos-pro2/component/network/rtsp/rtsp_api.c:154:5:rtsp_get_number	16	static
/home/bsc/ameba-rtos-pro2/component/network/rtsp/rtsp_api.c:175:6:rtsp_put_number	16	static
/home/bsc/ameba-rtos-pro2/component/network/rtsp/rtsp_api.c:183:5:rtsp_parse_stream_media_type	0	static
/home/bsc/ameba-rtos-pro2/component/network/rtsp/rtsp_api.c:201:5:rtsp_connect_ctx_init	8	static
/home/bsc/ameba-rtos-pro2/component/network/rtsp/rtsp_api.c:213:6:rtsp_transport_init	20	static
/home/bsc/ameba-rtos-pro2/component/network/rtsp/rtsp_api.c:231:6:rtsp_session_init	0	static
/home/bsc/ameba-rtos-pro2/component/network/rtsp/rtsp_api.c:242:6:rtsp_stream_context_init	16	static
/home/bsc/ameba-rtos-pro2/component/network/rtsp/rtsp_api.c:268:6:rtsp_stream_context_clear	16	static
/home/bsc/ameba-rtos-pro2/component/network/rtsp/rtsp_api.c:284:6:rtp_stream_statistics_sync	8	static
/home/bsc/ameba-rtos-pro2/component/network/rtsp/rtsp_api.c:1995:6:rtp_service_init	24	static
/home/bsc/ameba-rtos-pro2/component/network/rtsp/rtsp_api.c:318:22:rtsp_context_create	32	static
/home/bsc/ameba-rtos-pro2/component/network/rtsp/rtsp_api.c:391:6:rtsp_context_free	16	static
/home/bsc/ameba-rtos-pro2/component/network/rtsp/rtsp_api.c:430:10:rtsp_get_request_len	8	static
/home/bsc/ameba-rtos-pro2/component/network/rtsp/rtsp_api.c:458:7:rtsp_parse_header_line	120	static
/home/bsc/ameba-rtos-pro2/component/network/rtsp/rtsp_api.c:573:7:rtsp_parse_body_line	104	static
/home/bsc/ameba-rtos-pro2/component/network/rtsp/rtsp_api.c:715:6:rtsp_parse_request	16	static
/home/bsc/ameba-rtos-pro2/component/network/rtsp/rtsp_api.c:732:9:rtsp_response_ok	8	static
/home/bsc/ameba-rtos-pro2/component/network/rtsp/rtsp_api.c:790:6:set_profile_lv_string	0	static
/home/bsc/ameba-rtos-pro2/component/network/rtsp/rtsp_api.c:795:6:set_sps_string	0	static
/home/bsc/ameba-rtos-pro2/component/network/rtsp/rtsp_api.c:800:6:set_pps_string	0	static
/home/bsc/ameba-rtos-pro2/component/network/rtsp/rtsp_api.c:811:7:safe_strcat	24	static
/home/bsc/ameba-rtos-pro2/component/network/rtsp/rtsp_api.c:951:6:rtsp_create_sdp	1096	static
/home/bsc/ameba-rtos-pro2/component/network/rtsp/rtsp_api.c:1034:6:rtsp_cmd_options	8	static
/home/bsc/ameba-rtos-pro2/component/network/rtsp/rtsp_api.c:1043:6:rtsp_cmd_getparm	8	static
/home/bsc/ameba-rtos-pro2/component/network/rtsp/rtsp_api.c:1052:6:rtsp_cmd_describe	808	static
/home/bsc/ameba-rtos-pro2/component/network/rtsp/rtsp_api.c:1070:6:rtsp_cmd_setup	32	static
/home/bsc/ameba-rtos-pro2/component/network/rtsp/rtsp_api.c:1110:6:rtsp_cmd_play	8	static
/home/bsc/ameba-rtos-pro2/component/network/rtsp/rtsp_api.c:1119:6:rtsp_cmd_pause	0	static
/home/bsc/ameba-rtos-pro2/component/network/rtsp/rtsp_api.c:1128:6:rtsp_cmd_teardown	0	static
/home/bsc/ameba-rtos-pro2/component/network/rtsp/rtsp_api.c:1137:6:rtsp_cmd_error	8	static
/home/bsc/ameba-rtos-pro2/component/network/rtsp/rtsp_api.c:1145:6:rtsp_cmd_unsupported_transport	8	static
/home/bsc/ameba-rtos-pro2/component/network/rtsp/rtsp_api.c:1153:6:rtsp_cmd_destination_unreachable	8	static
/home/bsc/ameba-rtos-pro2/component/network/rtsp/rtsp_api.c:1161:6:rtsp_enable_stream	0	static
/home/bsc/ameba-rtos-pro2/component/network/rtsp/rtsp_api.c:1166:6:rtsp_disable_stream	0	static
/home/bsc/ameba-rtos-pro2/component/network/rtsp/rtsp_api.c:1171:5:rtsp_is_stream_enabled	0	static
/home/bsc/ameba-rtos-pro2/component/network/rtsp/rtsp_api.c:1176:5:rtsp_enable_service	8	static
/home/bsc/ameba-rtos-pro2/component/network/rtsp/rtsp_api.c:1187:6:rtsp_disable_service	0	static
/home/bsc/ameba-rtos-pro2/component/network/rtsp/rtsp_api.c:1192:5:rtsp_is_service_enabled	0	static
/home/bsc/ameba-rtos-pro2/component/network/rtsp/rtsp_api.c:1197:6:rtsp_close_service	8	static
/home/bsc/ameba-rtos-pro2/component/network/rtsp/rtsp_api.c:1208:6:show_result_statistics	32	static
/home/bsc/ameba-rtos-pro2/component/network/rtsp/rtsp_api.c:1370:6:rtsp_start_service	304	static
/home/bsc/ameba-rtos-pro2/component/network/rtsp/rtsp_api.c:2041:6:rtsp_service_init	16	static
/home/bsc/ameba-rtos-pro2/component/network/rtsp/rtsp_api.c:2059:5:rtsp_open	24	static
/home/bsc/ameba-rtos-pro2/component/network/rtsp/rtsp_api.c:2087:6:rtsp_start	16	static
/home/bsc/ameba-rtos-pro2/component/network/rtsp/rtsp_api.c:2105:6:rtsp_stop	0	static
/home/bsc/ameba-rtos-pro2/component/network/rtsp/rtsp_api.c:2110:6:rtsp_close	8	static
/home/bsc/ameba-rtos-pro2/component/network/rtsp/rtsp_api.c:2115:6:rtp_object_in_stream_queue	24	static
/home/bsc/ameba-rtos-pro2/component/network/rtsp/rtsp_api.c:2124:20:rtp_object_out_stream_queue	24	static
