/home/bsc/ameba-rtos-pro2/component/lwip/lwip_v2.1.2/port/realtek/freertos/sys_arch.c:64:7:sys_mbox_new	8	static
/home/bsc/ameba-rtos-pro2/component/lwip/lwip_v2.1.2/port/realtek/freertos/sys_arch.c:88:6:sys_mbox_free	8	static
/home/bsc/ameba-rtos-pro2/component/lwip/lwip_v2.1.2/port/realtek/freertos/sys_arch.c:110:6:sys_mbox_post	16	static
/home/bsc/ameba-rtos-pro2/component/lwip/lwip_v2.1.2/port/realtek/freertos/sys_arch.c:118:7:sys_mbox_trypost	16	static
/home/bsc/ameba-rtos-pro2/component/lwip/lwip_v2.1.2/port/realtek/freertos/sys_arch.c:141:7:sys_mbox_trypost_fromisr	8	static
/home/bsc/ameba-rtos-pro2/component/lwip/lwip_v2.1.2/port/realtek/freertos/sys_arch.c:162:7:sys_arch_mbox_fetch	32	static
/home/bsc/ameba-rtos-pro2/component/lwip/lwip_v2.1.2/port/realtek/freertos/sys_arch.c:205:7:sys_arch_mbox_tryfetch	16	static
/home/bsc/ameba-rtos-pro2/component/lwip/lwip_v2.1.2/port/realtek/freertos/sys_arch.c:224:5:sys_mbox_valid	0	static
/home/bsc/ameba-rtos-pro2/component/lwip/lwip_v2.1.2/port/realtek/freertos/sys_arch.c:232:6:sys_mbox_set_invalid	0	static
/home/bsc/ameba-rtos-pro2/component/lwip/lwip_v2.1.2/port/realtek/freertos/sys_arch.c:238:10:sys_mbox_get_count	8	static
/home/bsc/ameba-rtos-pro2/component/lwip/lwip_v2.1.2/port/realtek/freertos/sys_arch.c:246:7:sys_sem_new	16	static
/home/bsc/ameba-rtos-pro2/component/lwip/lwip_v2.1.2/port/realtek/freertos/sys_arch.c:289:7:sys_arch_sem_wait	16	static
/home/bsc/ameba-rtos-pro2/component/lwip/lwip_v2.1.2/port/realtek/freertos/sys_arch.c:322:6:sys_sem_signal	8	static
/home/bsc/ameba-rtos-pro2/component/lwip/lwip_v2.1.2/port/realtek/freertos/sys_arch.c:329:6:sys_sem_free	8	static
/home/bsc/ameba-rtos-pro2/component/lwip/lwip_v2.1.2/port/realtek/freertos/sys_arch.c:338:5:sys_sem_valid	0	static
/home/bsc/ameba-rtos-pro2/component/lwip/lwip_v2.1.2/port/realtek/freertos/sys_arch.c:347:6:sys_sem_set_invalid	0	static
/home/bsc/ameba-rtos-pro2/component/lwip/lwip_v2.1.2/port/realtek/freertos/sys_arch.c:354:6:sys_init	0	static
/home/bsc/ameba-rtos-pro2/component/lwip/lwip_v2.1.2/port/realtek/freertos/sys_arch.c:382:22:sys_arch_timeouts	16	static
/home/bsc/ameba-rtos-pro2/component/lwip/lwip_v2.1.2/port/realtek/freertos/sys_arch.c:517:14:sys_thread_new	40	static
/home/bsc/ameba-rtos-pro2/component/lwip/lwip_v2.1.2/port/realtek/freertos/sys_arch.c:460:14:sys_thread_new_tcm	0	static
/home/bsc/ameba-rtos-pro2/component/lwip/lwip_v2.1.2/port/realtek/freertos/sys_arch.c:547:5:sys_thread_delete	24	static
/home/bsc/ameba-rtos-pro2/component/lwip/lwip_v2.1.2/port/realtek/freertos/sys_arch.c:606:12:sys_arch_protect	8	static
/home/bsc/ameba-rtos-pro2/component/lwip/lwip_v2.1.2/port/realtek/freertos/sys_arch.c:618:6:sys_arch_unprotect	8	static
/home/bsc/ameba-rtos-pro2/component/lwip/lwip_v2.1.2/port/realtek/freertos/sys_arch.c:627:6:sys_assert	8	static
/home/bsc/ameba-rtos-pro2/component/lwip/lwip_v2.1.2/port/realtek/freertos/sys_arch.c:639:7:sys_now	8	static
/home/bsc/ameba-rtos-pro2/component/lwip/lwip_v2.1.2/port/realtek/freertos/sys_arch.c:644:7:sys_jiffies	8	static
