/home/bsc/ameba-rtos-pro2/component/soc/8735b/fwlib/rtl8735b/include/hal_cache.h:155:22:dcache_clean_invalidate_by_addr	8	static
/home/bsc/ameba-rtos-pro2/component/soc/8735b/fwlib/rtl8735b/include/hal_gpio.h:373:23:hal_gpio_write	8	static
/home/bsc/ameba-rtos-pro2/component/video/driver/RTL8735B/video_api.c:4057:12:video_meta_size_count	0	static
/home/bsc/ameba-rtos-pro2/component/video/driver/RTL8735B/video_api.c:4126:13:video_exif_degree2dms	24	static
/home/bsc/ameba-rtos-pro2/component/video/driver/RTL8735B/video_api.c:4154:13:video_exif_write_u32	0	static
/home/bsc/ameba-rtos-pro2/component/video/driver/RTL8735B/video_api.c:877:12:video_rc_init	32	static
/home/bsc/ameba-rtos-pro2/component/video/driver/RTL8735B/video_api.c:749:13:video_bps_stbl_ctrl_update_fps_gop	24	static
/home/bsc/ameba-rtos-pro2/component/video/driver/RTL8735B/video_api.c:4162:13:video_exif_write_entry.constprop	32	static
/home/bsc/ameba-rtos-pro2/component/video/driver/RTL8735B/video_api.c:1290:12:video_nv12_channel_heapsize.constprop	48	static
/home/bsc/ameba-rtos-pro2/component/soc/8735b/fwlib/rtl8735b/include/hal_gpio.h:328:23:hal_gpio_set_dir.constprop	8	static
/home/bsc/ameba-rtos-pro2/component/video/driver/RTL8735B/video_api.c:1496:6:video_init_peri.part.0	432	static
/home/bsc/ameba-rtos-pro2/component/video/driver/RTL8735B/video_api.c:839:12:video_rc_update_param.constprop.isra	0	static
/home/bsc/ameba-rtos-pro2/component/video/driver/RTL8735B/video_api.c:904:12:video_rc_deinit.isra	8	static
/home/bsc/ameba-rtos-pro2/component/soc/8735b/fwlib/rtl8735b/lib/source/ram/video/hal_video.h:797:23:hal_video_set_isp_init_items.isra	8	static
/home/bsc/ameba-rtos-pro2/component/soc/8735b/fwlib/rtl8735b/lib/source/ram/video/hal_video.h:755:23:hal_video_reset_mask_status.isra	0	static
/home/bsc/ameba-rtos-pro2/component/video/driver/RTL8735B/video_api.c:913:13:video_rc_callback	48	static
/home/bsc/ameba-rtos-pro2/component/video/driver/RTL8735B/video_api.c:185:6:video_set_isp_ch_buf	16	static
/home/bsc/ameba-rtos-pro2/component/video/driver/RTL8735B/video_api.c:191:5:video_get_maxqp	8	static
/home/bsc/ameba-rtos-pro2/component/video/driver/RTL8735B/video_api.c:200:16:video_get_iq_buf	0	static
/home/bsc/ameba-rtos-pro2/component/video/driver/RTL8735B/video_api.c:204:6:video_set_debug_level	8	static
/home/bsc/ameba-rtos-pro2/component/video/driver/RTL8735B/video_api.c:213:5:video_set_framerate	16	static
/home/bsc/ameba-rtos-pro2/component/video/driver/RTL8735B/video_api.c:223:5:video_get_buffer_info	24	static
/home/bsc/ameba-rtos-pro2/component/video/driver/RTL8735B/video_api.c:353:5:isp_ctrl_cmd	32	static
/home/bsc/ameba-rtos-pro2/component/video/driver/RTL8735B/video_api.c:390:5:iq_tuning_cmd	32	static
/home/bsc/ameba-rtos-pro2/component/video/driver/RTL8735B/video_api.c:464:5:video_i2c_cmd	24	static
/home/bsc/ameba-rtos-pro2/component/video/driver/RTL8735B/video_api.c:489:5:video_encbuf_clean	8	static
/home/bsc/ameba-rtos-pro2/component/video/driver/RTL8735B/video_api.c:496:5:video_encbuf_release	16	static
/home/bsc/ameba-rtos-pro2/component/video/driver/RTL8735B/video_api.c:508:5:video_ispbuf_release	16	static
/home/bsc/ameba-rtos-pro2/component/video/driver/RTL8735B/video_api.c:684:5:video_bps_stbl_ctrl_en	16	static
/home/bsc/ameba-rtos-pro2/component/video/driver/RTL8735B/video_api.c:701:5:video_set_bps_stbl_ctrl_params	32	static
/home/bsc/ameba-rtos-pro2/component/video/driver/RTL8735B/video_api.c:947:5:video_get_rc	8	static
/home/bsc/ameba-rtos-pro2/component/video/driver/RTL8735B/video_api.c:1052:5:video_get_realfps	24	static
/home/bsc/ameba-rtos-pro2/component/video/driver/RTL8735B/video_api.c:1033:5:video_set_rc	120	static
/home/bsc/ameba-rtos-pro2/component/video/driver/RTL8735B/video_api.c:1063:5:video_wait_target_fps	32	static
/home/bsc/ameba-rtos-pro2/component/video/driver/RTL8735B/video_api.c:1078:5:video_set_roi_region	16	static
/home/bsc/ameba-rtos-pro2/component/video/driver/RTL8735B/video_api.c:1085:6:video_set_isp_info	0	static
/home/bsc/ameba-rtos-pro2/component/video/driver/RTL8735B/video_api.c:1095:6:video_set_sensor_fps	24	static
/home/bsc/ameba-rtos-pro2/component/video/driver/RTL8735B/video_api.c:1115:5:video_set_voe_heap	0	static
/home/bsc/ameba-rtos-pro2/component/video/driver/RTL8735B/video_api.c:1174:5:video_buf_calc	40	static
/home/bsc/ameba-rtos-pro2/component/video/driver/RTL8735B/video_api.c:1385:5:video_buf_heap_calc	80	static
/home/bsc/ameba-rtos-pro2/component/video/driver/RTL8735B/video_api.c:1449:5:video_extra_buf_calc	16	static
/home/bsc/ameba-rtos-pro2/component/video/driver/RTL8735B/video_api.c:1496:6:video_init_peri	8	static
/home/bsc/ameba-rtos-pro2/component/video/driver/RTL8735B/video_api.c:1642:6:video_deinit_peri	264	static
/home/bsc/ameba-rtos-pro2/component/video/driver/RTL8735B/video_api.c:1678:26:video_get_pre_init_setup_params	0	static
/home/bsc/ameba-rtos-pro2/component/video/driver/RTL8735B/video_api.c:1683:6:video_pre_init_load_params	32	static
/home/bsc/ameba-rtos-pro2/component/video/driver/RTL8735B/video_api.c:1750:6:video_pre_init_save_cur_params	40	static
/home/bsc/ameba-rtos-pro2/component/video/driver/RTL8735B/video_api.c:1872:5:video_pre_init_get_meta_enable	0	static
/home/bsc/ameba-rtos-pro2/component/video/driver/RTL8735B/video_api.c:1881:6:video_calcu_meta_size	32	static
/home/bsc/ameba-rtos-pro2/component/video/driver/RTL8735B/video_api.c:2038:5:video_open_status	0	static
/home/bsc/ameba-rtos-pro2/component/video/driver/RTL8735B/video_api.c:1481:6:video_buf_release	16	static
/home/bsc/ameba-rtos-pro2/component/video/driver/RTL8735B/video_api.c:1669:6:video_pre_init_setup_parameters	8	static
/home/bsc/ameba-rtos-pro2/component/video/driver/RTL8735B/video_api.c:520:5:video_ctrl	160	static
/home/bsc/ameba-rtos-pro2/component/video/driver/RTL8735B/video_api.c:236:13:video_output_cb	40	static
/home/bsc/ameba-rtos-pro2/component/video/driver/RTL8735B/video_api.c:2050:5:video_check_fcs	12	static
/home/bsc/ameba-rtos-pro2/component/video/driver/RTL8735B/video_api.c:2592:5:video_close	32	static
/home/bsc/ameba-rtos-pro2/component/video/driver/RTL8735B/video_api.c:2625:5:video_get_stream_info	0	static
/home/bsc/ameba-rtos-pro2/component/video/driver/RTL8735B/video_api.c:2637:6:video_set_uvcd_iq	0	static
/home/bsc/ameba-rtos-pro2/component/video/driver/RTL8735B/video_api.c:2641:6:video_set_uvcd_sensor	0	static
/home/bsc/ameba-rtos-pro2/component/video/driver/RTL8735B/video_api.c:2645:5:sd_load_iq_sensor	80	static
/home/bsc/ameba-rtos-pro2/component/video/driver/RTL8735B/video_api.c:2833:7:video_deinit	8	static
/home/bsc/ameba-rtos-pro2/component/video/driver/RTL8735B/video_api.c:2852:7:video_poweroff	8	static
/home/bsc/ameba-rtos-pro2/component/video/driver/RTL8735B/video_api.c:2934:5:voe_get_sensor_info	48	static
/home/bsc/ameba-rtos-pro2/component/video/driver/RTL8735B/video_api.c:2969:6:voe_dump_isp_info	56	static
/home/bsc/ameba-rtos-pro2/component/video/driver/RTL8735B/video_api.c:3018:6:voe_t2ff_prealloc	16	static
/home/bsc/ameba-rtos-pro2/component/video/driver/RTL8735B/video_api.c:3039:5:voe_boot_fsc_status	0	static
/home/bsc/ameba-rtos-pro2/component/video/driver/RTL8735B/video_api.c:3045:5:voe_boot_fsc_id	8	static
/home/bsc/ameba-rtos-pro2/component/video/driver/RTL8735B/video_api.c:3051:9:isp_i2c_read_byte	16	static
/home/bsc/ameba-rtos-pro2/component/video/driver/RTL8735B/video_api.c:3061:5:video_set_fcs_id	64	static
/home/bsc/ameba-rtos-pro2/component/video/driver/RTL8735B/video_api.c:3097:5:video_fcs_write_sensor_id	0	static
/home/bsc/ameba-rtos-pro2/component/video/driver/RTL8735B/video_api.c:3111:6:video_get_video_snesor_info	0	static
/home/bsc/ameba-rtos-pro2/component/video/driver/RTL8735B/video_api.c:3117:6:video_set_video_snesor_info	0	static
/home/bsc/ameba-rtos-pro2/component/video/driver/RTL8735B/video_api.c:3123:5:video_get_video_sensor_status	0	static
/home/bsc/ameba-rtos-pro2/component/video/driver/RTL8735B/video_api.c:3128:5:video_get_video_sensor_index	0	static
/home/bsc/ameba-rtos-pro2/component/video/driver/RTL8735B/video_api.c:3169:7:video_fw_deinit	8	static
/home/bsc/ameba-rtos-pro2/component/video/driver/RTL8735B/video_api.c:3194:16:video_load_iq	16	static
/home/bsc/ameba-rtos-pro2/component/video/driver/RTL8735B/video_api.c:3221:16:video_load_sensor	16	static
/home/bsc/ameba-rtos-pro2/component/video/driver/RTL8735B/video_api.c:2864:6:voe_set_iq_sensor_fw	48	static
/home/bsc/ameba-rtos-pro2/component/video/driver/RTL8735B/video_api.c:3319:6:video_get_version	40	static
/home/bsc/ameba-rtos-pro2/component/video/driver/RTL8735B/video_api.c:3350:5:video_load_fw	16	static
/home/bsc/ameba-rtos-pro2/component/video/driver/RTL8735B/video_api.c:2697:22:video_init	48	static
/home/bsc/ameba-rtos-pro2/component/video/driver/RTL8735B/video_api.c:3133:5:video_load	24	static
/home/bsc/ameba-rtos-pro2/component/video/driver/RTL8735B/video_api.c:3185:5:video_reset_fw	8	static
/home/bsc/ameba-rtos-pro2/component/video/driver/RTL8735B/video_api.c:3387:6:video_get_fcs_info	0	static
/home/bsc/ameba-rtos-pro2/component/video/driver/RTL8735B/video_api.c:3393:6:video_set_fcs_queue_info	8	static
/home/bsc/ameba-rtos-pro2/component/video/driver/RTL8735B/video_api.c:3400:6:video_get_fcs_queue_info	8	static
/home/bsc/ameba-rtos-pro2/component/video/driver/RTL8735B/video_api.c:3407:5:video_get_fcs_cost_time	0	static
/home/bsc/ameba-rtos-pro2/component/video/driver/RTL8735B/video_api.c:3696:5:video_set_private_mask	80	static
/home/bsc/ameba-rtos-pro2/component/video/driver/RTL8735B/video_api.c:1926:6:video_pre_init_procedure	1040	static
/home/bsc/ameba-rtos-pro2/component/video/driver/RTL8735B/video_api.c:2065:5:video_open	1536	static
/home/bsc/ameba-rtos-pro2/component/video/driver/RTL8735B/video_api.c:3763:6:video_set_private_mask_single	72	static
/home/bsc/ameba-rtos-pro2/component/video/driver/RTL8735B/video_api.c:3834:5:voe_cmd_timout_setting	0	static
/home/bsc/ameba-rtos-pro2/component/video/driver/RTL8735B/video_api.c:3848:6:voe_cmd_timout_callback	16	static
/home/bsc/ameba-rtos-pro2/component/video/driver/RTL8735B/video_api.c:3857:6:voe_get_cmd_timout_info	8	static
/home/bsc/ameba-rtos-pro2/component/video/driver/RTL8735B/video_api.c:3865:6:voe_set_cmd_timout	0	static
/home/bsc/ameba-rtos-pro2/component/video/driver/RTL8735B/video_api.c:3872:10:video_get_video_timer_cur_time	8	static
/home/bsc/ameba-rtos-pro2/component/video/driver/RTL8735B/video_api.c:3879:10:video_get_system_ts_from_isp_ts	24	static
/home/bsc/ameba-rtos-pro2/component/video/driver/RTL8735B/video_api.c:3944:5:video_ext_in	8	static
/home/bsc/ameba-rtos-pro2/component/video/driver/RTL8735B/video_api.c:3961:7:video_base64_encode	28	static
/home/bsc/ameba-rtos-pro2/component/video/driver/RTL8735B/video_api.c:3448:5:video_get_sps_pps	56	static
/home/bsc/ameba-rtos-pro2/component/video/driver/RTL8735B/video_api.c:3496:5:video_get_sps_pps_vps	80	static
/home/bsc/ameba-rtos-pro2/component/video/driver/RTL8735B/video_api.c:4076:5:video_meta_copy_info	24	static
/home/bsc/ameba-rtos-pro2/component/video/driver/RTL8735B/video_api.c:4227:5:video_create_exif_tags	64	static
/home/bsc/ameba-rtos-pro2/component/video/driver/RTL8735B/video_api.c:4368:5:video_insert_jpeg_exif	16	static
/home/bsc/ameba-rtos-pro2/component/video/driver/RTL8735B/video_api.c:4385:6:video_fill_exif_tags_from_struct	48	static
/home/bsc/ameba-rtos-pro2/component/video/driver/RTL8735B/video_api.c:4586:6:video_sei_read	24	static
/home/bsc/ameba-rtos-pro2/component/video/driver/RTL8735B/video_api.c:4650:5:video_get_meta_offset	0	static
/home/bsc/ameba-rtos-pro2/component/video/driver/RTL8735B/video_api.c:4524:6:video_sei_write	32	static
/home/bsc/ameba-rtos-pro2/component/video/driver/RTL8735B/video_api.c:4667:6:device_voe_lock	8	static
/home/bsc/ameba-rtos-pro2/component/video/driver/RTL8735B/video_api.c:4672:6:device_voe_unlock	8	static
/home/bsc/ameba-rtos-pro2/component/video/driver/RTL8735B/video_api.c:4677:5:video_get_encoder_nalu_payload_info	32	static
/home/bsc/ameba-rtos-pro2/component/video/driver/RTL8735B/video_api.c:4738:5:video_get_error_group	0	static
/home/bsc/ameba-rtos-pro2/component/video/driver/RTL8735B/video_api.c:4745:6:video_get_dir_wdr_level	8	static
/home/bsc/ameba-rtos-pro2/component/video/driver/RTL8735B/video_api.c:4753:6:video_get_max_dyn_region_idx	8	static
