/home/bsc/ameba-rtos-pro2/component/wifi/wpa_supplicant/src/crypto/tls_polarssl.c:679:5:buf_write	16	static
/home/bsc/ameba-rtos-pro2/component/wifi/wpa_supplicant/src/crypto/tls_polarssl.c:653:5:buf_read	16	static
/home/bsc/ameba-rtos-pro2/component/wifi/wpa_supplicant/src/crypto/tls_polarssl.c:712:14:my_calloc	16	static
/home/bsc/ameba-rtos-pro2/component/wifi/wpa_supplicant/src/crypto/tls_polarssl.c:64:12:my_random	8	static
/home/bsc/ameba-rtos-pro2/component/wifi/wpa_supplicant/src/crypto/tls_polarssl.c:73:6:my_debug	8	static
/home/bsc/ameba-rtos-pro2/component/wifi/wpa_supplicant/src/crypto/tls_polarssl.c:581:5:buf_init	16	static
/home/bsc/ameba-rtos-pro2/component/wifi/wpa_supplicant/src/crypto/tls_polarssl.c:616:5:buf_read_store	16	static
/home/bsc/ameba-rtos-pro2/component/wifi/wpa_supplicant/src/crypto/tls_polarssl.c:637:5:buf_write_store	16	static
/home/bsc/ameba-rtos-pro2/component/wifi/wpa_supplicant/src/crypto/tls_polarssl.c:698:6:buf_clear	16	static
/home/bsc/ameba-rtos-pro2/component/wifi/wpa_supplicant/src/crypto/tls_polarssl.c:734:7:tls_init	8	static
/home/bsc/ameba-rtos-pro2/component/wifi/wpa_supplicant/src/crypto/tls_polarssl.c:763:6:tls_deinit	8	static
/home/bsc/ameba-rtos-pro2/component/wifi/wpa_supplicant/src/crypto/tls_polarssl.c:775:5:tls_get_errors	0	static
/home/bsc/ameba-rtos-pro2/component/wifi/wpa_supplicant/src/crypto/tls_polarssl.c:834:6:tls_connection_deinit	8	static
/home/bsc/ameba-rtos-pro2/component/wifi/wpa_supplicant/src/crypto/tls_polarssl.c:784:24:tls_connection_init	32	static
/home/bsc/ameba-rtos-pro2/component/wifi/wpa_supplicant/src/crypto/tls_polarssl.c:852:5:tls_connection_established	0	static
/home/bsc/ameba-rtos-pro2/component/wifi/wpa_supplicant/src/crypto/tls_polarssl.c:869:5:tls_connection_shutdown	8	static
/home/bsc/ameba-rtos-pro2/component/wifi/wpa_supplicant/src/crypto/tls_polarssl.c:878:5:tls_connection_set_params	0	static
/home/bsc/ameba-rtos-pro2/component/wifi/wpa_supplicant/src/crypto/tls_polarssl.c:892:5:tls_global_set_params	0	static
/home/bsc/ameba-rtos-pro2/component/wifi/wpa_supplicant/src/crypto/tls_polarssl.c:904:5:tls_global_set_verify	0	static
/home/bsc/ameba-rtos-pro2/component/wifi/wpa_supplicant/src/crypto/tls_polarssl.c:915:5:tls_connection_set_verify	0	static
/home/bsc/ameba-rtos-pro2/component/wifi/wpa_supplicant/src/crypto/tls_polarssl.c:932:5:tls_connection_get_random	16	static
/home/bsc/ameba-rtos-pro2/component/wifi/wpa_supplicant/src/crypto/tls_polarssl.c:951:5:tls_connection_prf	40	static
/home/bsc/ameba-rtos-pro2/component/wifi/wpa_supplicant/src/crypto/tls_polarssl.c:990:16:tls_connection_handshake	24	static
/home/bsc/ameba-rtos-pro2/component/wifi/wpa_supplicant/src/crypto/tls_polarssl.c:1076:16:tls_connection_server_handshake	0	static
/home/bsc/ameba-rtos-pro2/component/wifi/wpa_supplicant/src/crypto/tls_polarssl.c:1093:16:tls_connection_encrypt	24	static
/home/bsc/ameba-rtos-pro2/component/wifi/wpa_supplicant/src/crypto/tls_polarssl.c:1139:16:tls_connection_decrypt	24	static
/home/bsc/ameba-rtos-pro2/component/wifi/wpa_supplicant/src/crypto/tls_polarssl.c:1192:5:tls_connection_resumed	0	static
/home/bsc/ameba-rtos-pro2/component/wifi/wpa_supplicant/src/crypto/tls_polarssl.c:1203:5:tls_connection_set_cipher_list	0	static
/home/bsc/ameba-rtos-pro2/component/wifi/wpa_supplicant/src/crypto/tls_polarssl.c:1216:5:tls_get_version	0	static
/home/bsc/ameba-rtos-pro2/component/wifi/wpa_supplicant/src/crypto/tls_polarssl.c:1230:5:tls_get_cipher	0	static
/home/bsc/ameba-rtos-pro2/component/wifi/wpa_supplicant/src/crypto/tls_polarssl.c:1244:5:tls_connection_enable_workaround	0	static
/home/bsc/ameba-rtos-pro2/component/wifi/wpa_supplicant/src/crypto/tls_polarssl.c:1256:5:tls_connection_client_hello_ext	0	static
/home/bsc/ameba-rtos-pro2/component/wifi/wpa_supplicant/src/crypto/tls_polarssl.c:1272:5:tls_connection_get_failed	0	static
/home/bsc/ameba-rtos-pro2/component/wifi/wpa_supplicant/src/crypto/tls_polarssl.c:1283:5:tls_connection_get_read_alerts	0	static
/home/bsc/ameba-rtos-pro2/component/wifi/wpa_supplicant/src/crypto/tls_polarssl.c:1294:5:tls_connection_get_write_alerts	0	static
/home/bsc/ameba-rtos-pro2/component/wifi/wpa_supplicant/src/crypto/tls_polarssl.c:1306:5:tls_get_library_version	8	static
/home/bsc/ameba-rtos-pro2/component/wifi/wpa_supplicant/src/crypto/tls_polarssl.c:1313:6:tls_connection_set_success_data	0	static
/home/bsc/ameba-rtos-pro2/component/wifi/wpa_supplicant/src/crypto/tls_polarssl.c:1324:6:tls_connection_set_success_data_resumed	0	static
/home/bsc/ameba-rtos-pro2/component/wifi/wpa_supplicant/src/crypto/tls_polarssl.c:1334:1:tls_connection_get_success_data	0	static
/home/bsc/ameba-rtos-pro2/component/wifi/wpa_supplicant/src/crypto/tls_polarssl.c:1344:6:tls_connection_remove_session	0	static
