/home/bsc/ameba-rtos-pro2/component/file_system/ftl_common/ftl_nand_api.c:60:5:nand_read_cb	16	static
/home/bsc/ameba-rtos-pro2/component/file_system/ftl_common/ftl_nand_api.c:67:5:nand_write_cb	16	static
/home/bsc/ameba-rtos-pro2/component/file_system/ftl_common/ftl_nand_api.c:75:5:nand_erase_cb	16	static
/home/bsc/ameba-rtos-pro2/component/file_system/ftl_common/ftl_nand_api.c:83:5:nand_unlock_cb	8	static
/home/bsc/ameba-rtos-pro2/component/file_system/ftl_common/ftl_nand_api.c:48:5:bbm_find_table_index	8	static
/home/bsc/ameba-rtos-pro2/component/file_system/ftl_common/ftl_nand_api.c:91:6:bbm_nand_is_free	16	static
/home/bsc/ameba-rtos-pro2/component/file_system/ftl_common/ftl_nand_api.c:111:5:bbm_nand_write_direct	40	static
/home/bsc/ameba-rtos-pro2/component/file_system/ftl_common/ftl_nand_api.c:145:5:bbm_nand_read_block	24	static
/home/bsc/ameba-rtos-pro2/component/file_system/ftl_common/ftl_nand_api.c:155:5:bbm_nand_write_block	48	static
/home/bsc/ameba-rtos-pro2/component/file_system/ftl_common/ftl_nand_api.c:201:6:bbm_is_bad_block	12	static
/home/bsc/ameba-rtos-pro2/component/file_system/ftl_common/ftl_nand_api.c:221:6:bbm_is_remap_block	16	static
/home/bsc/ameba-rtos-pro2/component/file_system/ftl_common/ftl_nand_api.c:241:5:bbm_find_bad_block_index	16	static
/home/bsc/ameba-rtos-pro2/component/file_system/ftl_common/ftl_nand_api.c:258:5:bbm_find_free_block	24	static
/home/bsc/ameba-rtos-pro2/component/file_system/ftl_common/ftl_nand_api.c:310:5:bbm_check_status	24	static
/home/bsc/ameba-rtos-pro2/component/file_system/ftl_common/ftl_nand_api.c:327:5:bbm_check_is_init	40	static
/home/bsc/ameba-rtos-pro2/component/file_system/ftl_common/ftl_nand_api.c:360:5:bbm_mark_tag_block	24	static
/home/bsc/ameba-rtos-pro2/component/file_system/ftl_common/ftl_nand_api.c:370:5:bbm_mark_bad_block	24	static
/home/bsc/ameba-rtos-pro2/component/file_system/ftl_common/ftl_nand_api.c:172:5:bbm_nand_write	40	static
/home/bsc/ameba-rtos-pro2/component/file_system/ftl_common/ftl_nand_api.c:528:5:bbm_update_table	32	static
/home/bsc/ameba-rtos-pro2/component/file_system/ftl_common/ftl_nand_api.c:273:5:bbm_find_remap_block	32	static
/home/bsc/ameba-rtos-pro2/component/file_system/ftl_common/ftl_nand_api.c:550:5:bbm_create_nand	40	static
/home/bsc/ameba-rtos-pro2/component/file_system/ftl_common/ftl_nand_api.c:698:5:ftl_erase_bbm_table	32	static
/home/bsc/ameba-rtos-pro2/component/file_system/ftl_common/ftl_nand_api.c:717:5:ftl_init_nand	16	static
/home/bsc/ameba-rtos-pro2/component/file_system/ftl_common/ftl_nand_api.c:387:5:ftl_write_nand	56	static
/home/bsc/ameba-rtos-pro2/component/file_system/ftl_common/ftl_nand_api.c:458:5:ftl_erase_nand	32	static
/home/bsc/ameba-rtos-pro2/component/file_system/ftl_common/ftl_nand_api.c:498:5:ftl_read_nand	48	static
/home/bsc/ameba-rtos-pro2/component/file_system/ftl_common/ftl_nand_api.c:632:6:ftl_info_dump	8	static
/home/bsc/ameba-rtos-pro2/component/file_system/ftl_common/ftl_nand_api.c:653:6:ftl_info_bbm_dump	32	static
/home/bsc/ameba-rtos-pro2/component/file_system/ftl_common/ftl_nand_api.c:668:6:ftl_bad_block_scan	24	static
/home/bsc/ameba-rtos-pro2/component/file_system/ftl_common/ftl_nand_api.c:684:5:ftl_get_nand_info	8	static
