/home/bsc/ameba-rtos-pro2/component/soc/8735b/fwlib/rtl8735b/source/ram/hal_eth.c:211:6:MII_IRQHandler	16	static
/home/bsc/ameba-rtos-pro2/component/soc/8735b/fwlib/rtl8735b/source/ram/hal_eth.c:61:6:hal_eth_irq_unreg	8	static
/home/bsc/ameba-rtos-pro2/component/soc/8735b/fwlib/rtl8735b/source/ram/hal_eth.c:74:6:hal_eth_set_mac_addr	8	static
/home/bsc/ameba-rtos-pro2/component/soc/8735b/fwlib/rtl8735b/source/ram/hal_eth.c:87:6:hal_eth_get_mac_addr	8	static
/home/bsc/ameba-rtos-pro2/component/soc/8735b/fwlib/rtl8735b/source/ram/hal_eth.c:101:6:hal_eth_set_desc_num	8	static
/home/bsc/ameba-rtos-pro2/component/soc/8735b/fwlib/rtl8735b/source/ram/hal_eth.c:115:6:hal_eth_set_desc_addr	8	static
/home/bsc/ameba-rtos-pro2/component/soc/8735b/fwlib/rtl8735b/source/ram/hal_eth.c:129:6:hal_eth_set_pkt_buf	8	static
/home/bsc/ameba-rtos-pro2/component/soc/8735b/fwlib/rtl8735b/source/ram/hal_eth.c:135:6:hal_eth_sys_hw_ctrl	8	static
/home/bsc/ameba-rtos-pro2/component/soc/8735b/fwlib/rtl8735b/source/ram/hal_eth.c:299:13:hal_eth_otp_lock	0	static
/home/bsc/ameba-rtos-pro2/component/soc/8735b/fwlib/rtl8735b/source/ram/hal_eth.c:302:13:hal_eth_otp_unlock	0	static
/home/bsc/ameba-rtos-pro2/component/soc/8735b/fwlib/rtl8735b/source/ram/hal_eth.c:565:6:hal_eth_deinit	8	static
/home/bsc/ameba-rtos-pro2/component/soc/8735b/fwlib/rtl8735b/source/ram/hal_eth.c:597:5:hal_eth_write_data	8	static
/home/bsc/ameba-rtos-pro2/component/soc/8735b/fwlib/rtl8735b/source/ram/hal_eth.c:610:5:hal_eth_send_pkt	8	static
/home/bsc/ameba-rtos-pro2/component/soc/8735b/fwlib/rtl8735b/source/ram/hal_eth.c:623:5:hal_eth_receive_pkt	8	static
/home/bsc/ameba-rtos-pro2/component/soc/8735b/fwlib/rtl8735b/source/ram/hal_eth.c:637:5:hal_eth_read_data	8	static
/home/bsc/ameba-rtos-pro2/component/soc/8735b/fwlib/rtl8735b/source/ram/hal_eth.c:650:5:hal_eth_get_link_status	8	static
/home/bsc/ameba-rtos-pro2/component/soc/8735b/fwlib/rtl8735b/source/ram/hal_eth.c:664:6:hal_eth_set_link	8	static
/home/bsc/ameba-rtos-pro2/component/soc/8735b/fwlib/rtl8735b/source/ram/hal_eth.c:677:6:hal_eth_callback_hook	8	static
/home/bsc/ameba-rtos-pro2/component/soc/8735b/fwlib/rtl8735b/source/ram/hal_eth.c:690:6:hal_eth_task_yield_hook	8	static
/home/bsc/ameba-rtos-pro2/component/soc/8735b/fwlib/rtl8735b/source/ram/hal_eth.c:704:5:hal_eth_rd_phy_reg	8	static
/home/bsc/ameba-rtos-pro2/component/soc/8735b/fwlib/rtl8735b/source/ram/hal_eth.c:719:5:hal_eth_wr_phy_reg	8	static
/home/bsc/ameba-rtos-pro2/component/soc/8735b/fwlib/rtl8735b/source/ram/hal_eth.c:732:6:hal_eth_detect_phy_state	24	static
/home/bsc/ameba-rtos-pro2/component/soc/8735b/fwlib/rtl8735b/source/ram/hal_eth.c:799:6:hal_eth_phy_eee_ctrl	8	static
/home/bsc/ameba-rtos-pro2/component/soc/8735b/fwlib/rtl8735b/source/ram/hal_eth.c:323:14:hal_eth_init	48	static
