/home/bsc/ameba-rtos-pro2/component/soc/8735b/fwlib/rtl8735b/source/ram/hal_snand.c:306:14:hal_snand_pinmux_ctl.part.0	8	static
/home/bsc/ameba-rtos-pro2/component/soc/8735b/misc/utilities/include/memory.h:80:23:rt_memcpy.isra	8	static
/home/bsc/ameba-rtos-pro2/component/soc/8735b/fwlib/rtl8735b/source/ram/hal_snand.c:306:14:hal_snand_pinmux_ctl	8	static
/home/bsc/ameba-rtos-pro2/component/soc/8735b/fwlib/rtl8735b/source/ram/hal_snand.c:414:1:hal_snand_deinit	8	static
/home/bsc/ameba-rtos-pro2/component/soc/8735b/fwlib/rtl8735b/source/ram/hal_snand.c:423:6:hal_snand_adtr_reset	8	static
/home/bsc/ameba-rtos-pro2/component/soc/8735b/fwlib/rtl8735b/source/ram/hal_snand.c:458:6:hal_snand_clk_sel	0	static
/home/bsc/ameba-rtos-pro2/component/soc/8735b/fwlib/rtl8735b/source/ram/hal_snand.c:469:1:hal_snand_reset_to_spi	8	static
/home/bsc/ameba-rtos-pro2/component/soc/8735b/fwlib/rtl8735b/source/ram/hal_snand.c:478:1:hal_snand_read_id	8	static
/home/bsc/ameba-rtos-pro2/component/soc/8735b/fwlib/rtl8735b/source/ram/hal_snand.c:525:1:hal_snand_set_status	8	static
/home/bsc/ameba-rtos-pro2/component/soc/8735b/fwlib/rtl8735b/source/ram/hal_snand.c:536:1:hal_snand_set_status_no_check	8	static
/home/bsc/ameba-rtos-pro2/component/soc/8735b/fwlib/rtl8735b/source/ram/hal_snand.c:547:1:hal_snand_get_status	8	static
/home/bsc/ameba-rtos-pro2/component/soc/8735b/fwlib/rtl8735b/source/ram/hal_snand.c:494:1:hal_snand_set_quad_enable	8	static
/home/bsc/ameba-rtos-pro2/component/soc/8735b/fwlib/rtl8735b/source/ram/hal_snand.c:509:1:hal_snand_unset_quad_enable	8	static
/home/bsc/ameba-rtos-pro2/component/soc/8735b/fwlib/rtl8735b/source/ram/hal_snand.c:557:1:hal_snand_wait_ready	8	static
/home/bsc/ameba-rtos-pro2/component/soc/8735b/fwlib/rtl8735b/source/ram/hal_snand.c:566:1:hal_snand_set_write_enable	8	static
/home/bsc/ameba-rtos-pro2/component/soc/8735b/fwlib/rtl8735b/source/ram/hal_snand.c:575:1:hal_snand_set_write_disable	8	static
/home/bsc/ameba-rtos-pro2/component/soc/8735b/fwlib/rtl8735b/source/ram/hal_snand.c:584:1:hal_snand_block_erase	8	static
/home/bsc/ameba-rtos-pro2/component/soc/8735b/fwlib/rtl8735b/source/ram/hal_snand.c:596:1:hal_snand_page_program	8	static
/home/bsc/ameba-rtos-pro2/component/soc/8735b/fwlib/rtl8735b/source/ram/hal_snand.c:608:1:hal_snand_pio_read	16	static
/home/bsc/ameba-rtos-pro2/component/soc/8735b/fwlib/rtl8735b/source/ram/hal_snand.c:631:1:hal_snand_page_read	40	static
/home/bsc/ameba-rtos-pro2/component/soc/8735b/fwlib/rtl8735b/source/ram/hal_snand.c:683:1:hal_snand_page_read_w_cache.constprop	8	static
/home/bsc/ameba-rtos-pro2/component/soc/8735b/fwlib/rtl8735b/source/ram/hal_snand.c:703:1:hal_snand_pio_write	16	static
/home/bsc/ameba-rtos-pro2/component/soc/8735b/fwlib/rtl8735b/source/ram/hal_snand.c:727:1:hal_snand_dma_read	16	static
/home/bsc/ameba-rtos-pro2/component/soc/8735b/fwlib/rtl8735b/source/ram/hal_snand.c:751:1:hal_snand_dma_write	16	static
/home/bsc/ameba-rtos-pro2/component/soc/8735b/fwlib/rtl8735b/source/ram/hal_snand.c:781:6:hal_snand_io_mode_sel	0	static
/home/bsc/ameba-rtos-pro2/component/soc/8735b/fwlib/rtl8735b/source/ram/hal_snand.c:948:5:hal_snand_addr_cpy	24	static
/home/bsc/ameba-rtos-pro2/component/soc/8735b/fwlib/rtl8735b/source/ram/hal_snand.c:975:6:hal_snand_addr_ofst	32	static
/home/bsc/ameba-rtos-pro2/component/soc/8735b/fwlib/rtl8735b/source/ram/hal_snand.c:1122:12:hal_snand_map_blk	32	static
/home/bsc/ameba-rtos-pro2/component/soc/8735b/fwlib/rtl8735b/source/ram/hal_snand.c:1010:5:hal_snand_init_ctrl_info	8	static
/home/bsc/ameba-rtos-pro2/component/soc/8735b/fwlib/rtl8735b/source/ram/hal_snand.c:396:1:hal_snand_init	16	static
/home/bsc/ameba-rtos-pro2/component/soc/8735b/fwlib/rtl8735b/source/ram/hal_snand.c:852:9:hal_snand_bus_calibr	112	static
/home/bsc/ameba-rtos-pro2/component/soc/8735b/fwlib/rtl8735b/source/ram/hal_snand.c:1047:5:hal_snand_part_adpt_init	48	static
/home/bsc/ameba-rtos-pro2/component/soc/8735b/fwlib/rtl8735b/source/ram/hal_snand.c:1172:5:hal_snand_ofst_2_addr	24	static
/home/bsc/ameba-rtos-pro2/component/soc/8735b/fwlib/rtl8735b/source/ram/hal_snand.c:1220:5:hal_snand_load_from_part	48	static
/home/bsc/ameba-rtos-pro2/component/soc/8735b/fwlib/rtl8735b/source/ram/hal_snand.c:1334:5:hal_snand_otp_clk_sel	0	static
/home/bsc/ameba-rtos-pro2/component/soc/8735b/fwlib/rtl8735b/source/ram/hal_snand.c:1366:5:hal_snand_dma_cont_read_en	24	static
/home/bsc/ameba-rtos-pro2/component/soc/8735b/fwlib/rtl8735b/source/ram/hal_snand.c:1481:1:hal_snand_dma_cont_read	24	static
/home/bsc/ameba-rtos-pro2/component/soc/8735b/fwlib/rtl8735b/source/ram/hal_snand.c:1631:5:hal_snand_get_addr_info	24	static
/home/bsc/ameba-rtos-pro2/component/soc/8735b/fwlib/rtl8735b/source/ram/hal_snand.c:1666:5:hal_snand_cont_read_chk	48	static
/home/bsc/ameba-rtos-pro2/component/soc/8735b/fwlib/rtl8735b/source/ram/hal_snand.c:1726:5:hal_snand_cont_read_hdl_core	88	static
/home/bsc/ameba-rtos-pro2/component/soc/8735b/fwlib/rtl8735b/source/ram/hal_snand.c:1794:5:hal_snand_cont_read_hdl	56	static
