/home/bsc/ameba-rtos-pro2/component/soc/8735b/fwlib/rtl8735b/source/ram/hal_ecdsa.c:50:6:hal_ecdsa_irq_reg	8	static
/home/bsc/ameba-rtos-pro2/component/soc/8735b/fwlib/rtl8735b/source/ram/hal_ecdsa.c:62:6:hal_ecdsa_irq_unreg	8	static
/home/bsc/ameba-rtos-pro2/component/soc/8735b/fwlib/rtl8735b/source/ram/hal_ecdsa.c:74:6:hal_ecdsa_init_clk_ctrl	8	static
/home/bsc/ameba-rtos-pro2/component/soc/8735b/fwlib/rtl8735b/source/ram/hal_ecdsa.c:86:6:hal_ecdsa_deinit_clk_ctrl	8	static
/home/bsc/ameba-rtos-pro2/component/soc/8735b/fwlib/rtl8735b/source/ram/hal_ecdsa.c:99:12:hal_ecdsa_init	8	static
/home/bsc/ameba-rtos-pro2/component/soc/8735b/fwlib/rtl8735b/source/ram/hal_ecdsa.c:112:12:hal_ecdsa_deinit	8	static
/home/bsc/ameba-rtos-pro2/component/soc/8735b/fwlib/rtl8735b/source/ram/hal_ecdsa.c:124:6:hal_ecdsa_reset	8	static
/home/bsc/ameba-rtos-pro2/component/soc/8735b/fwlib/rtl8735b/source/ram/hal_ecdsa.c:134:6:hal_ecdsa_clr_finish_int	8	static
/home/bsc/ameba-rtos-pro2/component/soc/8735b/fwlib/rtl8735b/source/ram/hal_ecdsa.c:144:6:hal_ecdsa_mask_finish_int	8	static
/home/bsc/ameba-rtos-pro2/component/soc/8735b/fwlib/rtl8735b/source/ram/hal_ecdsa.c:159:6:hal_ecdsa_set_curve	8	static
/home/bsc/ameba-rtos-pro2/component/soc/8735b/fwlib/rtl8735b/source/ram/hal_ecdsa.c:173:6:hal_ecdsa_set_mode	8	static
/home/bsc/ameba-rtos-pro2/component/soc/8735b/fwlib/rtl8735b/source/ram/hal_ecdsa.c:186:6:hal_ecdsa_set_bit_num	8	static
/home/bsc/ameba-rtos-pro2/component/soc/8735b/fwlib/rtl8735b/source/ram/hal_ecdsa.c:199:6:hal_ecdsa_start_en	8	static
/home/bsc/ameba-rtos-pro2/component/soc/8735b/fwlib/rtl8735b/source/ram/hal_ecdsa.c:212:6:hal_ecdsa_hash_en	8	static
/home/bsc/ameba-rtos-pro2/component/soc/8735b/fwlib/rtl8735b/source/ram/hal_ecdsa.c:225:6:hal_ecdsa_hash_256_en	8	static
/home/bsc/ameba-rtos-pro2/component/soc/8735b/fwlib/rtl8735b/source/ram/hal_ecdsa.c:238:6:hal_ecdsa_select_prk	8	static
/home/bsc/ameba-rtos-pro2/component/soc/8735b/fwlib/rtl8735b/source/ram/hal_ecdsa.c:251:6:hal_ecdsa_set_prk	8	static
/home/bsc/ameba-rtos-pro2/component/soc/8735b/fwlib/rtl8735b/source/ram/hal_ecdsa.c:264:6:hal_ecdsa_set_random_k	8	static
/home/bsc/ameba-rtos-pro2/component/soc/8735b/fwlib/rtl8735b/source/ram/hal_ecdsa.c:278:6:hal_ecdsa_set_pbk	8	static
/home/bsc/ameba-rtos-pro2/component/soc/8735b/fwlib/rtl8735b/source/ram/hal_ecdsa.c:291:6:hal_ecdsa_set_hash	8	static
/home/bsc/ameba-rtos-pro2/component/soc/8735b/fwlib/rtl8735b/source/ram/hal_ecdsa.c:305:6:hal_ecdsa_set_rs	8	static
/home/bsc/ameba-rtos-pro2/component/soc/8735b/fwlib/rtl8735b/source/ram/hal_ecdsa.c:319:6:hal_ecdsa_set_base_point	8	static
/home/bsc/ameba-rtos-pro2/component/soc/8735b/fwlib/rtl8735b/source/ram/hal_ecdsa.c:333:6:hal_ecdsa_set_base_point_2	8	static
/home/bsc/ameba-rtos-pro2/component/soc/8735b/fwlib/rtl8735b/source/ram/hal_ecdsa.c:346:6:hal_ecdsa_set_cor_a	8	static
/home/bsc/ameba-rtos-pro2/component/soc/8735b/fwlib/rtl8735b/source/ram/hal_ecdsa.c:359:6:hal_ecdsa_set_prime	8	static
/home/bsc/ameba-rtos-pro2/component/soc/8735b/fwlib/rtl8735b/source/ram/hal_ecdsa.c:372:6:hal_ecdsa_set_order_n	8	static
/home/bsc/ameba-rtos-pro2/component/soc/8735b/fwlib/rtl8735b/source/ram/hal_ecdsa.c:386:6:hal_ecdsa_get_result_x_y	8	static
/home/bsc/ameba-rtos-pro2/component/soc/8735b/fwlib/rtl8735b/source/ram/hal_ecdsa.c:398:10:hal_ecdsa_get_veri_result	8	static
/home/bsc/ameba-rtos-pro2/component/soc/8735b/fwlib/rtl8735b/source/ram/hal_ecdsa.c:410:10:hal_ecdsa_get_veri_err_sta	8	static
/home/bsc/ameba-rtos-pro2/component/soc/8735b/fwlib/rtl8735b/source/ram/hal_ecdsa.c:422:10:hal_ecdsa_get_inf_err_sta	8	static
/home/bsc/ameba-rtos-pro2/component/soc/8735b/fwlib/rtl8735b/source/ram/hal_ecdsa.c:434:10:hal_ecdsa_get_finish_sta	8	static
/home/bsc/ameba-rtos-pro2/component/soc/8735b/fwlib/rtl8735b/source/ram/hal_ecdsa.c:448:6:hal_ecdsa_get_pbk	8	static
/home/bsc/ameba-rtos-pro2/component/soc/8735b/fwlib/rtl8735b/source/ram/hal_ecdsa.c:462:6:hal_ecdsa_get_rs	8	static
/home/bsc/ameba-rtos-pro2/component/soc/8735b/fwlib/rtl8735b/source/ram/hal_ecdsa.c:474:10:hal_ecdsa_get_sign_err_sta	8	static
/home/bsc/ameba-rtos-pro2/component/soc/8735b/fwlib/rtl8735b/source/ram/hal_ecdsa.c:486:10:hal_ecdsa_get_scal_mul_err_sta	8	static
/home/bsc/ameba-rtos-pro2/component/soc/8735b/fwlib/rtl8735b/source/ram/hal_ecdsa.c:498:10:hal_ecdsa_get_err_sta	8	static
/home/bsc/ameba-rtos-pro2/component/soc/8735b/fwlib/rtl8735b/source/ram/hal_ecdsa.c:510:10:hal_ecdsa_get_idle_sta	8	static
/home/bsc/ameba-rtos-pro2/component/soc/8735b/fwlib/rtl8735b/source/ram/hal_ecdsa.c:523:6:hal_ecdsa_verify	8	static
/home/bsc/ameba-rtos-pro2/component/soc/8735b/fwlib/rtl8735b/source/ram/hal_ecdsa.c:537:6:hal_ecdsa_signature	8	static
/home/bsc/ameba-rtos-pro2/component/soc/8735b/fwlib/rtl8735b/source/ram/hal_ecdsa.c:550:6:hal_ecdsa_hash	8	static
/home/bsc/ameba-rtos-pro2/component/soc/8735b/fwlib/rtl8735b/source/ram/hal_ecdsa.c:565:6:hal_ecdsa_gen_public_key	8	static
/home/bsc/ameba-rtos-pro2/component/soc/8735b/fwlib/rtl8735b/source/ram/hal_ecdsa.c:578:6:hal_ecdsa_cb_handler	8	static
