/home/bsc/ameba-rtos-pro2/component/soc/8735b/fwlib/rtl8735b/include/hal_gdma.h:394:22:hal_gdma_handshake_init	8	static
/home/bsc/ameba-rtos-pro2/component/soc/8735b/fwlib/rtl8735b/include/hal_gdma.h:477:22:hal_gdma_irq_reg	8	static
/home/bsc/ameba-rtos-pro2/component/soc/8735b/fwlib/rtl8735b/include/hal_gdma.h:494:22:hal_gdma_transfer_start	8	static
/home/bsc/ameba-rtos-pro2/component/soc/8735b/fwlib/rtl8735b/include/hal_gdma.h:365:30:hal_gdma_chnl_init.isra	8	static
/home/bsc/ameba-rtos-pro2/component/soc/8735b/fwlib/rtl8735b/source/ram/hal_i2c.c:64:14:hal_i2c_pin_register	16	static
/home/bsc/ameba-rtos-pro2/component/soc/8735b/fwlib/rtl8735b/source/ram/hal_i2c.c:88:14:hal_i2c_pin_unregister	16	static
/home/bsc/ameba-rtos-pro2/component/soc/8735b/fwlib/rtl8735b/source/ram/hal_i2c.c:112:14:hal_i2c_init	8	static
/home/bsc/ameba-rtos-pro2/component/soc/8735b/fwlib/rtl8735b/source/ram/hal_i2c.c:138:14:hal_i2c_deinit	8	static
/home/bsc/ameba-rtos-pro2/component/soc/8735b/fwlib/rtl8735b/source/ram/hal_i2c.c:163:9:hal_i2c_timeout_chk	8	static
/home/bsc/ameba-rtos-pro2/component/soc/8735b/fwlib/rtl8735b/source/ram/hal_i2c.c:178:9:hal_i2c_chk_mod	8	static
/home/bsc/ameba-rtos-pro2/component/soc/8735b/fwlib/rtl8735b/source/ram/hal_i2c.c:190:9:hal_i2c_pure_init	8	static
/home/bsc/ameba-rtos-pro2/component/soc/8735b/fwlib/rtl8735b/source/ram/hal_i2c.c:203:9:hal_i2c_pure_deinit	8	static
/home/bsc/ameba-rtos-pro2/component/soc/8735b/fwlib/rtl8735b/source/ram/hal_i2c.c:219:9:hal_i2c_en_ctrl	8	static
/home/bsc/ameba-rtos-pro2/component/soc/8735b/fwlib/rtl8735b/source/ram/hal_i2c.c:231:14:hal_i2c_set_clk	8	static
/home/bsc/ameba-rtos-pro2/component/soc/8735b/fwlib/rtl8735b/source/ram/hal_i2c.c:257:14:hal_i2c_intr_ctrl	8	static
/home/bsc/ameba-rtos-pro2/component/soc/8735b/fwlib/rtl8735b/source/ram/hal_i2c.c:280:14:hal_i2c_wr	8	static
/home/bsc/ameba-rtos-pro2/component/soc/8735b/fwlib/rtl8735b/source/ram/hal_i2c.c:302:6:hal_i2c_mst_send_rdcmd	8	static
/home/bsc/ameba-rtos-pro2/component/soc/8735b/fwlib/rtl8735b/source/ram/hal_i2c.c:319:10:hal_i2c_dma_ctrl	8	static
/home/bsc/ameba-rtos-pro2/component/soc/8735b/fwlib/rtl8735b/source/ram/hal_i2c.c:334:14:hal_i2c_mst_restr_ctrl	8	static
/home/bsc/ameba-rtos-pro2/component/soc/8735b/fwlib/rtl8735b/source/ram/hal_i2c.c:350:14:hal_i2c_mst_gc_sb_ctrl	8	static
/home/bsc/ameba-rtos-pro2/component/soc/8735b/fwlib/rtl8735b/source/ram/hal_i2c.c:366:14:hal_i2c_slv_no_ack_ctrl	8	static
/home/bsc/ameba-rtos-pro2/component/soc/8735b/fwlib/rtl8735b/source/ram/hal_i2c.c:382:9:hal_i2c_slv_no_ack_sts	8	static
/home/bsc/ameba-rtos-pro2/component/soc/8735b/fwlib/rtl8735b/source/ram/hal_i2c.c:396:14:hal_i2c_slv_ack_gc_ctrl	8	static
/home/bsc/ameba-rtos-pro2/component/soc/8735b/fwlib/rtl8735b/source/ram/hal_i2c.c:410:9:hal_i2c_slv_ack_gc_sts	8	static
/home/bsc/ameba-rtos-pro2/component/soc/8735b/fwlib/rtl8735b/source/ram/hal_i2c.c:422:14:hal_i2c_slv_to_slp	8	static
/home/bsc/ameba-rtos-pro2/component/soc/8735b/fwlib/rtl8735b/source/ram/hal_i2c.c:438:9:hal_i2c_slv_chk_mst_wr	8	static
/home/bsc/ameba-rtos-pro2/component/soc/8735b/fwlib/rtl8735b/source/ram/hal_i2c.c:455:9:hal_i2c_slv_chk_rd_req	8	static
/home/bsc/ameba-rtos-pro2/component/soc/8735b/fwlib/rtl8735b/source/ram/hal_i2c.c:467:14:hal_i2c_pin_init	8	static
/home/bsc/ameba-rtos-pro2/component/soc/8735b/fwlib/rtl8735b/source/ram/hal_i2c.c:479:14:hal_i2c_pin_deinit	8	static
/home/bsc/ameba-rtos-pro2/component/soc/8735b/fwlib/rtl8735b/source/ram/hal_i2c.c:492:14:hal_i2c_load_default	8	static
/home/bsc/ameba-rtos-pro2/component/soc/8735b/fwlib/rtl8735b/source/ram/hal_i2c.c:505:14:hal_i2c_set_tar	8	static
/home/bsc/ameba-rtos-pro2/component/soc/8735b/fwlib/rtl8735b/source/ram/hal_i2c.c:517:14:hal_i2c_send_addr_retry	8	static
/home/bsc/ameba-rtos-pro2/component/soc/8735b/fwlib/rtl8735b/source/ram/hal_i2c.c:529:14:hal_i2c_send_poll	8	static
/home/bsc/ameba-rtos-pro2/component/soc/8735b/fwlib/rtl8735b/source/ram/hal_i2c.c:541:14:hal_i2c_send_intr	8	static
/home/bsc/ameba-rtos-pro2/component/soc/8735b/fwlib/rtl8735b/source/ram/hal_i2c.c:553:14:hal_i2c_recv_addr_retry	8	static
/home/bsc/ameba-rtos-pro2/component/soc/8735b/fwlib/rtl8735b/source/ram/hal_i2c.c:565:14:hal_i2c_recv_poll	8	static
/home/bsc/ameba-rtos-pro2/component/soc/8735b/fwlib/rtl8735b/source/ram/hal_i2c.c:577:14:hal_i2c_recv_intr	8	static
/home/bsc/ameba-rtos-pro2/component/soc/8735b/fwlib/rtl8735b/source/ram/hal_i2c.c:591:14:hal_i2c_set_sar	8	static
/home/bsc/ameba-rtos-pro2/component/soc/8735b/fwlib/rtl8735b/source/ram/hal_i2c.c:603:10:hal_i2c_slv_recv_poll	8	static
/home/bsc/ameba-rtos-pro2/component/soc/8735b/fwlib/rtl8735b/source/ram/hal_i2c.c:615:10:hal_i2c_slv_recv_intr	8	static
/home/bsc/ameba-rtos-pro2/component/soc/8735b/fwlib/rtl8735b/source/ram/hal_i2c.c:627:10:hal_i2c_slv_send_poll	8	static
/home/bsc/ameba-rtos-pro2/component/soc/8735b/fwlib/rtl8735b/source/ram/hal_i2c.c:639:10:hal_i2c_slv_send_intr	8	static
/home/bsc/ameba-rtos-pro2/component/soc/8735b/fwlib/rtl8735b/source/ram/hal_i2c.c:652:6:hal_i2c_reg_comm_irq	16	static
/home/bsc/ameba-rtos-pro2/component/soc/8735b/fwlib/rtl8735b/source/ram/hal_i2c.c:673:6:hal_i2c_reg_irq	8	static
/home/bsc/ameba-rtos-pro2/component/soc/8735b/fwlib/rtl8735b/source/ram/hal_i2c.c:687:9:hal_i2c_unreg_irq	16	static
/home/bsc/ameba-rtos-pro2/component/soc/8735b/fwlib/rtl8735b/source/ram/hal_i2c.c:722:14:hal_i2c_send_dma_init	16	static
/home/bsc/ameba-rtos-pro2/component/soc/8735b/fwlib/rtl8735b/source/ram/hal_i2c.c:789:14:hal_i2c_send_dma_deinit	8	static
/home/bsc/ameba-rtos-pro2/component/soc/8735b/fwlib/rtl8735b/source/ram/hal_i2c.c:812:14:hal_i2c_send_dma	32	static
/home/bsc/ameba-rtos-pro2/component/soc/8735b/fwlib/rtl8735b/source/ram/hal_i2c.c:935:14:hal_i2c_send	16	static
/home/bsc/ameba-rtos-pro2/component/soc/8735b/fwlib/rtl8735b/source/ram/hal_i2c.c:993:14:hal_i2c_recv_dma_init	16	static
/home/bsc/ameba-rtos-pro2/component/soc/8735b/fwlib/rtl8735b/source/ram/hal_i2c.c:1066:14:hal_i2c_recv_dma_deinit	8	static
/home/bsc/ameba-rtos-pro2/component/soc/8735b/fwlib/rtl8735b/source/ram/hal_i2c.c:1088:14:hal_i2c_recv_dma	32	static
/home/bsc/ameba-rtos-pro2/component/soc/8735b/fwlib/rtl8735b/source/ram/hal_i2c.c:1210:14:hal_i2c_receive	16	static
/home/bsc/ameba-rtos-pro2/component/soc/8735b/fwlib/rtl8735b/source/ram/hal_i2c.c:1268:10:hal_i2c_slv_send_dma	32	static
/home/bsc/ameba-rtos-pro2/component/soc/8735b/fwlib/rtl8735b/source/ram/hal_i2c.c:1372:14:hal_i2c_slv_send	8	static
/home/bsc/ameba-rtos-pro2/component/soc/8735b/fwlib/rtl8735b/source/ram/hal_i2c.c:1411:10:hal_i2c_slv_recv_dma	32	static
/home/bsc/ameba-rtos-pro2/component/soc/8735b/fwlib/rtl8735b/source/ram/hal_i2c.c:1508:14:hal_i2c_slv_recv	8	static
