/home/bsc/ameba-rtos-pro2/component/soc/8735b/fwlib/rtl8735b/source/ram/rtl8735b_eth.c:682:5:hal_rtl_eth_send_pkt	0	static
/home/bsc/ameba-rtos-pro2/component/soc/8735b/fwlib/rtl8735b/source/ram/rtl8735b_eth.c:703:5:hal_rtl_eth_receive_pkt	16	static
/home/bsc/ameba-rtos-pro2/component/soc/8735b/fwlib/rtl8735b/source/ram/rtl8735b_eth.c:790:5:hal_rtl_eth_get_link_status	0	static
/home/bsc/ameba-rtos-pro2/component/soc/8735b/fwlib/rtl8735b/source/ram/rtl8735b_eth.c:739:5:hal_rtl_eth_read_data	40	static
/home/bsc/ameba-rtos-pro2/component/soc/8735b/fwlib/rtl8735b/source/ram/rtl8735b_eth.c:581:5:hal_rtl_eth_write_data	24	static
/home/bsc/ameba-rtos-pro2/component/soc/8735b/fwlib/rtl8735b/source/ram/rtl8735b_eth.c:917:5:hal_rtl_eth_rd_phy_reg	24	static
/home/bsc/ameba-rtos-pro2/component/soc/8735b/fwlib/rtl8735b/source/ram/rtl8735b_eth.c:986:5:hal_rtl_eth_wr_phy_reg	32	static
/home/bsc/ameba-rtos-pro2/component/soc/8735b/fwlib/rtl8735b/source/ram/rtl8735b_eth.c:812:6:hal_rtl_eth_set_link	16	static
/home/bsc/ameba-rtos-pro2/component/soc/8735b/fwlib/rtl8735b/source/ram/rtl8735b_eth.c:1133:6:hal_rtl_eth_phy_eee_ctrl	16	static
/home/bsc/ameba-rtos-pro2/component/soc/8735b/fwlib/rtl8735b/source/ram/rtl8735b_eth.c:212:6:hal_rtl_eth_set_desc_num	8	static
/home/bsc/ameba-rtos-pro2/component/soc/8735b/fwlib/rtl8735b/source/ram/rtl8735b_eth.c:237:6:hal_rtl_eth_set_desc_addr	8	static
/home/bsc/ameba-rtos-pro2/component/soc/8735b/fwlib/rtl8735b/source/ram/rtl8735b_eth.c:262:6:hal_rtl_eth_set_pkt_buf	8	static
/home/bsc/ameba-rtos-pro2/component/soc/8735b/fwlib/rtl8735b/source/ram/rtl8735b_eth.c:878:6:hal_rtl_eth_callback_hook.part.0	8	static
/home/bsc/ameba-rtos-pro2/component/soc/8735b/fwlib/rtl8735b/source/ram/rtl8735b_eth.c:878:6:hal_rtl_eth_callback_hook	8	static
/home/bsc/ameba-rtos-pro2/component/soc/8735b/fwlib/rtl8735b/source/ram/rtl8735b_eth.c:897:6:hal_rtl_eth_task_yield_hook	8	static
/home/bsc/ameba-rtos-pro2/component/soc/8735b/fwlib/rtl8735b/source/ram/rtl8735b_eth.c:286:6:hal_rtl_eth_set_mac_addr	8	static
/home/bsc/ameba-rtos-pro2/component/soc/8735b/fwlib/rtl8735b/source/ram/rtl8735b_eth.c:305:6:hal_rtl_eth_get_mac_addr	8	static
/home/bsc/ameba-rtos-pro2/component/soc/8735b/fwlib/rtl8735b/source/ram/rtl8735b_eth.c:195:6:hal_rtl_eth_irq_unreg	8	static
/home/bsc/ameba-rtos-pro2/component/soc/8735b/fwlib/rtl8735b/source/ram/rtl8735b_eth.c:184:6:hal_rtl_eth_irq_reg	16	static
