/home/bsc/ameba-rtos-pro2/component/soc/8735b/fwlib/rtl8735b/include/hal_irq.h:80:22:hal_irq_enable	8	static
/home/bsc/ameba-rtos-pro2/component/soc/8735b/fwlib/rtl8735b/include/hal_irq.h:91:22:hal_irq_disable	8	static
/home/bsc/ameba-rtos-pro2/component/soc/8735b/fwlib/rtl8735b/include/hal_irq.h:181:22:hal_irq_clear_pending	8	static
/home/bsc/ameba-rtos-pro2/component/soc/8735b/fwlib/rtl8735b/source/ram/rtl8735b_ssi.c:1634:14:hal_rtl_ssi_enter_critical	8	static
/home/bsc/ameba-rtos-pro2/component/soc/8735b/fwlib/rtl8735b/source/ram/rtl8735b_ssi.c:1683:14:hal_rtl_ssi_exit_critical	8	static
/home/bsc/ameba-rtos-pro2/component/soc/8735b/fwlib/rtl8735b/source/ram/rtl8735b_ssi.c:1731:6:hal_rtl_ssi_tx_gdma_irq_handle	8	static
/home/bsc/ameba-rtos-pro2/component/soc/8735b/fwlib/rtl8735b/source/ram/rtl8735b_ssi.c:1757:6:hal_rtl_ssi_rx_gdma_irq_handle	8	static
/home/bsc/ameba-rtos-pro2/component/soc/8735b/fwlib/rtl8735b/source/ram/rtl8735b_ssi.c:125:14:hal_rtl_ssi_clock_ctl	8	static
/home/bsc/ameba-rtos-pro2/component/soc/8735b/fwlib/rtl8735b/source/ram/rtl8735b_ssi.c:165:14:hal_rtl_ssi_enable	16	static
/home/bsc/ameba-rtos-pro2/component/soc/8735b/fwlib/rtl8735b/source/ram/rtl8735b_ssi.c:189:14:hal_rtl_ssi_disable	16	static
/home/bsc/ameba-rtos-pro2/component/soc/8735b/fwlib/rtl8735b/source/ram/rtl8735b_ssi.c:480:6:hal_rtl_ssi_write_interrupt	24	static
/home/bsc/ameba-rtos-pro2/component/soc/8735b/fwlib/rtl8735b/source/ram/rtl8735b_ssi.c:324:6:hal_rtl_ssi_read_interrupt	24	static
/home/bsc/ameba-rtos-pro2/component/soc/8735b/fwlib/rtl8735b/source/ram/rtl8735b_ssi.c:729:14:hal_rtl_ssi_interrupt_enable	24	static
/home/bsc/ameba-rtos-pro2/component/soc/8735b/fwlib/rtl8735b/source/ram/rtl8735b_ssi.c:763:14:hal_rtl_ssi_interrupt_disable	24	static
/home/bsc/ameba-rtos-pro2/component/soc/8735b/fwlib/rtl8735b/source/ram/rtl8735b_ssi.c:291:14:hal_rtl_ssi_deinit_setting	16	static
/home/bsc/ameba-rtos-pro2/component/soc/8735b/fwlib/rtl8735b/source/ram/rtl8735b_ssi.c:921:14:hal_rtl_ssi_set_sclk	24	static
/home/bsc/ameba-rtos-pro2/component/soc/8735b/fwlib/rtl8735b/source/ram/rtl8735b_ssi.c:1021:14:hal_rtl_ssi_set_microwire	24	static
/home/bsc/ameba-rtos-pro2/component/soc/8735b/fwlib/rtl8735b/source/ram/rtl8735b_ssi.c:978:14:hal_rtl_ssi_set_format	32	static
/home/bsc/ameba-rtos-pro2/component/soc/8735b/fwlib/rtl8735b/source/ram/rtl8735b_ssi.c:1066:14:hal_rtl_ssi_set_sclk_polarity	24	static
/home/bsc/ameba-rtos-pro2/component/soc/8735b/fwlib/rtl8735b/source/ram/rtl8735b_ssi.c:1095:14:hal_rtl_ssi_set_sclk_phase	24	static
/home/bsc/ameba-rtos-pro2/component/soc/8735b/fwlib/rtl8735b/source/ram/rtl8735b_ssi.c:1124:14:hal_rtl_ssi_set_data_frame_number	16	static
/home/bsc/ameba-rtos-pro2/component/soc/8735b/fwlib/rtl8735b/source/ram/rtl8735b_ssi.c:1162:14:hal_rtl_ssi_set_interrupt_mask	24	static
/home/bsc/ameba-rtos-pro2/component/soc/8735b/fwlib/rtl8735b/source/ram/rtl8735b_ssi.c:1192:14:hal_rtl_ssi_set_device_role	32	static
/home/bsc/ameba-rtos-pro2/component/soc/8735b/fwlib/rtl8735b/source/ram/rtl8735b_ssi.c:1229:14:hal_rtl_ssi_set_txfifo_threshold	16	static
/home/bsc/ameba-rtos-pro2/component/soc/8735b/fwlib/rtl8735b/source/ram/rtl8735b_ssi.c:1256:14:hal_rtl_ssi_set_rxfifo_threshold	16	static
/home/bsc/ameba-rtos-pro2/component/soc/8735b/fwlib/rtl8735b/source/ram/rtl8735b_ssi.c:213:14:hal_rtl_ssi_init_setting	16	static
/home/bsc/ameba-rtos-pro2/component/soc/8735b/fwlib/rtl8735b/source/ram/rtl8735b_ssi.c:396:6:hal_rtl_ssi_read_unfix_size_interrupt	24	static
/home/bsc/ameba-rtos-pro2/component/soc/8735b/fwlib/rtl8735b/source/ram/rtl8735b_ssi.c:652:6:hal_rtl_ssi_irq_handle	32	static
/home/bsc/ameba-rtos-pro2/component/soc/8735b/fwlib/rtl8735b/source/ram/rtl8735b_ssi.c:580:6:SPI0_IRQHandler_ram	8	static
/home/bsc/ameba-rtos-pro2/component/soc/8735b/fwlib/rtl8735b/source/ram/rtl8735b_ssi.c:598:6:SPI1_IRQHandler_ram	8	static
/home/bsc/ameba-rtos-pro2/component/soc/8735b/fwlib/rtl8735b/source/ram/rtl8735b_ssi.c:616:6:SPI2_IRQHandler_ram	8	static
/home/bsc/ameba-rtos-pro2/component/soc/8735b/fwlib/rtl8735b/source/ram/rtl8735b_ssi.c:634:6:SPI3_IRQHandler_ram	8	static
/home/bsc/ameba-rtos-pro2/component/soc/8735b/fwlib/rtl8735b/source/ram/rtl8735b_ssi.c:796:14:hal_rtl_ssi_interrupt_init_read	40	static
/home/bsc/ameba-rtos-pro2/component/soc/8735b/fwlib/rtl8735b/source/ram/rtl8735b_ssi.c:1313:5:hal_rtl_ssi_get_rxfifo_level	16	static
/home/bsc/ameba-rtos-pro2/component/soc/8735b/fwlib/rtl8735b/source/ram/rtl8735b_ssi.c:1576:14:hal_rtl_ssi_stop_recv	24	static
/home/bsc/ameba-rtos-pro2/component/soc/8735b/fwlib/rtl8735b/source/ram/rtl8735b_ssi.c:1335:5:hal_rtl_ssi_get_txfifo_level	16	static
/home/bsc/ameba-rtos-pro2/component/soc/8735b/fwlib/rtl8735b/source/ram/rtl8735b_ssi.c:1357:5:hal_rtl_ssi_get_status	16	static
/home/bsc/ameba-rtos-pro2/component/soc/8735b/fwlib/rtl8735b/source/ram/rtl8735b_ssi.c:1379:5:hal_rtl_ssi_get_busy	16	static
/home/bsc/ameba-rtos-pro2/component/soc/8735b/fwlib/rtl8735b/source/ram/rtl8735b_ssi.c:1283:14:hal_rtl_ssi_set_slave_enable	24	static
/home/bsc/ameba-rtos-pro2/component/soc/8735b/fwlib/rtl8735b/source/ram/rtl8735b_ssi.c:1401:5:hal_rtl_ssi_get_interrupt_mask	16	static
/home/bsc/ameba-rtos-pro2/component/soc/8735b/fwlib/rtl8735b/source/ram/rtl8735b_ssi.c:1423:5:hal_rtl_ssi_get_interrupt_status	16	static
/home/bsc/ameba-rtos-pro2/component/soc/8735b/fwlib/rtl8735b/source/ram/rtl8735b_ssi.c:1446:5:hal_rtl_ssi_get_raw_interrupt_status	16	static
/home/bsc/ameba-rtos-pro2/component/soc/8735b/fwlib/rtl8735b/source/ram/rtl8735b_ssi.c:1468:5:hal_rtl_ssi_get_slave_enable_register	16	static
/home/bsc/ameba-rtos-pro2/component/soc/8735b/fwlib/rtl8735b/source/ram/rtl8735b_ssi.c:1492:5:hal_rtl_ssi_writable	16	static
/home/bsc/ameba-rtos-pro2/component/soc/8735b/fwlib/rtl8735b/source/ram/rtl8735b_ssi.c:1513:5:hal_rtl_ssi_readable	16	static
/home/bsc/ameba-rtos-pro2/component/soc/8735b/fwlib/rtl8735b/source/ram/rtl8735b_ssi.c:1534:14:hal_rtl_ssi_write	24	static
/home/bsc/ameba-rtos-pro2/component/soc/8735b/fwlib/rtl8735b/source/ram/rtl8735b_ssi.c:1555:5:hal_rtl_ssi_read	16	static
/home/bsc/ameba-rtos-pro2/component/soc/8735b/fwlib/rtl8735b/source/ram/rtl8735b_ssi.c:1851:14:hal_rtl_ssi_rx_gdma_init_setting	24	static
/home/bsc/ameba-rtos-pro2/component/soc/8735b/fwlib/rtl8735b/source/ram/rtl8735b_ssi.c:1923:14:hal_rtl_ssi_dma_send_init	40	static
/home/bsc/ameba-rtos-pro2/component/soc/8735b/fwlib/rtl8735b/source/ram/rtl8735b_ssi.c:2002:14:hal_rtl_ssi_dma_recv_init	24	static
/home/bsc/ameba-rtos-pro2/component/soc/8735b/fwlib/rtl8735b/source/ram/rtl8735b_ssi.c:1782:14:hal_rtl_ssi_tx_gdma_init_setting	24	static
/home/bsc/ameba-rtos-pro2/component/soc/8735b/fwlib/rtl8735b/source/ram/rtl8735b_ssi.c:857:14:hal_rtl_ssi_interrupt_init_write	32	static
