/home/bsc/ameba-rtos-pro2/component/mbed/targets/hal/rtl8735b/i2c_api.c:79:12:i2c_user_config	0	static
/home/bsc/ameba-rtos-pro2/component/mbed/targets/hal/rtl8735b/i2c_api.c:83:6:i2c_init	24	static
/home/bsc/ameba-rtos-pro2/component/mbed/targets/hal/rtl8735b/i2c_api.c:106:6:i2c_frequency	8	static
/home/bsc/ameba-rtos-pro2/component/mbed/targets/hal/rtl8735b/i2c_api.c:113:5:i2c_start	0	static
/home/bsc/ameba-rtos-pro2/component/mbed/targets/hal/rtl8735b/i2c_api.c:118:5:i2c_stop	0	static
/home/bsc/ameba-rtos-pro2/component/mbed/targets/hal/rtl8735b/i2c_api.c:123:6:i2c_reset	8	static
/home/bsc/ameba-rtos-pro2/component/mbed/targets/hal/rtl8735b/i2c_api.c:128:5:i2c_byte_read	16	static
/home/bsc/ameba-rtos-pro2/component/mbed/targets/hal/rtl8735b/i2c_api.c:148:5:i2c_byte_write	16	static
/home/bsc/ameba-rtos-pro2/component/mbed/targets/hal/rtl8735b/i2c_api.c:165:5:i2c_read	24	static
/home/bsc/ameba-rtos-pro2/component/mbed/targets/hal/rtl8735b/i2c_api.c:200:5:i2c_write	24	static
/home/bsc/ameba-rtos-pro2/component/mbed/targets/hal/rtl8735b/i2c_api.c:234:5:i2c_enable_control	8	static
/home/bsc/ameba-rtos-pro2/component/mbed/targets/hal/rtl8735b/i2c_api.c:239:6:i2c_restart_enable	8	static
/home/bsc/ameba-rtos-pro2/component/mbed/targets/hal/rtl8735b/i2c_api.c:245:6:i2c_restart_disable	8	static
/home/bsc/ameba-rtos-pro2/component/mbed/targets/hal/rtl8735b/i2c_api.c:251:6:i2c_slave_mode	16	static
/home/bsc/ameba-rtos-pro2/component/mbed/targets/hal/rtl8735b/i2c_api.c:268:6:i2c_slave_address	8	static
/home/bsc/ameba-rtos-pro2/component/mbed/targets/hal/rtl8735b/i2c_api.c:275:5:i2c_slave_receive	0	static
/home/bsc/ameba-rtos-pro2/component/mbed/targets/hal/rtl8735b/i2c_api.c:282:5:i2c_slave_read	24	static
/home/bsc/ameba-rtos-pro2/component/mbed/targets/hal/rtl8735b/i2c_api.c:311:5:i2c_slave_write	24	static
/home/bsc/ameba-rtos-pro2/component/mbed/targets/hal/rtl8735b/i2c_api.c:340:5:i2c_slave_set_for_rd_req	0	static
/home/bsc/ameba-rtos-pro2/component/mbed/targets/hal/rtl8735b/i2c_api.c:352:5:i2c_slave_set_for_data_nak	8	static
/home/bsc/ameba-rtos-pro2/component/mbed/targets/hal/rtl8735b/i2c_api.c:360:6:i2c_set_user_callback	0	static
/home/bsc/ameba-rtos-pro2/component/mbed/targets/hal/rtl8735b/i2c_api.c:384:6:i2c_clear_user_callback	0	static
