/home/bsc/ameba-rtos-pro2/component/mbed/targets/hal/rtl8735b/i2s_api.c:63:6:i2s_sw_reset	8	static
/home/bsc/ameba-rtos-pro2/component/mbed/targets/hal/rtl8735b/i2s_api.c:70:6:i2s_init	72	static
/home/bsc/ameba-rtos-pro2/component/mbed/targets/hal/rtl8735b/i2s_api.c:134:6:i2s_set_dma_buffer	24	static
/home/bsc/ameba-rtos-pro2/component/mbed/targets/hal/rtl8735b/i2s_api.c:157:6:i2s_tx_irq_handler	0	static
/home/bsc/ameba-rtos-pro2/component/mbed/targets/hal/rtl8735b/i2s_api.c:165:6:i2s_rx_irq_handler	0	static
/home/bsc/ameba-rtos-pro2/component/mbed/targets/hal/rtl8735b/i2s_api.c:173:6:i2s_set_direction	0	static
/home/bsc/ameba-rtos-pro2/component/mbed/targets/hal/rtl8735b/i2s_api.c:185:10:i2s_get_direction	0	static
/home/bsc/ameba-rtos-pro2/component/mbed/targets/hal/rtl8735b/i2s_api.c:196:6:i2s_set_param	16	static
/home/bsc/ameba-rtos-pro2/component/mbed/targets/hal/rtl8735b/i2s_api.c:205:6:i2s_deinit	8	static
/home/bsc/ameba-rtos-pro2/component/mbed/targets/hal/rtl8735b/i2s_api.c:236:6:i2s_get_tx_page	16	static
/home/bsc/ameba-rtos-pro2/component/mbed/targets/hal/rtl8735b/i2s_api.c:252:6:i2s_send_page	16	static
/home/bsc/ameba-rtos-pro2/component/mbed/targets/hal/rtl8735b/i2s_api.c:271:6:i2s_recv_page	8	static
/home/bsc/ameba-rtos-pro2/component/mbed/targets/hal/rtl8735b/i2s_api.c:278:6:i2s_enable	8	static
/home/bsc/ameba-rtos-pro2/component/mbed/targets/hal/rtl8735b/i2s_api.c:285:6:i2s_disable	8	static
/home/bsc/ameba-rtos-pro2/component/mbed/targets/hal/rtl8735b/i2s_api.c:294:6:i2s_set_format	0	static
/home/bsc/ameba-rtos-pro2/component/mbed/targets/hal/rtl8735b/i2s_api.c:301:6:i2s_set_master	0	static
/home/bsc/ameba-rtos-pro2/component/mbed/targets/hal/rtl8735b/i2s_api.c:308:6:i2s_set_dma_burst_size	0	static
/home/bsc/ameba-rtos-pro2/component/mbed/targets/hal/rtl8735b/i2s_api.c:315:6:i2s_set_byte_swap	0	static
/home/bsc/ameba-rtos-pro2/component/mbed/targets/hal/rtl8735b/i2s_api.c:322:6:i2s_set_sck_inv	0	static
/home/bsc/ameba-rtos-pro2/component/mbed/targets/hal/rtl8735b/i2s_api.c:329:6:i2s_set_ws_swap	0	static
/home/bsc/ameba-rtos-pro2/component/mbed/targets/hal/rtl8735b/i2s_api.c:336:6:i2s_set_loopback	0	static
/home/bsc/ameba-rtos-pro2/component/mbed/targets/hal/rtl8735b/i2s_api.c:348:6:i2s_set_data_start_edge	0	static
/home/bsc/ameba-rtos-pro2/component/mbed/targets/hal/rtl8735b/i2s_api.c:355:6:i2s_set_mute	0	static
