/home/bsc/ameba-rtos-pro2/component/mbed/targets/hal/rtl8735b/power_mode_api.c:59:6:DeepSleep	8	static
/home/bsc/ameba-rtos-pro2/component/mbed/targets/hal/rtl8735b/power_mode_api.c:84:6:SleepCG	8	static
/home/bsc/ameba-rtos-pro2/component/mbed/targets/hal/rtl8735b/power_mode_api.c:114:5:Standby	8	static
/home/bsc/ameba-rtos-pro2/component/mbed/targets/hal/rtl8735b/power_mode_api.c:138:5:Get_wake_reason	8	static
/home/bsc/ameba-rtos-pro2/component/mbed/targets/hal/rtl8735b/power_mode_api.c:148:6:Aon_timer_clear	8	static
