/home/bsc/ameba-rtos-pro2/component/mbed/targets/hal/rtl8735b/snand_api.c:455:1:_snand_bbm_dump_short.isra	32	static
/home/bsc/ameba-rtos-pro2/component/mbed/targets/hal/rtl8735b/snand_api.c:386:1:snand_bbm_init	8	static
/home/bsc/ameba-rtos-pro2/component/mbed/targets/hal/rtl8735b/snand_api.c:501:1:snand_bbm_dump	16	static
/home/bsc/ameba-rtos-pro2/component/mbed/targets/hal/rtl8735b/snand_api.c:532:1:snand_bbm_create	32	static
/home/bsc/ameba-rtos-pro2/component/mbed/targets/hal/rtl8735b/snand_api.c:601:1:snand_bbm_load	24	static
/home/bsc/ameba-rtos-pro2/component/mbed/targets/hal/rtl8735b/snand_api.c:674:1:snand_bbm_store	32	static
/home/bsc/ameba-rtos-pro2/component/mbed/targets/hal/rtl8735b/snand_api.c:748:1:snand_bbm_isBadBlock	16	static
/home/bsc/ameba-rtos-pro2/component/mbed/targets/hal/rtl8735b/snand_api.c:791:1:snand_bbm_markBad	16	static
/home/bsc/ameba-rtos-pro2/component/mbed/targets/hal/rtl8735b/snand_api.c:850:1:snand_bbm_translate	24	static
/home/bsc/ameba-rtos-pro2/component/mbed/targets/hal/rtl8735b/snand_api.c:995:6:snand_pinmux_init	0	static
/home/bsc/ameba-rtos-pro2/component/mbed/targets/hal/rtl8735b/snand_api.c:1038:6:snand_deinit	8	static
/home/bsc/ameba-rtos-pro2/component/mbed/targets/hal/rtl8735b/snand_api.c:1050:6:snand_init	16	static
/home/bsc/ameba-rtos-pro2/component/mbed/targets/hal/rtl8735b/snand_api.c:1171:5:snand_read_id	16	static
/home/bsc/ameba-rtos-pro2/component/mbed/targets/hal/rtl8735b/snand_api.c:1198:5:snand_erase_block	16	static
/home/bsc/ameba-rtos-pro2/component/mbed/targets/hal/rtl8735b/snand_api.c:1238:6:snand_page_read	24	static
/home/bsc/ameba-rtos-pro2/component/mbed/targets/hal/rtl8735b/snand_api.c:1290:5:snand_page_write	24	static
/home/bsc/ameba-rtos-pro2/component/mbed/targets/hal/rtl8735b/snand_api.c:1337:5:snand_get_feature	24	static
/home/bsc/ameba-rtos-pro2/component/mbed/targets/hal/rtl8735b/snand_api.c:1361:5:snand_set_feature	24	static
/home/bsc/ameba-rtos-pro2/component/mbed/targets/hal/rtl8735b/snand_api.c:1378:10:snand_get_size	8	static
/home/bsc/ameba-rtos-pro2/component/mbed/targets/hal/rtl8735b/snand_api.c:1397:6:snand_clk_faster	16	static
/home/bsc/ameba-rtos-pro2/component/mbed/targets/hal/rtl8735b/snand_api.c:1417:6:snand_clk_slower	16	static
/home/bsc/ameba-rtos-pro2/component/mbed/targets/hal/rtl8735b/snand_api.c:1443:6:snand_set_quad_bit_mode	16	static
/home/bsc/ameba-rtos-pro2/component/mbed/targets/hal/rtl8735b/snand_api.c:1470:6:snand_unset_quad_bit_mode	16	static
/home/bsc/ameba-rtos-pro2/component/mbed/targets/hal/rtl8735b/snand_api.c:1496:6:snand_set_lock_mode	16	static
/home/bsc/ameba-rtos-pro2/component/mbed/targets/hal/rtl8735b/snand_api.c:1509:6:snand_global_lock	16	static
/home/bsc/ameba-rtos-pro2/component/mbed/targets/hal/rtl8735b/snand_api.c:1522:6:snand_global_unlock	16	static
/home/bsc/ameba-rtos-pro2/component/mbed/targets/hal/rtl8735b/snand_api.c:1542:6:snand_winbond_cont_read	32	static
