/home/bsc/ameba-rtos-pro2/project/realtek_amebapro2_v0_example/src/mmfv2_video_example/mmf2_video_example_v1_day_night_change_init.c:106:13:md_process	32	static
/home/bsc/ameba-rtos-pro2/project/realtek_amebapro2_v0_example/src/mmfv2_video_example/mmf2_video_example_v1_day_night_change_init.c:121:13:md_osd_cleanup	8	static
/home/bsc/ameba-rtos-pro2/project/realtek_amebapro2_v0_example/src/mmfv2_video_example/mmf2_video_example_v1_day_night_change_init.c:511:13:fUC	32	static
/home/bsc/ameba-rtos-pro2/project/realtek_amebapro2_v0_example/src/mmfv2_video_example/mmf2_video_example_v1_day_night_change_init.c:264:6:mmf2_video_example_v1_day_night_change_init	160	static
