/home/bsc/ameba-rtos-pro2/project/realtek_amebapro2_v0_example/src/mmfv2_video_example/mmf2_video_example_md_mp4_init.c:181:13:mp4_stop_record_callback	8	static
/home/bsc/ameba-rtos-pro2/project/realtek_amebapro2_v0_example/src/mmfv2_video_example/mmf2_video_example_md_mp4_init.c:188:13:md_process	96	static
/home/bsc/ameba-rtos-pro2/project/realtek_amebapro2_v0_example/src/mmfv2_video_example/mmf2_video_example_md_mp4_init.c:535:13:fMD	80	static
/home/bsc/ameba-rtos-pro2/project/realtek_amebapro2_v0_example/src/mmfv2_video_example/mmf2_video_example_md_mp4_init.c:508:13:fUC	48	static
/home/bsc/ameba-rtos-pro2/project/realtek_amebapro2_v0_example/src/mmfv2_video_example/mmf2_video_example_md_mp4_init.c:235:6:mmf2_video_example_md_mp4_init	1224	static
