/home/bsc/ameba-rtos-pro2/project/realtek_amebapro2_v0_example/src/mmfv2_video_example/mmf2_video_example_av_mp4_init.c:128:5:mp4_stop_cb	8	static
/home/bsc/ameba-rtos-pro2/project/realtek_amebapro2_v0_example/src/mmfv2_video_example/mmf2_video_example_av_mp4_init.c:133:5:mp4_end_cb	8	static
/home/bsc/ameba-rtos-pro2/project/realtek_amebapro2_v0_example/src/mmfv2_video_example/mmf2_video_example_av_mp4_init.c:494:13:fUC	40	static
/home/bsc/ameba-rtos-pro2/project/realtek_amebapro2_v0_example/src/mmfv2_video_example/mmf2_video_example_av_mp4_init.c:202:12:set_udta_box	24	static
/home/bsc/ameba-rtos-pro2/project/realtek_amebapro2_v0_example/src/mmfv2_video_example/mmf2_video_example_av_mp4_init.c:221:6:mmf2_video_example_av_mp4_init	96	static
