/home/bsc/ameba-rtos-pro2/project/realtek_amebapro2_v0_example/src/mmfv2_video_example/mmf2_video_example_joint_test_all_nn_rtsp_init.c:221:13:face_cleanup_callback	8	static
/home/bsc/ameba-rtos-pro2/project/realtek_amebapro2_v0_example/src/mmfv2_video_example/mmf2_video_example_joint_test_all_nn_rtsp_init.c:617:13:fFREG	80	static
/home/bsc/ameba-rtos-pro2/project/realtek_amebapro2_v0_example/src/mmfv2_video_example/mmf2_video_example_joint_test_all_nn_rtsp_init.c:660:13:fFRFR	8	static
/home/bsc/ameba-rtos-pro2/project/realtek_amebapro2_v0_example/src/mmfv2_video_example/mmf2_video_example_joint_test_all_nn_rtsp_init.c:650:13:fFRFS	8	static
/home/bsc/ameba-rtos-pro2/project/realtek_amebapro2_v0_example/src/mmfv2_video_example/mmf2_video_example_joint_test_all_nn_rtsp_init.c:640:13:fFRFL	8	static
/home/bsc/ameba-rtos-pro2/project/realtek_amebapro2_v0_example/src/mmfv2_video_example/mmf2_video_example_joint_test_all_nn_rtsp_init.c:630:13:fFRRM	8	static
/home/bsc/ameba-rtos-pro2/project/realtek_amebapro2_v0_example/src/mmfv2_video_example/mmf2_video_example_joint_test_all_nn_rtsp_init.c:230:13:face_draw_object	88	static
/home/bsc/ameba-rtos-pro2/project/realtek_amebapro2_v0_example/src/mmfv2_video_example/mmf2_video_example_joint_test_all_nn_rtsp_init.c:295:13:objdet_draw_object	112	static
/home/bsc/ameba-rtos-pro2/project/realtek_amebapro2_v0_example/src/mmfv2_video_example/mmf2_video_example_joint_test_all_nn_rtsp_init.c:365:6:mmf2_video_example_joint_test_all_nn_rtsp_init	160	static
