/home/bsc/ameba-rtos-pro2/project/realtek_amebapro2_v0_example/src/mmfv2_video_example/mmf2_video_example_joint_test_rtsp_mp4_init_fcs.c:527:5:fcs_snapshot_cb	8	static
/home/bsc/ameba-rtos-pro2/project/realtek_amebapro2_v0_example/src/mmfv2_video_example/mmf2_video_example_joint_test_rtsp_mp4_init_fcs.c:519:6:fcs_info	16	static
/home/bsc/ameba-rtos-pro2/project/realtek_amebapro2_v0_example/src/mmfv2_video_example/mmf2_video_example_joint_test_rtsp_mp4_init_fcs.c:488:28:str_to_value	8	static
/home/bsc/ameba-rtos-pro2/project/realtek_amebapro2_v0_example/src/mmfv2_video_example/mmf2_video_example_joint_test_rtsp_mp4_init_fcs.c:534:6:fcs_avsync.part.0	16	static
/home/bsc/ameba-rtos-pro2/project/realtek_amebapro2_v0_example/src/mmfv2_video_example/mmf2_video_example_joint_test_rtsp_mp4_init_fcs.c:1159:13:fUC	48	static
/home/bsc/ameba-rtos-pro2/project/realtek_amebapro2_v0_example/src/mmfv2_video_example/mmf2_video_example_joint_test_rtsp_mp4_init_fcs.c:397:6:voe_fcs_change_parameters	64	static
/home/bsc/ameba-rtos-pro2/project/realtek_amebapro2_v0_example/src/mmfv2_video_example/mmf2_video_example_joint_test_rtsp_mp4_init_fcs.c:497:6:fcs_change	104	static
/home/bsc/ameba-rtos-pro2/project/realtek_amebapro2_v0_example/src/mmfv2_video_example/mmf2_video_example_joint_test_rtsp_mp4_init_fcs.c:534:6:fcs_avsync	8	static
/home/bsc/ameba-rtos-pro2/project/realtek_amebapro2_v0_example/src/mmfv2_video_example/mmf2_video_example_joint_test_rtsp_mp4_init_fcs.c:695:6:mmf2_video_example_joint_test_rtsp_mp4_init_fcs	112	static
