/home/bsc/ameba-rtos-pro2/component/lwip/lwip_v2.1.2/src/core/ipv4/dhcp.c:1556:1:dhcp_set_state	0	static
/home/bsc/ameba-rtos-pro2/component/lwip/lwip_v2.1.2/src/core/ipv4/dhcp.c:1591:1:dhcp_option_short	0	static
/home/bsc/ameba-rtos-pro2/component/lwip/lwip_v2.1.2/src/core/ipv4/dhcp.c:1600:1:dhcp_option_long	8	static
/home/bsc/ameba-rtos-pro2/component/soc/8735b/fwlib/rtl8735b/include/hal_cache.h:155:22:dcache_clean_invalidate_by_addr	8	static
/home/bsc/ameba-rtos-pro2/component/lwip/lwip_v2.1.2/src/core/ipv4/dhcp.c:2017:1:dhcp_create_msg	32	static
/home/bsc/ameba-rtos-pro2/component/lwip/lwip_v2.1.2/src/core/ipv4/dhcp.c:2109:1:dhcp_option_trailer	24	static
/home/bsc/ameba-rtos-pro2/component/lwip/lwip_v2.1.2/src/core/ipv4/dhcp.c:1399:1:dhcp_reboot	48	static
/home/bsc/ameba-rtos-pro2/component/lwip/lwip_v2.1.2/src/core/ipv4/dhcp.c:1088:1:dhcp_discover	40	static
/home/bsc/ameba-rtos-pro2/component/lwip/lwip_v2.1.2/src/core/ipv4/dhcp.c:312:1:dhcp_check	16	static
/home/bsc/ameba-rtos-pro2/component/lwip/lwip_v2.1.2/src/core/ipv4/dhcp.c:1153:1:dhcp_bind	32	static
/home/bsc/ameba-rtos-pro2/component/lwip/lwip_v2.1.2/src/core/ipv4/dhcp.c:235:1:dhcp_inc_pcb_refcount	16	static
/home/bsc/ameba-rtos-pro2/component/lwip/lwip_v2.1.2/src/core/ipv4/dhcp.c:262:1:dhcp_dec_pcb_refcount	16	static
/home/bsc/ameba-rtos-pro2/component/lwip/lwip_v2.1.2/src/core/ipv4/dhcp.c:669:1:dhcp_handle_ack.isra	24	static
/home/bsc/ameba-rtos-pro2/component/lwip/lwip_v2.1.2/src/core/ipv4/dhcp.c:375:1:dhcp_select.isra	48	static
/home/bsc/ameba-rtos-pro2/component/lwip/lwip_v2.1.2/src/core/ipv4/dhcp.c:1893:1:dhcp_recv	80	static
/home/bsc/ameba-rtos-pro2/component/lwip/lwip_v2.1.2/src/core/ipv4/dhcp.c:760:1:dhcp_set_struct	8	static
/home/bsc/ameba-rtos-pro2/component/lwip/lwip_v2.1.2/src/core/ipv4/dhcp.c:782:6:dhcp_cleanup	8	static
/home/bsc/ameba-rtos-pro2/component/lwip/lwip_v2.1.2/src/core/ipv4/dhcp.c:908:1:dhcp_inform	88	static
/home/bsc/ameba-rtos-pro2/component/lwip/lwip_v2.1.2/src/core/ipv4/dhcp.c:952:1:dhcp_network_changed	16	static
/home/bsc/ameba-rtos-pro2/component/lwip/lwip_v2.1.2/src/core/ipv4/dhcp.c:999:1:dhcp_arp_reply	48	static
/home/bsc/ameba-rtos-pro2/component/lwip/lwip_v2.1.2/src/core/ipv4/dhcp.c:1289:1:dhcp_renew	40	static
/home/bsc/ameba-rtos-pro2/component/lwip/lwip_v2.1.2/src/core/ipv4/dhcp.c:2129:1:dhcp_supplied_address	0	static
/home/bsc/ameba-rtos-pro2/component/lwip/lwip_v2.1.2/src/core/ipv4/dhcp.c:1457:1:dhcp_release_and_stop	40	static
/home/bsc/ameba-rtos-pro2/component/lwip/lwip_v2.1.2/src/core/ipv4/dhcp.c:807:1:dhcp_start	24	static
/home/bsc/ameba-rtos-pro2/component/lwip/lwip_v2.1.2/src/core/ipv4/dhcp.c:446:1:dhcp_coarse_tmr	40	static
/home/bsc/ameba-rtos-pro2/component/lwip/lwip_v2.1.2/src/core/ipv4/dhcp.c:495:1:dhcp_fine_tmr	16	static
/home/bsc/ameba-rtos-pro2/component/lwip/lwip_v2.1.2/src/core/ipv4/dhcp.c:1533:1:dhcp_release	8	static
/home/bsc/ameba-rtos-pro2/component/lwip/lwip_v2.1.2/src/core/ipv4/dhcp.c:1545:1:dhcp_stop	8	static
/home/bsc/ameba-rtos-pro2/component/lwip/lwip_v2.1.2/src/core/ipv4/dhcp.c:2151:12:dhcp_get_retention_gwip	24	static
/home/bsc/ameba-rtos-pro2/component/lwip/lwip_v2.1.2/src/core/ipv4/dhcp.c:2165:5:dhcp_retain	16	static
/home/bsc/ameba-rtos-pro2/component/lwip/lwip_v2.1.2/src/core/ipv4/dhcp.c:2200:5:dhcp_resume	24	static
/home/bsc/ameba-rtos-pro2/component/lwip/lwip_v2.1.2/src/core/ipv4/dhcp.c:2263:9:lwip_check_dhcp_resume	0	static
/home/bsc/ameba-rtos-pro2/component/lwip/lwip_v2.1.2/src/core/ipv4/dhcp.c:2272:9:lwip_set_dhcp_resume_t1	0	static
/home/bsc/ameba-rtos-pro2/component/lwip/lwip_v2.1.2/src/core/ipv4/dhcp.c:2282:9:lwip_set_dhcp_resume_lease_used	0	static
