/home/bsc/ameba-rtos-pro2/component/lwip/lwip_v2.1.2/src/core/ipv4/etharp.c:173:1:etharp_free_entry	16	static
/home/bsc/ameba-rtos-pro2/component/lwip/lwip_v2.1.2/src/core/ipv4/etharp.c:363:1:etharp_find_entry	48	static
/home/bsc/ameba-rtos-pro2/component/lwip/lwip_v2.1.2/src/core/ipv4/etharp.c:533:1:etharp_update_arp_entry	32	static
/home/bsc/ameba-rtos-pro2/component/lwip/lwip_v2.1.2/src/core/ipv4/etharp.c:248:6:etharp_issue_dhcpserver_arp_task	16	static
/home/bsc/ameba-rtos-pro2/component/lwip/lwip_v2.1.2/src/core/ipv4/etharp.c:510:6:etharp_arp_table_clear	8	static
/home/bsc/ameba-rtos-pro2/component/lwip/lwip_v2.1.2/src/core/ipv4/etharp.c:614:1:etharp_add_static_entry	16	static
/home/bsc/ameba-rtos-pro2/component/lwip/lwip_v2.1.2/src/core/ipv4/etharp.c:640:1:etharp_remove_static_entry	8	static
/home/bsc/ameba-rtos-pro2/component/lwip/lwip_v2.1.2/src/core/ipv4/etharp.c:670:1:etharp_cleanup_netif	16	static
/home/bsc/ameba-rtos-pro2/component/lwip/lwip_v2.1.2/src/core/ipv4/etharp.c:694:1:etharp_find_addr	16	static
/home/bsc/ameba-rtos-pro2/component/lwip/lwip_v2.1.2/src/core/ipv4/etharp.c:723:1:etharp_get_entry	16	static
/home/bsc/ameba-rtos-pro2/component/lwip/lwip_v2.1.2/src/core/ipv4/etharp.c:1230:1:etharp_raw	48	static
/home/bsc/ameba-rtos-pro2/component/lwip/lwip_v2.1.2/src/core/ipv4/etharp.c:1320:1:etharp_request_dst	32	static
/home/bsc/ameba-rtos-pro2/component/lwip/lwip_v2.1.2/src/core/ipv4/etharp.c:210:6:etharp_issue_dhcpserver_arp_thread	24	static
/home/bsc/ameba-rtos-pro2/component/lwip/lwip_v2.1.2/src/core/ipv4/etharp.c:256:6:etharp_issue_dhcpserver_arp_function	24	static
/home/bsc/ameba-rtos-pro2/component/lwip/lwip_v2.1.2/src/core/ipv4/etharp.c:752:1:etharp_input	56	static
/home/bsc/ameba-rtos-pro2/component/lwip/lwip_v2.1.2/src/core/ipv4/etharp.c:1337:1:etharp_request	8	static
/home/bsc/ameba-rtos-pro2/component/lwip/lwip_v2.1.2/src/core/ipv4/etharp.c:293:1:etharp_tmr	24	static
/home/bsc/ameba-rtos-pro2/component/lwip/lwip_v2.1.2/src/core/ipv4/etharp.c:872:1:etharp_output_to_arp_index	32	static
/home/bsc/ameba-rtos-pro2/component/lwip/lwip_v2.1.2/src/core/ipv4/etharp.c:1057:1:etharp_query	32	static
/home/bsc/ameba-rtos-pro2/component/lwip/lwip_v2.1.2/src/core/ipv4/etharp.c:915:1:etharp_output	40	static
/home/bsc/ameba-rtos-pro2/component/lwip/lwip_v2.1.2/src/core/ipv4/etharp.c:1349:5:arp_retain	24	static
/home/bsc/ameba-rtos-pro2/component/lwip/lwip_v2.1.2/src/core/ipv4/etharp.c:1367:5:arp_resume	16	static
/home/bsc/ameba-rtos-pro2/component/lwip/lwip_v2.1.2/src/core/ipv4/etharp.c:1381:5:arp_resume_router_gw	72	static
/home/bsc/ameba-rtos-pro2/component/lwip/lwip_v2.1.2/src/core/ipv4/etharp.c:1407:9:lwip_check_arp_resume	0	static
/home/bsc/ameba-rtos-pro2/component/lwip/lwip_v2.1.2/src/core/ipv4/etharp.c:1416:6:arp_table_dump	48	static
