/home/bsc/ameba-rtos-pro2/component/soc/8735b/misc/driver/low_level_io.c:67:6:stdout_task	32	static
/home/bsc/ameba-rtos-pro2/component/soc/8735b/misc/driver/low_level_io.c:14:13:init_stdout_buffer	8	static
/home/bsc/ameba-rtos-pro2/component/soc/8735b/misc/driver/low_level_io.c:39:5:check_in_critical	0	static
/home/bsc/ameba-rtos-pro2/component/soc/8735b/misc/driver/low_level_io.c:89:13:init_stdout_task	16	static
/home/bsc/ameba-rtos-pro2/component/soc/8735b/misc/driver/low_level_io.c:98:6:__write_to_interface_buffer	16	static
/home/bsc/ameba-rtos-pro2/component/soc/8735b/misc/driver/low_level_io.c:128:7:strnchr	12	static
/home/bsc/ameba-rtos-pro2/component/soc/8735b/misc/driver/low_level_io.c:144:13:init_write_lock	8	static
/home/bsc/ameba-rtos-pro2/component/soc/8735b/misc/driver/low_level_io.c:150:6:__write_crlf_lock	8	static
/home/bsc/ameba-rtos-pro2/component/soc/8735b/misc/driver/low_level_io.c:159:6:__write_crlf_unlock	8	static
/home/bsc/ameba-rtos-pro2/component/soc/8735b/misc/driver/low_level_io.c:169:6:__write_to_interface_buffer_with_crlf	32	static
/home/bsc/ameba-rtos-pro2/component/soc/8735b/misc/driver/low_level_io.c:200:8:_write	16	static
/home/bsc/ameba-rtos-pro2/tools/Pro2_PG_tool _v1.4.3/asdk-10.3.0-linux-newlib-build-3638-x86_64/asdk-10.3.0/linux/newlib/arm-none-eabi/include/reent.h:158:17:_write_r	16	static
