/home/bsc/ameba-rtos-pro2/component/network/iperf3/iperf_server_api.c:360:1:server_stats_timer_proc	8	static
/home/bsc/ameba-rtos-pro2/component/network/iperf3/iperf_server_api.c:375:1:server_reporter_timer_proc	8	static
/home/bsc/ameba-rtos-pro2/component/network/iperf3/iperf_server_api.c:337:1:server_timer_proc	8	static
/home/bsc/ameba-rtos-pro2/component/network/iperf3/iperf_server_api.c:435:1:server_omit_timer_proc	16	static
/home/bsc/ameba-rtos-pro2/component/network/iperf3/iperf_server_api.c:486:1:cleanup_server	8	static
/home/bsc/ameba-rtos-pro2/component/network/iperf3/iperf_server_api.c:62:1:iperf_server_listen	24	static
/home/bsc/ameba-rtos-pro2/component/network/iperf3/iperf_server_api.c:113:1:iperf_accept	64	static
/home/bsc/ameba-rtos-pro2/component/network/iperf3/iperf_server_api.c:184:1:iperf_handle_message_server	16	static
/home/bsc/ameba-rtos-pro2/component/network/iperf3/iperf_server_api.c:273:1:iperf_test_reset	24	static
/home/bsc/ameba-rtos-pro2/component/network/iperf3/iperf_server_api.c:525:1:iperf_run_server	112	static
