/home/bsc/ameba-rtos-pro2/component/network/iperf3/iperf_client_api.c:114:1:test_timer_proc	0	static
/home/bsc/ameba-rtos-pro2/component/network/iperf3/iperf_client_api.c:125:1:client_stats_timer_proc	8	static
/home/bsc/ameba-rtos-pro2/component/network/iperf3/iperf_client_api.c:140:1:client_reporter_timer_proc	8	static
/home/bsc/ameba-rtos-pro2/component/network/iperf3/iperf_client_api.c:199:1:client_omit_timer_proc	16	static
/home/bsc/ameba-rtos-pro2/component/network/iperf3/iperf_client_api.c:48:1:iperf_create_streams	24	static
/home/bsc/ameba-rtos-pro2/component/network/iperf3/iperf_client_api.c:361:1:iperf_connect	168	static
/home/bsc/ameba-rtos-pro2/component/network/iperf3/iperf_client_api.c:452:1:iperf_client_end	16	static
/home/bsc/ameba-rtos-pro2/component/network/iperf3/iperf_client_api.c:249:1:iperf_handle_message_client	56	static
/home/bsc/ameba-rtos-pro2/component/network/iperf3/iperf_client_api.c:481:1:iperf_run_client	64	static
