/home/bsc/ameba-rtos-pro2/component/network/iperf3/iperf_util.c:52:5:readentropy	0	static
/home/bsc/ameba-rtos-pro2/component/network/iperf3/iperf_util.c:94:1:make_cookie	8	static
/home/bsc/ameba-rtos-pro2/component/network/iperf3/iperf_util.c:118:1:is_closed	40	static
/home/bsc/ameba-rtos-pro2/component/network/iperf3/iperf_util.c:138:1:timeval_to_double	8	static
/home/bsc/ameba-rtos-pro2/component/network/iperf3/iperf_util.c:148:1:timeval_equals	12	static
/home/bsc/ameba-rtos-pro2/component/network/iperf3/iperf_util.c:158:1:timeval_diff	32	static
/home/bsc/ameba-rtos-pro2/component/network/iperf3/iperf_util.c:210:7:RemoveCRLF	16	static
/home/bsc/ameba-rtos-pro2/component/network/iperf3/iperf_util.c:227:6:cpu_util	560	static
/home/bsc/ameba-rtos-pro2/component/network/iperf3/iperf_util.c:308:1:get_system_info	0	static
/home/bsc/ameba-rtos-pro2/component/network/iperf3/iperf_util.c:329:1:get_optional_features	8	static
/home/bsc/ameba-rtos-pro2/component/network/iperf3/iperf_util.c:433:1:iperf_json_printf	128	static
/home/bsc/ameba-rtos-pro2/component/network/iperf3/iperf_util.c:494:1:iperf_dump_fdset	32	static
