/home/bsc/ameba-rtos-pro2/component/network/iperf3/iperf_api.c:669:1:iperf_on_test_finish	0	static
/home/bsc/ameba-rtos-pro2/component/network/iperf3/iperf_api.c:392:1:check_sender_has_retransmits	8	static
/home/bsc/ameba-rtos-pro2/component/network/iperf3/iperf_api.c:2040:1:JSON_write	24	static
/home/bsc/ameba-rtos-pro2/component/network/iperf3/iperf_api.c:2067:1:JSON_read	24	static
/home/bsc/ameba-rtos-pro2/component/network/iperf3/iperf_api.c:1783:1:send_results	56	static
/home/bsc/ameba-rtos-pro2/component/network/iperf3/iperf_api.c:580:1:mapped_v4_to_regular_v4	8	static
/home/bsc/ameba-rtos-pro2/component/network/iperf3/iperf_api.c:95:5:fprintf_iperf3	12	static
/home/bsc/ameba-rtos-pro2/component/network/iperf3/iperf_api.c:105:1:usage	8	static
/home/bsc/ameba-rtos-pro2/component/network/iperf3/iperf_api.c:112:1:usage_long	16	static
/home/bsc/ameba-rtos-pro2/component/network/iperf3/iperf_api.c:118:6:warning	8	static
/home/bsc/ameba-rtos-pro2/tools/Pro2_PG_tool _v1.4.3/asdk-10.3.0-linux-newlib-build-3638-x86_64/asdk-10.3.0/linux/newlib/arm-none-eabi/include/string.h:84:8:strdup	16	static
/home/bsc/ameba-rtos-pro2/component/network/iperf3/iperf_api.c:1885:1:get_results	72	static
/home/bsc/ameba-rtos-pro2/component/network/iperf3/iperf_api.c:138:1:iperf_get_verbose	0	static
/home/bsc/ameba-rtos-pro2/component/network/iperf3/iperf_api.c:144:1:iperf_get_control_socket	0	static
/home/bsc/ameba-rtos-pro2/component/network/iperf3/iperf_api.c:150:1:iperf_get_control_socket_mss	0	static
/home/bsc/ameba-rtos-pro2/component/network/iperf3/iperf_api.c:156:1:iperf_get_test_omit	0	static
/home/bsc/ameba-rtos-pro2/component/network/iperf3/iperf_api.c:162:1:iperf_get_test_duration	0	static
/home/bsc/ameba-rtos-pro2/component/network/iperf3/iperf_api.c:168:1:iperf_get_test_rate	0	static
/home/bsc/ameba-rtos-pro2/component/network/iperf3/iperf_api.c:174:1:iperf_get_test_fqrate	0	static
/home/bsc/ameba-rtos-pro2/component/network/iperf3/iperf_api.c:180:1:iperf_get_test_burst	0	static
/home/bsc/ameba-rtos-pro2/component/network/iperf3/iperf_api.c:186:1:iperf_get_test_role	0	static
/home/bsc/ameba-rtos-pro2/component/network/iperf3/iperf_api.c:192:1:iperf_get_test_reverse	0	static
/home/bsc/ameba-rtos-pro2/component/network/iperf3/iperf_api.c:198:1:iperf_get_test_blksize	0	static
/home/bsc/ameba-rtos-pro2/component/network/iperf3/iperf_api.c:204:1:iperf_get_test_outfile	0	static
/home/bsc/ameba-rtos-pro2/component/network/iperf3/iperf_api.c:210:1:iperf_get_test_socket_bufsize	0	static
/home/bsc/ameba-rtos-pro2/component/network/iperf3/iperf_api.c:216:1:iperf_get_test_reporter_interval	0	static
/home/bsc/ameba-rtos-pro2/component/network/iperf3/iperf_api.c:222:1:iperf_get_test_stats_interval	0	static
/home/bsc/ameba-rtos-pro2/component/network/iperf3/iperf_api.c:228:1:iperf_get_test_num_streams	0	static
/home/bsc/ameba-rtos-pro2/component/network/iperf3/iperf_api.c:234:1:iperf_get_test_server_port	0	static
/home/bsc/ameba-rtos-pro2/component/network/iperf3/iperf_api.c:240:1:iperf_get_test_server_hostname	0	static
/home/bsc/ameba-rtos-pro2/component/network/iperf3/iperf_api.c:246:1:iperf_get_test_template	0	static
/home/bsc/ameba-rtos-pro2/component/network/iperf3/iperf_api.c:252:1:iperf_get_test_protocol_id	0	static
/home/bsc/ameba-rtos-pro2/component/network/iperf3/iperf_api.c:258:1:iperf_get_test_json_output	0	static
/home/bsc/ameba-rtos-pro2/component/network/iperf3/iperf_api.c:264:1:iperf_get_test_json_output_string	0	static
/home/bsc/ameba-rtos-pro2/component/network/iperf3/iperf_api.c:270:1:iperf_get_test_zerocopy	0	static
/home/bsc/ameba-rtos-pro2/component/network/iperf3/iperf_api.c:276:1:iperf_get_test_get_server_output	0	static
/home/bsc/ameba-rtos-pro2/component/network/iperf3/iperf_api.c:282:1:iperf_get_test_unit_format	0	static
/home/bsc/ameba-rtos-pro2/component/network/iperf3/iperf_api.c:288:1:iperf_get_test_bind_address	0	static
/home/bsc/ameba-rtos-pro2/component/network/iperf3/iperf_api.c:294:1:iperf_get_test_udp_counters_64bit	0	static
/home/bsc/ameba-rtos-pro2/component/network/iperf3/iperf_api.c:300:1:iperf_get_test_one_off	0	static
/home/bsc/ameba-rtos-pro2/component/network/iperf3/iperf_api.c:308:1:iperf_set_verbose	0	static
/home/bsc/ameba-rtos-pro2/component/network/iperf3/iperf_api.c:314:1:iperf_set_control_socket	0	static
/home/bsc/ameba-rtos-pro2/component/network/iperf3/iperf_api.c:320:1:iperf_set_test_omit	0	static
/home/bsc/ameba-rtos-pro2/component/network/iperf3/iperf_api.c:326:1:iperf_set_test_duration	0	static
/home/bsc/ameba-rtos-pro2/component/network/iperf3/iperf_api.c:332:1:iperf_set_test_reporter_interval	0	static
/home/bsc/ameba-rtos-pro2/component/network/iperf3/iperf_api.c:338:1:iperf_set_test_stats_interval	0	static
/home/bsc/ameba-rtos-pro2/component/network/iperf3/iperf_api.c:344:1:iperf_set_test_state	0	static
/home/bsc/ameba-rtos-pro2/component/network/iperf3/iperf_api.c:350:1:iperf_set_test_blksize	0	static
/home/bsc/ameba-rtos-pro2/component/network/iperf3/iperf_api.c:356:1:iperf_set_test_rate	0	static
/home/bsc/ameba-rtos-pro2/component/network/iperf3/iperf_api.c:362:1:iperf_set_test_fqrate	0	static
/home/bsc/ameba-rtos-pro2/component/network/iperf3/iperf_api.c:368:1:iperf_set_test_burst	0	static
/home/bsc/ameba-rtos-pro2/component/network/iperf3/iperf_api.c:374:1:iperf_set_test_server_port	0	static
/home/bsc/ameba-rtos-pro2/component/network/iperf3/iperf_api.c:380:1:iperf_set_test_socket_bufsize	0	static
/home/bsc/ameba-rtos-pro2/component/network/iperf3/iperf_api.c:386:1:iperf_set_test_num_streams	0	static
/home/bsc/ameba-rtos-pro2/component/network/iperf3/iperf_api.c:402:1:iperf_set_test_role	8	static
/home/bsc/ameba-rtos-pro2/component/network/iperf3/iperf_api.c:417:1:iperf_set_test_server_hostname	8	static
/home/bsc/ameba-rtos-pro2/component/network/iperf3/iperf_api.c:433:1:iperf_set_test_template	8	static
/home/bsc/ameba-rtos-pro2/component/network/iperf3/iperf_api.c:449:1:iperf_set_test_reverse	8	static
/home/bsc/ameba-rtos-pro2/component/network/iperf3/iperf_api.c:459:1:iperf_set_test_json_output	0	static
/home/bsc/ameba-rtos-pro2/component/network/iperf3/iperf_api.c:465:1:iperf_has_zerocopy	8	static
/home/bsc/ameba-rtos-pro2/component/network/iperf3/iperf_api.c:471:1:iperf_set_test_zerocopy	8	static
/home/bsc/ameba-rtos-pro2/component/network/iperf3/iperf_api.c:477:1:iperf_set_test_get_server_output	0	static
/home/bsc/ameba-rtos-pro2/component/network/iperf3/iperf_api.c:483:1:iperf_set_test_unit_format	0	static
/home/bsc/ameba-rtos-pro2/component/network/iperf3/iperf_api.c:489:1:iperf_set_test_bind_address	8	static
/home/bsc/ameba-rtos-pro2/component/network/iperf3/iperf_api.c:495:1:iperf_set_test_udp_counters_64bit	0	static
/home/bsc/ameba-rtos-pro2/component/network/iperf3/iperf_api.c:501:1:iperf_set_test_one_off	0	static
/home/bsc/ameba-rtos-pro2/component/network/iperf3/iperf_api.c:509:1:get_protocol	0	static
/home/bsc/ameba-rtos-pro2/component/network/iperf3/iperf_api.c:527:1:set_protocol	8	static
/home/bsc/ameba-rtos-pro2/component/network/iperf3/iperf_api.c:679:1:iperf_parse_arguments	72	static
/home/bsc/ameba-rtos-pro2/component/network/iperf3/iperf_api.c:1240:1:iperf_set_send_state	16	static
/home/bsc/ameba-rtos-pro2/component/network/iperf3/iperf_api.c:1253:1:iperf_check_throttle	32	static
/home/bsc/ameba-rtos-pro2/component/network/iperf3/iperf_api.c:1401:1:send_timer_proc	8	static
/home/bsc/ameba-rtos-pro2/component/network/iperf3/iperf_api.c:1273:1:iperf_send	40	static
/home/bsc/ameba-rtos-pro2/component/network/iperf3/iperf_api.c:1347:1:iperf_recv	24	static
/home/bsc/ameba-rtos-pro2/component/network/iperf3/iperf_api.c:1369:1:iperf_init_test	40	static
/home/bsc/ameba-rtos-pro2/component/network/iperf3/iperf_api.c:1413:1:iperf_create_send_timers	56	static
/home/bsc/ameba-rtos-pro2/component/network/iperf3/iperf_api.c:1471:1:iperf_exchange_parameters	48	static
/home/bsc/ameba-rtos-pro2/component/network/iperf3/iperf_api.c:1542:1:iperf_exchange_results	8	static
/home/bsc/ameba-rtos-pro2/component/network/iperf3/iperf_api.c:2110:1:add_to_interval_list	24	static
/home/bsc/ameba-rtos-pro2/component/network/iperf3/iperf_api.c:2572:1:iperf_stats_callback	160	static
/home/bsc/ameba-rtos-pro2/component/network/iperf3/iperf_api.c:2164:1:iperf_new_test	16	static
/home/bsc/ameba-rtos-pro2/component/network/iperf3/iperf_api.c:2193:1:protocol_new	8	static
/home/bsc/ameba-rtos-pro2/component/network/iperf3/iperf_api.c:2207:1:protocol_free	8	static
/home/bsc/ameba-rtos-pro2/component/network/iperf3/iperf_api.c:2214:1:iperf_defaults	24	static
/home/bsc/ameba-rtos-pro2/component/network/iperf3/iperf_api.c:2532:1:iperf_reset_stats	184	static
/home/bsc/ameba-rtos-pro2/component/network/iperf3/iperf_api.c:3379:1:iperf_free_stream	16	static
/home/bsc/ameba-rtos-pro2/component/network/iperf3/iperf_api.c:2331:1:iperf_free_test	16	static
/home/bsc/ameba-rtos-pro2/component/network/iperf3/iperf_api.c:2449:1:iperf_reset_test	16	static
/home/bsc/ameba-rtos-pro2/component/network/iperf3/iperf_api.c:3540:1:iperf_init_stream	32	static
/home/bsc/ameba-rtos-pro2/component/network/iperf3/iperf_api.c:3581:1:iperf_add_stream	0	static
/home/bsc/ameba-rtos-pro2/component/network/iperf3/iperf_api.c:3409:1:iperf_new_stream	32	static
/home/bsc/ameba-rtos-pro2/component/network/iperf3/iperf_api.c:3671:6:iperf_catch_sigend	16	static
/home/bsc/ameba-rtos-pro2/component/network/iperf3/iperf_api.c:3685:1:iperf_got_sigend	8	static
/home/bsc/ameba-rtos-pro2/component/network/iperf3/iperf_api.c:3714:1:iperf_create_pidfile	0	static
/home/bsc/ameba-rtos-pro2/component/network/iperf3/iperf_api.c:3742:1:iperf_delete_pidfile	0	static
/home/bsc/ameba-rtos-pro2/component/network/iperf3/iperf_api.c:3759:1:iperf_json_start	8	static
/home/bsc/ameba-rtos-pro2/component/network/iperf3/iperf_api.c:3819:1:iperf_setaffinity	0	static
/home/bsc/ameba-rtos-pro2/component/network/iperf3/iperf_api.c:3859:1:iperf_clearaffinity	0	static
/home/bsc/ameba-rtos-pro2/component/network/iperf3/iperf_api.c:3891:1:iperf_printf	1052	static
/home/bsc/ameba-rtos-pro2/component/network/iperf3/iperf_api.c:553:1:iperf_on_test_start	80	static
/home/bsc/ameba-rtos-pro2/component/network/iperf3/iperf_api.c:593:1:iperf_on_connect	200	static
/home/bsc/ameba-rtos-pro2/component/network/iperf3/iperf_api.c:2129:1:connect_msg	152	static
/home/bsc/ameba-rtos-pro2/component/network/iperf3/iperf_api.c:547:1:iperf_on_new_stream	8	static
/home/bsc/ameba-rtos-pro2/component/network/iperf3/iperf_api.c:3932:1:iflush	8	static
/home/bsc/ameba-rtos-pro2/component/network/iperf3/iperf_api.c:2656:1:iperf_print_intermediate	312	static
/home/bsc/ameba-rtos-pro2/component/network/iperf3/iperf_api.c:3248:1:iperf_reporter_callback	304	static
/home/bsc/ameba-rtos-pro2/component/network/iperf3/iperf_api.c:3789:1:iperf_json_finish	8	static
