/home/bsc/ameba-rtos-pro2/component/network/iperf3/timer.c:94:1:list_add	16	static
/home/bsc/ameba-rtos-pro2/component/network/iperf3/timer.c:137:1:list_remove	0	static
/home/bsc/ameba-rtos-pro2/component/network/iperf3/timer.c:161:1:add_usecs	24	static
/home/bsc/ameba-rtos-pro2/component/network/iperf3/timer.c:42:5:gettimeofday_iperf3	8	static
/home/bsc/ameba-rtos-pro2/component/network/iperf3/timer.c:79:1:getnow	8	static
/home/bsc/ameba-rtos-pro2/component/network/iperf3/timer.c:173:1:tmr_create	48	static
/home/bsc/ameba-rtos-pro2/component/network/iperf3/timer.c:206:1:tmr_timeout	32	static
/home/bsc/ameba-rtos-pro2/component/network/iperf3/timer.c:259:1:tmr_reset	32	static
/home/bsc/ameba-rtos-pro2/component/network/iperf3/timer.c:271:1:tmr_cancel	8	static
/home/bsc/ameba-rtos-pro2/component/network/iperf3/timer.c:229:1:tmr_run	32	static
/home/bsc/ameba-rtos-pro2/component/network/iperf3/timer.c:283:1:tmr_cleanup	8	static
/home/bsc/ameba-rtos-pro2/component/network/iperf3/timer.c:296:1:tmr_destroy	8	static
