/home/bsc/ameba-rtos-pro2/component/wifi/api/wifi_conf.c:589:5:wifi_disconnect	16	static
/home/bsc/ameba-rtos-pro2/component/wifi/api/wifi_conf.c:605:5:wifi_is_connected_to_ap	8	static
/home/bsc/ameba-rtos-pro2/component/wifi/api/wifi_conf.c:611:5:wifi_is_running	8	static
/home/bsc/ameba-rtos-pro2/component/wifi/api/wifi_conf.c:617:5:wifi_set_channel	8	static
/home/bsc/ameba-rtos-pro2/component/wifi/api/wifi_conf.c:622:5:wifi_get_channel	8	static
/home/bsc/ameba-rtos-pro2/component/wifi/api/wifi_conf.c:627:15:wifi_country_code_to_channel_plan	0	static
/home/bsc/ameba-rtos-pro2/component/wifi/api/wifi_conf.c:666:6:wifi_set_ap_compatibilty_enabled	0	static
/home/bsc/ameba-rtos-pro2/component/wifi/api/wifi_conf.c:672:6:wifi_set_user_config	8	static
/home/bsc/ameba-rtos-pro2/component/wifi/api/wifi_conf.c:757:5:wifi_get_disconn_reason_code	8	static
/home/bsc/ameba-rtos-pro2/component/wifi/api/wifi_conf.c:762:5:wifi_get_status_code	8	static
/home/bsc/ameba-rtos-pro2/component/wifi/api/wifi_conf.c:105:6:wifi_join_status_debug	64	static
/home/bsc/ameba-rtos-pro2/component/wifi/api/wifi_conf.c:383:6:_wifi_join_status_indicate	8	static
/home/bsc/ameba-rtos-pro2/component/wifi/api/wifi_conf.c:432:5:wifi_connect	24	static
/home/bsc/ameba-rtos-pro2/component/wifi/api/wifi_conf.c:294:6:_wifi_detail_join_status_indicate	32	static
/home/bsc/ameba-rtos-pro2/component/wifi/api/wifi_conf.c:767:19:wifi_get_join_status	0	static
/home/bsc/ameba-rtos-pro2/component/wifi/api/wifi_conf.c:772:6:wifi_set_join_status	0	static
/home/bsc/ameba-rtos-pro2/component/wifi/api/wifi_conf.c:882:5:wifi_off	16	static
/home/bsc/ameba-rtos-pro2/component/wifi/api/wifi_conf.c:939:5:wifi_set_mode	56	static
/home/bsc/ameba-rtos-pro2/component/wifi/api/wifi_conf.c:1102:5:wifi_start_ap	48	static
/home/bsc/ameba-rtos-pro2/component/wifi/api/wifi_conf.c:1240:5:wifi_scan_networks	72	static
/home/bsc/ameba-rtos-pro2/component/wifi/api/wifi_conf.c:1283:5:wifi_set_customized_channel_plan	24	static
/home/bsc/ameba-rtos-pro2/component/wifi/api/wifi_conf.c:777:5:wifi_on	48	static
/home/bsc/ameba-rtos-pro2/component/wifi/api/wifi_conf.c:1289:5:wifi_get_scan_records	8	static
/home/bsc/ameba-rtos-pro2/component/wifi/api/wifi_conf.c:1294:5:wifi_scan_abort	8	static
/home/bsc/ameba-rtos-pro2/component/wifi/api/wifi_conf.c:1299:5:wifi_set_country_code	8	static
/home/bsc/ameba-rtos-pro2/component/wifi/api/wifi_conf.c:1304:5:wifi_set_channel_plan	8	static
/home/bsc/ameba-rtos-pro2/component/wifi/api/wifi_conf.c:1309:6:wifi_set_active_keepalive_enabled	0	static
/home/bsc/ameba-rtos-pro2/component/wifi/api/wifi_conf.c:1315:6:wifi_get_wpa_global_PMK	8	static
/home/bsc/ameba-rtos-pro2/component/wifi/api/wifi_conf.c:1320:5:wifi_connection_abort	8	static
/home/bsc/ameba-rtos-pro2/component/wifi/api/wifi_conf.c:1326:5:wifi_cancel_connection	8	static
