/home/bsc/ameba-rtos-pro2/component/wifi/api/wifi_conf_wowlan.c:56:17:_checksum32	20	static
/home/bsc/ameba-rtos-pro2/component/wifi/api/wifi_conf_wowlan.c:75:17:_checksum32to16	0	static
/home/bsc/ameba-rtos-pro2/component/wifi/api/wifi_conf_wowlan.c:93:5:wifi_set_ssl_offload	24	static
/home/bsc/ameba-rtos-pro2/component/wifi/api/wifi_conf_wowlan.c:101:6:wifi_set_publish_wakeup	8	static
/home/bsc/ameba-rtos-pro2/component/wifi/api/wifi_conf_wowlan.c:107:6:wifi_set_tcpssl_keepalive	8	static
/home/bsc/ameba-rtos-pro2/component/wifi/api/wifi_conf_wowlan.c:113:6:wifi_set_ssl_counter_report	8	static
/home/bsc/ameba-rtos-pro2/component/wifi/api/wifi_conf_wowlan.c:122:5:wifi_wowlan_set_arp_rsp_keep_alive	8	static
/home/bsc/ameba-rtos-pro2/component/wifi/api/wifi_conf_wowlan.c:154:5:wifi_set_tcp_protocol_keepalive	56	static
/home/bsc/ameba-rtos-pro2/component/wifi/api/wifi_conf_wowlan.c:193:6:wifi_set_unicast_wakeup	8	static
/home/bsc/ameba-rtos-pro2/component/wifi/api/wifi_conf_wowlan.c:201:5:wifi_set_tcp_protocol_keepalive_offload	184	static
/home/bsc/ameba-rtos-pro2/component/wifi/api/wifi_conf_wowlan.c:635:6:wifi_set_connectivity_ip	56	static
/home/bsc/ameba-rtos-pro2/component/wifi/api/wifi_conf_wowlan.c:654:5:wifi_set_connectivity_offload	56	static
/home/bsc/ameba-rtos-pro2/component/wifi/api/wifi_conf_wowlan.c:738:5:wifi_set_ntp_offload	168	static
/home/bsc/ameba-rtos-pro2/component/wifi/api/wifi_conf_wowlan.c:896:11:wifi_get_ntp_offload_time	24	static
/home/bsc/ameba-rtos-pro2/component/wifi/api/wifi_conf_wowlan.c:926:5:wifi_wowlan_set_fwdecision_param	16	static
/home/bsc/ameba-rtos-pro2/component/wifi/api/wifi_conf_wowlan.c:955:5:wifi_wowlan_set_wdt	8	static
/home/bsc/ameba-rtos-pro2/component/wifi/api/wifi_conf_wowlan.c:975:5:wifi_wowlan_set_bcn_track	16	static
/home/bsc/ameba-rtos-pro2/component/wifi/api/wifi_conf_wowlan.c:995:5:wifi_wowlan_set_pno_scan_ssid	16	static
/home/bsc/ameba-rtos-pro2/component/wifi/api/wifi_conf_wowlan.c:1010:5:wifi_wowlan_set_pno_another_band_scan_ssid	8	static
/home/bsc/ameba-rtos-pro2/component/wifi/api/wifi_conf_wowlan.c:1028:5:wifi_wowlan_set_pno_scan	24	static
/home/bsc/ameba-rtos-pro2/component/wifi/api/wifi_conf_wowlan.c:1045:5:wifi_wowlan_set_dtimto	24	static
/home/bsc/ameba-rtos-pro2/component/wifi/api/wifi_conf_wowlan.c:1064:5:wifi_wowlan_set_smartdtim	32	static
/home/bsc/ameba-rtos-pro2/component/wifi/api/wifi_conf_wowlan.c:1106:5:wifi_wowlan_set_arpreq_keepalive	8	static
/home/bsc/ameba-rtos-pro2/component/wifi/api/wifi_conf_wowlan.c:1145:5:wifi_set_dhcp_offload	120	static
/home/bsc/ameba-rtos-pro2/component/wifi/api/wifi_conf_wowlan.c:1361:5:wifi_wlan_redl_fw	8	static
/home/bsc/ameba-rtos-pro2/component/wifi/api/wifi_conf_wowlan.c:1370:5:wifi_wowlan_ctrl	16	static
/home/bsc/ameba-rtos-pro2/component/wifi/api/wifi_conf_wowlan.c:1382:6:wifi_wowlan_set_ssl_pattern	8	static
/home/bsc/ameba-rtos-pro2/component/wifi/api/wifi_conf_wowlan.c:1394:6:wifi_wowlan_set_serverkeepalive	8	static
/home/bsc/ameba-rtos-pro2/component/wifi/api/wifi_conf_wowlan.c:1401:6:wifi_wowlan_set_patternoffset	8	static
/home/bsc/ameba-rtos-pro2/component/wifi/api/wifi_conf_wowlan.c:1409:5:wifi_wowlan_set_pattern	160	static
/home/bsc/ameba-rtos-pro2/component/wifi/api/wifi_conf_wowlan.c:136:6:wifi_set_802_11v_bss_pkt_offload	264	static
/home/bsc/ameba-rtos-pro2/component/wifi/api/wifi_conf_wowlan.c:397:5:wifi_set_tcp_keep_alive_offload	416	static
/home/bsc/ameba-rtos-pro2/component/wifi/api/wifi_conf_wowlan.c:1456:6:wifi_read_ntp_current_sec	56	static
