/home/bsc/ameba-rtos-pro2/component/wifi/api/wifi_conf_ext.c:358:6:wifi_autoreconnect_hdl	24	static
/home/bsc/ameba-rtos-pro2/component/wifi/api/wifi_conf_ext.c:103:5:wifi_get_mac_address	8	static
/home/bsc/ameba-rtos-pro2/component/wifi/api/wifi_conf_ext.c:109:5:wifi_btcoex_set_ble_scan_duty	8	static
/home/bsc/ameba-rtos-pro2/component/wifi/api/wifi_conf_ext.c:115:5:wifi_get_associated_client_list	8	static
/home/bsc/ameba-rtos-pro2/component/wifi/api/wifi_conf_ext.c:133:5:wifi_get_setting	40	static
/home/bsc/ameba-rtos-pro2/component/wifi/api/wifi_conf_ext.c:220:5:wifi_fetch_phy_statistic	8	static
/home/bsc/ameba-rtos-pro2/component/wifi/api/wifi_conf_ext.c:225:5:wifi_get_ccmp_key	8	static
/home/bsc/ameba-rtos-pro2/component/wifi/api/wifi_conf_ext.c:230:5:wifi_set_powersave_mode	16	static
/home/bsc/ameba-rtos-pro2/component/wifi/api/wifi_conf_ext.c:250:5:wifi_set_mfp_support	8	static
/home/bsc/ameba-rtos-pro2/component/wifi/api/wifi_conf_ext.c:255:5:wifi_set_group_id	8	static
/home/bsc/ameba-rtos-pro2/component/wifi/api/wifi_conf_ext.c:264:5:wifi_set_network_mode	8	static
/home/bsc/ameba-rtos-pro2/component/wifi/api/wifi_conf_ext.c:401:5:wifi_config_autoreconnect	8	static
/home/bsc/ameba-rtos-pro2/component/wifi/api/wifi_conf_ext.c:415:5:wifi_config_autoreconnect_ms	8	static
/home/bsc/ameba-rtos-pro2/component/wifi/api/wifi_conf_ext.c:429:5:wifi_get_autoreconnect	8	static
/home/bsc/ameba-rtos-pro2/component/wifi/api/wifi_conf_ext.c:468:5:wifi_add_custom_ie	8	static
/home/bsc/ameba-rtos-pro2/component/wifi/api/wifi_conf_ext.c:474:5:wifi_update_custom_ie	8	static
/home/bsc/ameba-rtos-pro2/component/wifi/api/wifi_conf_ext.c:479:5:wifi_del_custom_ie	8	static
/home/bsc/ameba-rtos-pro2/component/wifi/api/wifi_conf_ext.c:485:6:wifi_set_indicate_mgnt	8	static
/home/bsc/ameba-rtos-pro2/component/wifi/api/wifi_conf_ext.c:491:5:wifi_send_raw_frame	8	static
/home/bsc/ameba-rtos-pro2/component/wifi/api/wifi_conf_ext.c:496:5:wifi_init_mac_filter	8	static
/home/bsc/ameba-rtos-pro2/component/wifi/api/wifi_conf_ext.c:501:5:wifi_add_mac_filter	8	static
/home/bsc/ameba-rtos-pro2/component/wifi/api/wifi_conf_ext.c:506:5:wifi_del_mac_filter	8	static
/home/bsc/ameba-rtos-pro2/component/wifi/api/wifi_conf_ext.c:511:5:wifi_get_antenna_info	8	static
/home/bsc/ameba-rtos-pro2/component/wifi/api/wifi_conf_ext.c:524:14:wifi_get_tsf_low	8	static
/home/bsc/ameba-rtos-pro2/component/wifi/api/wifi_conf_ext.c:529:5:wifi_get_txbuf_pkt_num	8	static
/home/bsc/ameba-rtos-pro2/component/wifi/api/wifi_conf_ext.c:534:5:wifi_set_tx_rate_by_ToS	8	static
/home/bsc/ameba-rtos-pro2/component/wifi/api/wifi_conf_ext.c:539:5:wifi_set_EDCA_param	8	static
/home/bsc/ameba-rtos-pro2/component/wifi/api/wifi_conf_ext.c:544:5:wifi_set_TX_CCA	8	static
/home/bsc/ameba-rtos-pro2/component/wifi/api/wifi_conf_ext.c:549:5:wifi_ap_switch_chl_and_inform	8	static
/home/bsc/ameba-rtos-pro2/component/wifi/api/wifi_conf_ext.c:554:5:wifi_set_cts2self_duration_and_send	8	static
/home/bsc/ameba-rtos-pro2/component/wifi/api/wifi_conf_ext.c:565:5:wifi_get_sta_max_data_rate	8	static
/home/bsc/ameba-rtos-pro2/component/wifi/api/wifi_conf_ext.c:570:5:wifi_get_sta_current_data_rate	8	static
/home/bsc/ameba-rtos-pro2/component/wifi/api/wifi_conf_ext.c:581:5:wifi_get_sta_avg_data_rate	8	static
/home/bsc/ameba-rtos-pro2/component/wifi/api/wifi_conf_ext.c:586:6:wifi_set_no_beacon_timeout	8	static
/home/bsc/ameba-rtos-pro2/component/wifi/api/wifi_conf_ext.c:597:5:wifi_change_mac_address_from_ram	8	static
/home/bsc/ameba-rtos-pro2/component/wifi/api/wifi_conf_ext.c:608:5:wifi_set_wifi_mac_address	8	static
/home/bsc/ameba-rtos-pro2/component/wifi/api/wifi_conf_ext.c:618:5:wifi_get_wifi_mac_address	8	static
/home/bsc/ameba-rtos-pro2/component/wifi/api/wifi_conf_ext.c:629:5:wifi_set_bt_mac_address	8	static
/home/bsc/ameba-rtos-pro2/component/wifi/api/wifi_conf_ext.c:639:5:wifi_get_bt_mac_address	8	static
/home/bsc/ameba-rtos-pro2/component/wifi/api/wifi_conf_ext.c:649:5:wifi_get_ap_dtim	8	static
/home/bsc/ameba-rtos-pro2/component/wifi/api/wifi_conf_ext.c:654:5:wifi_csi_config	8	static
/home/bsc/ameba-rtos-pro2/component/wifi/api/wifi_conf_ext.c:661:5:wifi_csi_report	8	static
/home/bsc/ameba-rtos-pro2/component/wifi/api/wifi_conf_ext.c:668:6:wifi_psk_info_set	8	static
/home/bsc/ameba-rtos-pro2/component/wifi/api/wifi_conf_ext.c:673:6:wifi_psk_info_get	8	static
/home/bsc/ameba-rtos-pro2/component/wifi/api/wifi_conf_ext.c:678:4:wifi_driver_is_mp	8	static
/home/bsc/ameba-rtos-pro2/component/wifi/api/wifi_conf_ext.c:683:5:wifi_set_pmk_cache_enable	8	static
/home/bsc/ameba-rtos-pro2/component/wifi/api/wifi_conf_ext.c:278:13:_wifi_autoreconnect_thread	96	static
/home/bsc/ameba-rtos-pro2/component/wifi/api/wifi_conf_ext.c:689:5:wifi_get_sw_statistic	8	static
/home/bsc/ameba-rtos-pro2/component/wifi/api/wifi_conf_ext.c:694:5:wifi_set_wps_phase	8	static
/home/bsc/ameba-rtos-pro2/component/wifi/api/wifi_conf_ext.c:699:5:wifi_set_gen_ie	8	static
/home/bsc/ameba-rtos-pro2/component/wifi/api/wifi_conf_ext.c:708:5:wifi_set_eap_phase	8	static
/home/bsc/ameba-rtos-pro2/component/wifi/api/wifi_conf_ext.c:717:15:wifi_get_eap_phase	8	static
/home/bsc/ameba-rtos-pro2/component/wifi/api/wifi_conf_ext.c:726:5:wifi_set_eap_method	8	static
/home/bsc/ameba-rtos-pro2/component/wifi/api/wifi_conf_ext.c:735:5:wifi_send_eapol	8	static
/home/bsc/ameba-rtos-pro2/component/wifi/api/wifi_conf_ext.c:747:14:wifi_get_band_type	8	static
/home/bsc/ameba-rtos-pro2/component/wifi/api/wifi_conf_ext.c:762:5:wifi_get_auto_chl	8	static
/home/bsc/ameba-rtos-pro2/component/wifi/api/wifi_conf_ext.c:767:5:wifi_del_station	8	static
/home/bsc/ameba-rtos-pro2/component/wifi/api/wifi_conf_ext.c:772:5:wifi_set_ra_start_rate	8	static
/home/bsc/ameba-rtos-pro2/component/wifi/api/wifi_conf_ext.c:777:5:wifi_set_ra_max_rate	8	static
/home/bsc/ameba-rtos-pro2/component/wifi/api/wifi_conf_ext.c:782:5:wifi_set_ra_1st_fallback_step	8	static
/home/bsc/ameba-rtos-pro2/component/wifi/api/wifi_conf_ext.c:787:5:wifi_get_ap_mac_address	24	static
/home/bsc/ameba-rtos-pro2/component/wifi/api/wifi_conf_ext.c:806:6:wifi_set_scan_time	8	static
/home/bsc/ameba-rtos-pro2/component/wifi/api/wifi_conf_ext.c:811:6:wifi_set_rts	8	static
/home/bsc/ameba-rtos-pro2/component/wifi/api/wifi_conf_ext.c:816:5:wifi_set_retry_limit	8	static
/home/bsc/ameba-rtos-pro2/component/wifi/api/wifi_conf_ext.c:821:5:wifi_get_router_wps_info	8	static
/home/bsc/ameba-rtos-pro2/component/wifi/api/wifi_conf_ext.c:827:5:wifi_issue_nulldata	8	static
/home/bsc/ameba-rtos-pro2/component/wifi/api/wifi_conf_ext.c:833:5:wifi_get_rx_queue_count	8	static
/home/bsc/ameba-rtos-pro2/component/wifi/api/wifi_conf_ext.c:841:6:wifi_power_hci_axi_deinit	8	static
