/home/bsc/ameba-rtos-pro2/component/at_cmd/atcmd_wifi.c:1642:6:fATWw	0	static
/home/bsc/ameba-rtos-pro2/component/at_cmd/atcmd_wifi.c:174:13:init_wifi_struct	24	static
/home/bsc/ameba-rtos-pro2/component/at_cmd/atcmd_wifi.c:438:6:fATWD	192	static
/home/bsc/ameba-rtos-pro2/component/at_cmd/atcmd_wifi.c:916:6:fATW5	16	static
/home/bsc/ameba-rtos-pro2/component/at_cmd/atcmd_wifi.c:553:6:fATWS	256	static
/home/bsc/ameba-rtos-pro2/component/at_cmd/atcmd_wifi.c:252:21:app_scan_result_handler	56	static
/home/bsc/ameba-rtos-pro2/component/at_cmd/atcmd_wifi.c:3335:6:fATWL	8	static
/home/bsc/ameba-rtos-pro2/component/at_cmd/atcmd_wifi.c:3398:6:fATWT	8	static
/home/bsc/ameba-rtos-pro2/component/at_cmd/atcmd_wifi.c:3457:6:fATWU	8	static
/home/bsc/ameba-rtos-pro2/component/at_cmd/atcmd_wifi.c:634:6:fATWx	312	static
/home/bsc/ameba-rtos-pro2/component/at_cmd/atcmd_wifi.c:830:6:fATW1	24	static
/home/bsc/ameba-rtos-pro2/component/at_cmd/atcmd_wifi.c:848:6:fATW2	16	static
/home/bsc/ameba-rtos-pro2/component/at_cmd/atcmd_wifi.c:952:6:fATW7	16	static
/home/bsc/ameba-rtos-pro2/component/at_cmd/atcmd_wifi.c:931:6:fATW6	64	static
/home/bsc/ameba-rtos-pro2/component/at_cmd/atcmd_wifi.c:971:6:fATWf	8	static
/home/bsc/ameba-rtos-pro2/component/at_cmd/atcmd_wifi.c:998:6:fATWr	16	static
/home/bsc/ameba-rtos-pro2/component/at_cmd/atcmd_wifi.c:1014:6:fATWd	16	static
/home/bsc/ameba-rtos-pro2/component/at_cmd/atcmd_wifi.c:1040:6:fATW8	8	static
/home/bsc/ameba-rtos-pro2/component/at_cmd/atcmd_wifi.c:1086:6:fATWA	200	static
/home/bsc/ameba-rtos-pro2/component/at_cmd/atcmd_wifi.c:1428:6:fATWB	200	static
/home/bsc/ameba-rtos-pro2/component/at_cmd/atcmd_wifi.c:1525:6:fATWa	200	static
/home/bsc/ameba-rtos-pro2/component/at_cmd/atcmd_wifi.c:1211:6:fATWC	224	static
/home/bsc/ameba-rtos-pro2/component/at_cmd/atcmd_wifi.c:1385:6:fATWR	48	static
/home/bsc/ameba-rtos-pro2/component/at_cmd/atcmd_wifi.c:1397:6:fATWY	48	static
/home/bsc/ameba-rtos-pro2/component/at_cmd/atcmd_wifi.c:1608:6:fATWM	80	static
/home/bsc/ameba-rtos-pro2/component/at_cmd/atcmd_wifi.c:1624:6:fATWW	24	static
/home/bsc/ameba-rtos-pro2/component/at_cmd/atcmd_wifi.c:1774:6:fATWZ	88	static
/home/bsc/ameba-rtos-pro2/component/at_cmd/atcmd_wifi.c:1819:6:fATXP	88	static
/home/bsc/ameba-rtos-pro2/component/at_cmd/atcmd_wifi.c:1884:6:fATPE	96	static
/home/bsc/ameba-rtos-pro2/component/at_cmd/atcmd_wifi.c:809:6:fATW0	24	static
/home/bsc/ameba-rtos-pro2/component/at_cmd/atcmd_wifi.c:868:6:fATW3	24	static
/home/bsc/ameba-rtos-pro2/component/at_cmd/atcmd_wifi.c:892:6:fATW4	24	static
/home/bsc/ameba-rtos-pro2/component/at_cmd/atcmd_wifi.c:1408:6:fATWP	8	static
/home/bsc/ameba-rtos-pro2/component/at_cmd/atcmd_wifi.c:3361:6:fATWI	80	static
/home/bsc/ameba-rtos-pro2/component/at_cmd/atcmd_wifi.c:1862:6:print_wlan_help	8	static
/home/bsc/ameba-rtos-pro2/component/at_cmd/atcmd_wifi.c:3389:12:cmd_iperf3	8	static
/home/bsc/ameba-rtos-pro2/component/at_cmd/atcmd_wifi.c:3624:6:at_wifi_init	8	static
