/home/bsc/ameba-rtos-pro2/component/soc/8735b/fwlib/rtl8735b/include/hal_uart.h:168:6:hal_uart_wputc	8	static
/home/bsc/ameba-rtos-pro2/component/soc/8735b/fwlib/rtl8735b/include/hal_uart.h:274:21:hal_uart_rgetc	8	static
/home/bsc/ameba-rtos-pro2/project/realtek_amebapro2_v0_example/src/main.c:17:14:__wrap_hal_pinmux_register	16	static
/home/bsc/ameba-rtos-pro2/project/realtek_amebapro2_v0_example/src/main.c:99:6:log_uart_port_init	16	static
/home/bsc/ameba-rtos-pro2/project/realtek_amebapro2_v0_example/src/main.c:130:13:app_example	0	static
/home/bsc/ameba-rtos-pro2/project/realtek_amebapro2_v0_example/src/main.c:132:6:setup	8	static
/home/bsc/ameba-rtos-pro2/project/realtek_amebapro2_v0_example/src/main.c:153:6:set_initial_tick_count	16	static
/home/bsc/ameba-rtos-pro2/project/realtek_amebapro2_v0_example/src/main.c:175:6:main	8	static
