/home/bsc/ameba-rtos-pro2/project/realtek_amebapro2_v0_example/src/test_model/nn_utils/quantize.c:7:7:u8_to_f	0	static
/home/bsc/ameba-rtos-pro2/project/realtek_amebapro2_v0_example/src/test_model/nn_utils/quantize.c:12:7:s8_to_f	0	static
/home/bsc/ameba-rtos-pro2/project/realtek_amebapro2_v0_example/src/test_model/nn_utils/quantize.c:22:7:s16_to_f	0	static
/home/bsc/ameba-rtos-pro2/project/realtek_amebapro2_v0_example/src/test_model/nn_utils/quantize.c:32:7:bf16_to_f	0	static
/home/bsc/ameba-rtos-pro2/project/realtek_amebapro2_v0_example/src/test_model/nn_utils/quantize.c:37:7:q2f	8	static
/home/bsc/ameba-rtos-pro2/project/realtek_amebapro2_v0_example/src/test_model/nn_utils/quantize.c:68:9:f_to_u8	0	static
/home/bsc/ameba-rtos-pro2/project/realtek_amebapro2_v0_example/src/test_model/nn_utils/quantize.c:73:8:f_to_s8	8	static
/home/bsc/ameba-rtos-pro2/project/realtek_amebapro2_v0_example/src/test_model/nn_utils/quantize.c:83:9:f_to_s16	0	static
/home/bsc/ameba-rtos-pro2/project/realtek_amebapro2_v0_example/src/test_model/nn_utils/quantize.c:93:8:f_to_bf16	0	static
